<html>
<body>
<pre>
<h1>µVision Build Log</h1>
<h2>Project:</h2>
C:\Users\Administrator\Desktop\MH1903S¿ª·¢Ì×¼þ\SDK\ModuleDemo\DMA\DMA_P2M\Project\MDK-ARM(uV4)\Project.uvproj
Project File Date:  09/09/2021

<h2>Output:</h2>
compiling main.c...
..\..\User\main.c(54): error:  #513: a value of type "UART_TypeDef *" cannot be assigned to an entity of type "uint32_t"
..\..\User\main.c - 1 Error(s), 0 Warning(s).
Build target 'RAM'
compiling main.c...
..\..\User\main.c(54): error:  #513: a value of type "UART_TypeDef *" cannot be assigned to an entity of type "uint32_t"
compiling mhscpu_dma.c...
Target not created
compiling main.c...
..\..\User\main.c - 0 Error(s), 0 Warning(s).
Build target 'RAM'
linking...
Program Size: Code=8400 RO-data=328 RW-data=8 ZI-data=33808  
FromELF: creating hex file...
".\RAM\Obj\Project.axf" - 0 Error(s), 0 Warning(s).
compiling main.c...
..\..\User\main.c - 0 Error(s), 0 Warning(s).
Build target 'RAM'
linking...
Program Size: Code=8444 RO-data=328 RW-data=8 ZI-data=33808  
FromELF: creating hex file...
".\RAM\Obj\Project.axf" - 0 Error(s), 0 Warning(s).
Build target 'RAM'
compiling main.c...
linking...
Program Size: Code=8460 RO-data=328 RW-data=8 ZI-data=33808  
FromELF: creating hex file...
".\RAM\Obj\Project.axf" - 0 Error(s), 0 Warning(s).
Build target 'RAM'
compiling main.c...
linking...
Program Size: Code=8484 RO-data=328 RW-data=8 ZI-data=33808  
FromELF: creating hex file...
".\RAM\Obj\Project.axf" - 0 Error(s), 0 Warning(s).
Build target 'RAM'
compiling main.c...
linking...
Program Size: Code=8504 RO-data=328 RW-data=8 ZI-data=33808  
FromELF: creating hex file...
".\RAM\Obj\Project.axf" - 0 Error(s), 0 Warning(s).
Build target 'RAM'
compiling mhscpu_uart.c...
..\..\..\..\..\Libraries\MHSCPU_Driver\src\mhscpu_uart.c(74): error:  #136: struct "<unnamed>" has no field "FCR"
Target not created
Build target 'RAM'
compiling mhscpu_uart.c...
linking...
Program Size: Code=8512 RO-data=328 RW-data=8 ZI-data=33808  
FromELF: creating hex file...
".\RAM\Obj\Project.axf" - 0 Error(s), 0 Warning(s).
