<html>
<body>
<pre>
<h1>µVision Build Log</h1>
<h2>Project:</h2>
C:\Users\Administrator\Desktop\MH1903S¿ª·¢Ì×¼þ\SDK\ModuleDemo\Keyboard\Keyboard_Overrun_Interrupt\Project\MDK-ARM(uV4)\Project.uvproj
Project File Date:  09/02/2021

<h2>Output:</h2>
Build target 'Flash'
compiling main.c...
compiling mhscpu_it.c...
linking...
Program Size: Code=7744 RO-data=328 RW-data=8 ZI-data=32784  
FromELF: creating hex file...
".\Flash\Obj\Keyboard_Overrun_Interrupt.axf" - 0 Error(s), 0 Warning(s).
Build target 'Flash'
compiling mhscpu_it.c...
linking...
Program Size: Code=7752 RO-data=328 RW-data=8 ZI-data=32784  
FromELF: creating hex file...
".\Flash\Obj\Keyboard_Overrun_Interrupt.axf" - 0 Error(s), 0 Warning(s).
Build target 'Flash'
compiling main.c...
compiling mhscpu_it.c...
..\..\User\mhscpu_it.c(119): warning:  #550-D: variable "tmpEvenReg" was set but never used
linking...
Program Size: Code=6184 RO-data=328 RW-data=4 ZI-data=32780  
FromELF: creating hex file...
".\Flash\Obj\Keyboard_Overrun_Interrupt.axf" - 0 Error(s), 1 Warning(s).
