<!doctype html public "-//w3c//dtd html 4.0 transitional//en">
<html><head>
<title>Static Call Graph - [.\Flash\Obj\Project.axf]</title></head>
<body><HR>
<H1>Static Call Graph for image .\Flash\Obj\Project.axf</H1><HR>
<BR><P>#&#060CALLGRAPH&#062# ARM Linker, 5.02 [Build 28]: Last Updated: Mon Aug 30 16:46:03 2021
<BR><P>
<H3>Maximum Stack Usage =        128 bytes + Unknown(Cycles, Untraceable Function Pointers)</H3><H3>
Call chain for Maximum Stack Depth:</H3>
main &rArr; UART_Configuration &rArr; GPIO_PinRemapConfig &rArr; GPIO_GetGPIONum
<P>
<H3>
Mutually Recursive functions
</H3> <LI><a href="#[1d]">ADC0_IRQHandler</a>&nbsp;&nbsp;&nbsp;&rArr;&nbsp;&nbsp;&nbsp;<a href="#[1d]">ADC0_IRQHandler</a><BR>
</UL>
<P>
<H3>
Function Pointers
</H3><UL>
 <LI><a href="#[1d]">ADC0_IRQHandler</a> from startup_mhscpu.o(.text) referenced from startup_mhscpu.o(RESET)
 <LI><a href="#[32]">AWD_IRQHandler</a> from startup_mhscpu.o(.text) referenced from startup_mhscpu.o(RESET)
 <LI><a href="#[4]">BusFault_Handler</a> from mhscpu_it.o(i.BusFault_Handler) referenced from startup_mhscpu.o(RESET)
 <LI><a href="#[12]">CRYPT0_IRQHandler</a> from startup_mhscpu.o(.text) referenced from startup_mhscpu.o(RESET)
 <LI><a href="#[33]">DAC_IRQHandler</a> from startup_mhscpu.o(.text) referenced from startup_mhscpu.o(RESET)
 <LI><a href="#[2f]">DCMI_IRQHandler</a> from startup_mhscpu.o(.text) referenced from startup_mhscpu.o(RESET)
 <LI><a href="#[a]">DMA0_IRQHandler</a> from startup_mhscpu.o(.text) referenced from startup_mhscpu.o(RESET)
 <LI><a href="#[7]">DebugMon_Handler</a> from mhscpu_it.o(i.DebugMon_Handler) referenced from startup_mhscpu.o(RESET)
 <LI><a href="#[17]">EXTI0_IRQHandler</a> from startup_mhscpu.o(.text) referenced from startup_mhscpu.o(RESET)
 <LI><a href="#[18]">EXTI1_IRQHandler</a> from startup_mhscpu.o(.text) referenced from startup_mhscpu.o(RESET)
 <LI><a href="#[19]">EXTI2_IRQHandler</a> from startup_mhscpu.o(.text) referenced from startup_mhscpu.o(RESET)
 <LI><a href="#[23]">EXTI3_IRQHandler</a> from startup_mhscpu.o(.text) referenced from startup_mhscpu.o(RESET)
 <LI><a href="#[2b]">EXTI4_IRQHandler</a> from startup_mhscpu.o(.text) referenced from startup_mhscpu.o(RESET)
 <LI><a href="#[2c]">EXTI5_IRQHandler</a> from startup_mhscpu.o(.text) referenced from startup_mhscpu.o(RESET)
 <LI><a href="#[31]">GPU_IRQHandler</a> from startup_mhscpu.o(.text) referenced from startup_mhscpu.o(RESET)
 <LI><a href="#[2]">HardFault_Handler</a> from mhscpu_it.o(i.HardFault_Handler) referenced from startup_mhscpu.o(RESET)
 <LI><a href="#[2a]">I2C0_IRQHandler</a> from startup_mhscpu.o(.text) referenced from startup_mhscpu.o(RESET)
 <LI><a href="#[21]">KEYBOARD_IRQHandler</a> from startup_mhscpu.o(.text) referenced from startup_mhscpu.o(RESET)
 <LI><a href="#[d]">LCD_IRQHandler</a> from startup_mhscpu.o(.text) referenced from startup_mhscpu.o(RESET)
 <LI><a href="#[22]">MSR_IRQHandler</a> from startup_mhscpu.o(.text) referenced from startup_mhscpu.o(RESET)
 <LI><a href="#[3]">MemManage_Handler</a> from mhscpu_it.o(i.MemManage_Handler) referenced from startup_mhscpu.o(RESET)
 <LI><a href="#[1]">NMI_Handler</a> from mhscpu_it.o(i.NMI_Handler) referenced from startup_mhscpu.o(RESET)
 <LI><a href="#[8]">PendSV_Handler</a> from mhscpu_it.o(i.PendSV_Handler) referenced from startup_mhscpu.o(RESET)
 <LI><a href="#[30]">QR_IRQHandler</a> from startup_mhscpu.o(.text) referenced from startup_mhscpu.o(RESET)
 <LI><a href="#[29]">QSPI_IRQHandler</a> from startup_mhscpu.o(.text) referenced from startup_mhscpu.o(RESET)
 <LI><a href="#[1a]">RTC_IRQHandler</a> from startup_mhscpu.o(.text) referenced from startup_mhscpu.o(RESET)
 <LI><a href="#[0]">Reset_Handler</a> from startup_mhscpu.o(.text) referenced from startup_mhscpu.o(RESET)
 <LI><a href="#[e]">SCI0_IRQHandler</a> from startup_mhscpu.o(.text) referenced from startup_mhscpu.o(RESET)
 <LI><a href="#[26]">SCI2_IRQHandler</a> from startup_mhscpu.o(.text) referenced from startup_mhscpu.o(RESET)
 <LI><a href="#[1b]">SENSOR_IRQHandler</a> from startup_mhscpu.o(.text) referenced from startup_mhscpu.o(RESET)
 <LI><a href="#[11]">SPI0_IRQHandler</a> from startup_mhscpu.o(.text) referenced from startup_mhscpu.o(RESET)
 <LI><a href="#[24]">SPI1_IRQHandler</a> from startup_mhscpu.o(.text) referenced from startup_mhscpu.o(RESET)
 <LI><a href="#[25]">SPI2_IRQHandler</a> from startup_mhscpu.o(.text) referenced from startup_mhscpu.o(RESET)
 <LI><a href="#[34]">SPI5_IRQHandler</a> from startup_mhscpu.o(.text) referenced from startup_mhscpu.o(RESET)
 <LI><a href="#[1e]">SSC_IRQHandler</a> from startup_mhscpu.o(.text) referenced from startup_mhscpu.o(RESET)
 <LI><a href="#[6]">SVC_Handler</a> from mhscpu_it.o(i.SVC_Handler) referenced from startup_mhscpu.o(RESET)
 <LI><a href="#[9]">SysTick_Handler</a> from mhscpu_it.o(i.SysTick_Handler) referenced from startup_mhscpu.o(RESET)
 <LI><a href="#[36]">SystemInit</a> from system_mhscpu.o(i.SystemInit) referenced from startup_mhscpu.o(.text)
 <LI><a href="#[13]">TIM0_0_IRQHandler</a> from startup_mhscpu.o(.text) referenced from startup_mhscpu.o(RESET)
 <LI><a href="#[14]">TIM0_1_IRQHandler</a> from startup_mhscpu.o(.text) referenced from startup_mhscpu.o(RESET)
 <LI><a href="#[15]">TIM0_2_IRQHandler</a> from startup_mhscpu.o(.text) referenced from startup_mhscpu.o(RESET)
 <LI><a href="#[16]">TIM0_3_IRQHandler</a> from startup_mhscpu.o(.text) referenced from startup_mhscpu.o(RESET)
 <LI><a href="#[1f]">TIM0_4_IRQHandler</a> from startup_mhscpu.o(.text) referenced from startup_mhscpu.o(RESET)
 <LI><a href="#[20]">TIM0_5_IRQHandler</a> from startup_mhscpu.o(.text) referenced from startup_mhscpu.o(RESET)
 <LI><a href="#[2d]">TIM0_6_IRQHandler</a> from startup_mhscpu.o(.text) referenced from startup_mhscpu.o(RESET)
 <LI><a href="#[2e]">TIM0_7_IRQHandler</a> from startup_mhscpu.o(.text) referenced from startup_mhscpu.o(RESET)
 <LI><a href="#[1c]">TRNG_IRQHandler</a> from startup_mhscpu.o(.text) referenced from startup_mhscpu.o(RESET)
 <LI><a href="#[f]">UART0_IRQHandler</a> from mhscpu_it.o(i.UART0_IRQHandler) referenced from startup_mhscpu.o(RESET)
 <LI><a href="#[10]">UART1_IRQHandler</a> from startup_mhscpu.o(.text) referenced from startup_mhscpu.o(RESET)
 <LI><a href="#[27]">UART2_IRQHandler</a> from startup_mhscpu.o(.text) referenced from startup_mhscpu.o(RESET)
 <LI><a href="#[28]">UART3_IRQHandler</a> from startup_mhscpu.o(.text) referenced from startup_mhscpu.o(RESET)
 <LI><a href="#[c]">USBDMA_IRQHandler</a> from startup_mhscpu.o(.text) referenced from startup_mhscpu.o(RESET)
 <LI><a href="#[b]">USB_IRQHandler</a> from startup_mhscpu.o(.text) referenced from startup_mhscpu.o(RESET)
 <LI><a href="#[5]">UsageFault_Handler</a> from mhscpu_it.o(i.UsageFault_Handler) referenced from startup_mhscpu.o(RESET)
 <LI><a href="#[37]">__main</a> from entry.o(.ARM.Collect$$$$00000000) referenced from startup_mhscpu.o(.text)
 <LI><a href="#[38]">fputc</a> from main.o(i.fputc) referenced from printfb.o(i.__0printf$bare)
 <LI><a href="#[35]">main</a> from main.o(i.main) referenced from entry8.o(.ARM.Collect$$$$00000009)
</UL>
<P>
<H3>
Global Symbols
</H3>
<P><STRONG><a name="[37]"></a>__main</STRONG> (Thumb, 0 bytes, Stack size unknown bytes, entry.o(.ARM.Collect$$$$00000000))
<BR>[Address Reference Count : 1]<UL><LI> startup_mhscpu.o(.text)
</UL>
<P><STRONG><a name="[58]"></a>_main_stk</STRONG> (Thumb, 0 bytes, Stack size unknown bytes, entry2.o(.ARM.Collect$$$$00000001))

<P><STRONG><a name="[39]"></a>_main_scatterload</STRONG> (Thumb, 0 bytes, Stack size unknown bytes, entry5.o(.ARM.Collect$$$$00000004))
<BR><BR>[Calls]<UL><LI><a href="#[3a]">&gt;&gt;</a>&nbsp;&nbsp;&nbsp;__scatterload
</UL>

<P><STRONG><a name="[3e]"></a>__main_after_scatterload</STRONG> (Thumb, 0 bytes, Stack size unknown bytes, entry5.o(.ARM.Collect$$$$00000004))
<BR><BR>[Called By]<UL><LI><a href="#[3a]">&gt;&gt;</a>&nbsp;&nbsp;&nbsp;__scatterload
</UL>

<P><STRONG><a name="[59]"></a>_main_clock</STRONG> (Thumb, 0 bytes, Stack size unknown bytes, entry7b.o(.ARM.Collect$$$$00000008))

<P><STRONG><a name="[5a]"></a>_main_init</STRONG> (Thumb, 0 bytes, Stack size unknown bytes, entry8.o(.ARM.Collect$$$$00000009))

<P><STRONG><a name="[0]"></a>Reset_Handler</STRONG> (Thumb, 18 bytes, Stack size 0 bytes, startup_mhscpu.o(.text))
<BR>[Address Reference Count : 1]<UL><LI> startup_mhscpu.o(RESET)
</UL>
<P><STRONG><a name="[1d]"></a>ADC0_IRQHandler</STRONG> (Thumb, 0 bytes, Stack size 0 bytes, startup_mhscpu.o(.text))
<BR><BR>[Calls]<UL><LI><a href="#[1d]">&gt;&gt;</a>&nbsp;&nbsp;&nbsp;ADC0_IRQHandler
</UL>
<BR>[Called By]<UL><LI><a href="#[1d]">&gt;&gt;</a>&nbsp;&nbsp;&nbsp;ADC0_IRQHandler
</UL>
<BR>[Address Reference Count : 1]<UL><LI> startup_mhscpu.o(RESET)
</UL>
<P><STRONG><a name="[32]"></a>AWD_IRQHandler</STRONG> (Thumb, 0 bytes, Stack size 0 bytes, startup_mhscpu.o(.text))
<BR>[Address Reference Count : 1]<UL><LI> startup_mhscpu.o(RESET)
</UL>
<P><STRONG><a name="[12]"></a>CRYPT0_IRQHandler</STRONG> (Thumb, 0 bytes, Stack size 0 bytes, startup_mhscpu.o(.text))
<BR>[Address Reference Count : 1]<UL><LI> startup_mhscpu.o(RESET)
</UL>
<P><STRONG><a name="[33]"></a>DAC_IRQHandler</STRONG> (Thumb, 0 bytes, Stack size 0 bytes, startup_mhscpu.o(.text))
<BR>[Address Reference Count : 1]<UL><LI> startup_mhscpu.o(RESET)
</UL>
<P><STRONG><a name="[2f]"></a>DCMI_IRQHandler</STRONG> (Thumb, 0 bytes, Stack size 0 bytes, startup_mhscpu.o(.text))
<BR>[Address Reference Count : 1]<UL><LI> startup_mhscpu.o(RESET)
</UL>
<P><STRONG><a name="[a]"></a>DMA0_IRQHandler</STRONG> (Thumb, 0 bytes, Stack size 0 bytes, startup_mhscpu.o(.text))
<BR>[Address Reference Count : 1]<UL><LI> startup_mhscpu.o(RESET)
</UL>
<P><STRONG><a name="[17]"></a>EXTI0_IRQHandler</STRONG> (Thumb, 0 bytes, Stack size 0 bytes, startup_mhscpu.o(.text))
<BR>[Address Reference Count : 1]<UL><LI> startup_mhscpu.o(RESET)
</UL>
<P><STRONG><a name="[18]"></a>EXTI1_IRQHandler</STRONG> (Thumb, 0 bytes, Stack size 0 bytes, startup_mhscpu.o(.text))
<BR>[Address Reference Count : 1]<UL><LI> startup_mhscpu.o(RESET)
</UL>
<P><STRONG><a name="[19]"></a>EXTI2_IRQHandler</STRONG> (Thumb, 0 bytes, Stack size 0 bytes, startup_mhscpu.o(.text))
<BR>[Address Reference Count : 1]<UL><LI> startup_mhscpu.o(RESET)
</UL>
<P><STRONG><a name="[23]"></a>EXTI3_IRQHandler</STRONG> (Thumb, 0 bytes, Stack size 0 bytes, startup_mhscpu.o(.text))
<BR>[Address Reference Count : 1]<UL><LI> startup_mhscpu.o(RESET)
</UL>
<P><STRONG><a name="[2b]"></a>EXTI4_IRQHandler</STRONG> (Thumb, 0 bytes, Stack size 0 bytes, startup_mhscpu.o(.text))
<BR>[Address Reference Count : 1]<UL><LI> startup_mhscpu.o(RESET)
</UL>
<P><STRONG><a name="[2c]"></a>EXTI5_IRQHandler</STRONG> (Thumb, 0 bytes, Stack size 0 bytes, startup_mhscpu.o(.text))
<BR>[Address Reference Count : 1]<UL><LI> startup_mhscpu.o(RESET)
</UL>
<P><STRONG><a name="[31]"></a>GPU_IRQHandler</STRONG> (Thumb, 0 bytes, Stack size 0 bytes, startup_mhscpu.o(.text))
<BR>[Address Reference Count : 1]<UL><LI> startup_mhscpu.o(RESET)
</UL>
<P><STRONG><a name="[2a]"></a>I2C0_IRQHandler</STRONG> (Thumb, 0 bytes, Stack size 0 bytes, startup_mhscpu.o(.text))
<BR>[Address Reference Count : 1]<UL><LI> startup_mhscpu.o(RESET)
</UL>
<P><STRONG><a name="[21]"></a>KEYBOARD_IRQHandler</STRONG> (Thumb, 0 bytes, Stack size 0 bytes, startup_mhscpu.o(.text))
<BR>[Address Reference Count : 1]<UL><LI> startup_mhscpu.o(RESET)
</UL>
<P><STRONG><a name="[d]"></a>LCD_IRQHandler</STRONG> (Thumb, 0 bytes, Stack size 0 bytes, startup_mhscpu.o(.text))
<BR>[Address Reference Count : 1]<UL><LI> startup_mhscpu.o(RESET)
</UL>
<P><STRONG><a name="[22]"></a>MSR_IRQHandler</STRONG> (Thumb, 0 bytes, Stack size 0 bytes, startup_mhscpu.o(.text))
<BR>[Address Reference Count : 1]<UL><LI> startup_mhscpu.o(RESET)
</UL>
<P><STRONG><a name="[30]"></a>QR_IRQHandler</STRONG> (Thumb, 0 bytes, Stack size 0 bytes, startup_mhscpu.o(.text))
<BR>[Address Reference Count : 1]<UL><LI> startup_mhscpu.o(RESET)
</UL>
<P><STRONG><a name="[29]"></a>QSPI_IRQHandler</STRONG> (Thumb, 0 bytes, Stack size 0 bytes, startup_mhscpu.o(.text))
<BR>[Address Reference Count : 1]<UL><LI> startup_mhscpu.o(RESET)
</UL>
<P><STRONG><a name="[1a]"></a>RTC_IRQHandler</STRONG> (Thumb, 0 bytes, Stack size 0 bytes, startup_mhscpu.o(.text))
<BR>[Address Reference Count : 1]<UL><LI> startup_mhscpu.o(RESET)
</UL>
<P><STRONG><a name="[e]"></a>SCI0_IRQHandler</STRONG> (Thumb, 0 bytes, Stack size 0 bytes, startup_mhscpu.o(.text))
<BR>[Address Reference Count : 1]<UL><LI> startup_mhscpu.o(RESET)
</UL>
<P><STRONG><a name="[26]"></a>SCI2_IRQHandler</STRONG> (Thumb, 0 bytes, Stack size 0 bytes, startup_mhscpu.o(.text))
<BR>[Address Reference Count : 1]<UL><LI> startup_mhscpu.o(RESET)
</UL>
<P><STRONG><a name="[1b]"></a>SENSOR_IRQHandler</STRONG> (Thumb, 0 bytes, Stack size 0 bytes, startup_mhscpu.o(.text))
<BR>[Address Reference Count : 1]<UL><LI> startup_mhscpu.o(RESET)
</UL>
<P><STRONG><a name="[11]"></a>SPI0_IRQHandler</STRONG> (Thumb, 0 bytes, Stack size 0 bytes, startup_mhscpu.o(.text))
<BR>[Address Reference Count : 1]<UL><LI> startup_mhscpu.o(RESET)
</UL>
<P><STRONG><a name="[24]"></a>SPI1_IRQHandler</STRONG> (Thumb, 0 bytes, Stack size 0 bytes, startup_mhscpu.o(.text))
<BR>[Address Reference Count : 1]<UL><LI> startup_mhscpu.o(RESET)
</UL>
<P><STRONG><a name="[25]"></a>SPI2_IRQHandler</STRONG> (Thumb, 0 bytes, Stack size 0 bytes, startup_mhscpu.o(.text))
<BR>[Address Reference Count : 1]<UL><LI> startup_mhscpu.o(RESET)
</UL>
<P><STRONG><a name="[34]"></a>SPI5_IRQHandler</STRONG> (Thumb, 0 bytes, Stack size 0 bytes, startup_mhscpu.o(.text))
<BR>[Address Reference Count : 1]<UL><LI> startup_mhscpu.o(RESET)
</UL>
<P><STRONG><a name="[1e]"></a>SSC_IRQHandler</STRONG> (Thumb, 0 bytes, Stack size 0 bytes, startup_mhscpu.o(.text))
<BR>[Address Reference Count : 1]<UL><LI> startup_mhscpu.o(RESET)
</UL>
<P><STRONG><a name="[13]"></a>TIM0_0_IRQHandler</STRONG> (Thumb, 0 bytes, Stack size 0 bytes, startup_mhscpu.o(.text))
<BR>[Address Reference Count : 1]<UL><LI> startup_mhscpu.o(RESET)
</UL>
<P><STRONG><a name="[14]"></a>TIM0_1_IRQHandler</STRONG> (Thumb, 0 bytes, Stack size 0 bytes, startup_mhscpu.o(.text))
<BR>[Address Reference Count : 1]<UL><LI> startup_mhscpu.o(RESET)
</UL>
<P><STRONG><a name="[15]"></a>TIM0_2_IRQHandler</STRONG> (Thumb, 0 bytes, Stack size 0 bytes, startup_mhscpu.o(.text))
<BR>[Address Reference Count : 1]<UL><LI> startup_mhscpu.o(RESET)
</UL>
<P><STRONG><a name="[16]"></a>TIM0_3_IRQHandler</STRONG> (Thumb, 0 bytes, Stack size 0 bytes, startup_mhscpu.o(.text))
<BR>[Address Reference Count : 1]<UL><LI> startup_mhscpu.o(RESET)
</UL>
<P><STRONG><a name="[1f]"></a>TIM0_4_IRQHandler</STRONG> (Thumb, 0 bytes, Stack size 0 bytes, startup_mhscpu.o(.text))
<BR>[Address Reference Count : 1]<UL><LI> startup_mhscpu.o(RESET)
</UL>
<P><STRONG><a name="[20]"></a>TIM0_5_IRQHandler</STRONG> (Thumb, 0 bytes, Stack size 0 bytes, startup_mhscpu.o(.text))
<BR>[Address Reference Count : 1]<UL><LI> startup_mhscpu.o(RESET)
</UL>
<P><STRONG><a name="[2d]"></a>TIM0_6_IRQHandler</STRONG> (Thumb, 0 bytes, Stack size 0 bytes, startup_mhscpu.o(.text))
<BR>[Address Reference Count : 1]<UL><LI> startup_mhscpu.o(RESET)
</UL>
<P><STRONG><a name="[2e]"></a>TIM0_7_IRQHandler</STRONG> (Thumb, 0 bytes, Stack size 0 bytes, startup_mhscpu.o(.text))
<BR>[Address Reference Count : 1]<UL><LI> startup_mhscpu.o(RESET)
</UL>
<P><STRONG><a name="[1c]"></a>TRNG_IRQHandler</STRONG> (Thumb, 0 bytes, Stack size 0 bytes, startup_mhscpu.o(.text))
<BR>[Address Reference Count : 1]<UL><LI> startup_mhscpu.o(RESET)
</UL>
<P><STRONG><a name="[10]"></a>UART1_IRQHandler</STRONG> (Thumb, 0 bytes, Stack size 0 bytes, startup_mhscpu.o(.text))
<BR>[Address Reference Count : 1]<UL><LI> startup_mhscpu.o(RESET)
</UL>
<P><STRONG><a name="[27]"></a>UART2_IRQHandler</STRONG> (Thumb, 0 bytes, Stack size 0 bytes, startup_mhscpu.o(.text))
<BR>[Address Reference Count : 1]<UL><LI> startup_mhscpu.o(RESET)
</UL>
<P><STRONG><a name="[28]"></a>UART3_IRQHandler</STRONG> (Thumb, 0 bytes, Stack size 0 bytes, startup_mhscpu.o(.text))
<BR>[Address Reference Count : 1]<UL><LI> startup_mhscpu.o(RESET)
</UL>
<P><STRONG><a name="[c]"></a>USBDMA_IRQHandler</STRONG> (Thumb, 0 bytes, Stack size 0 bytes, startup_mhscpu.o(.text))
<BR>[Address Reference Count : 1]<UL><LI> startup_mhscpu.o(RESET)
</UL>
<P><STRONG><a name="[b]"></a>USB_IRQHandler</STRONG> (Thumb, 0 bytes, Stack size 0 bytes, startup_mhscpu.o(.text))
<BR>[Address Reference Count : 1]<UL><LI> startup_mhscpu.o(RESET)
</UL>
<P><STRONG><a name="[5b]"></a>__aeabi_memcpy</STRONG> (Thumb, 36 bytes, Stack size 0 bytes, memcpya.o(.text), UNUSED)

<P><STRONG><a name="[40]"></a>__aeabi_memcpy4</STRONG> (Thumb, 0 bytes, Stack size 0 bytes, memcpya.o(.text))
<BR><BR>[Called By]<UL><LI><a href="#[3f]">&gt;&gt;</a>&nbsp;&nbsp;&nbsp;GPIO_GetGPIONum
</UL>

<P><STRONG><a name="[5c]"></a>__aeabi_memcpy8</STRONG> (Thumb, 0 bytes, Stack size 0 bytes, memcpya.o(.text), UNUSED)

<P><STRONG><a name="[3c]"></a>__aeabi_memset</STRONG> (Thumb, 14 bytes, Stack size 0 bytes, memseta.o(.text), UNUSED)
<BR><BR>[Called By]<UL><LI><a href="#[3d]">&gt;&gt;</a>&nbsp;&nbsp;&nbsp;_memset$wrapper
<LI><a href="#[3b]">&gt;&gt;</a>&nbsp;&nbsp;&nbsp;__aeabi_memclr
</UL>

<P><STRONG><a name="[5d]"></a>__aeabi_memset4</STRONG> (Thumb, 0 bytes, Stack size 0 bytes, memseta.o(.text), UNUSED)

<P><STRONG><a name="[5e]"></a>__aeabi_memset8</STRONG> (Thumb, 0 bytes, Stack size 0 bytes, memseta.o(.text), UNUSED)

<P><STRONG><a name="[3b]"></a>__aeabi_memclr</STRONG> (Thumb, 4 bytes, Stack size 0 bytes, memseta.o(.text), UNUSED)
<BR><BR>[Calls]<UL><LI><a href="#[3c]">&gt;&gt;</a>&nbsp;&nbsp;&nbsp;__aeabi_memset
</UL>

<P><STRONG><a name="[56]"></a>__aeabi_memclr4</STRONG> (Thumb, 0 bytes, Stack size 0 bytes, memseta.o(.text))
<BR><BR>[Called By]<UL><LI><a href="#[35]">&gt;&gt;</a>&nbsp;&nbsp;&nbsp;main
</UL>

<P><STRONG><a name="[5f]"></a>__aeabi_memclr8</STRONG> (Thumb, 0 bytes, Stack size 0 bytes, memseta.o(.text), UNUSED)

<P><STRONG><a name="[3d]"></a>_memset$wrapper</STRONG> (Thumb, 18 bytes, Stack size 8 bytes, memseta.o(.text), UNUSED)
<BR><BR>[Calls]<UL><LI><a href="#[3c]">&gt;&gt;</a>&nbsp;&nbsp;&nbsp;__aeabi_memset
</UL>

<P><STRONG><a name="[3a]"></a>__scatterload</STRONG> (Thumb, 28 bytes, Stack size 0 bytes, init.o(.text))
<BR><BR>[Calls]<UL><LI><a href="#[3e]">&gt;&gt;</a>&nbsp;&nbsp;&nbsp;__main_after_scatterload
</UL>
<BR>[Called By]<UL><LI><a href="#[39]">&gt;&gt;</a>&nbsp;&nbsp;&nbsp;_main_scatterload
</UL>

<P><STRONG><a name="[60]"></a>__scatterload_rt2</STRONG> (Thumb, 0 bytes, Stack size 0 bytes, init.o(.text), UNUSED)

<P><STRONG><a name="[4]"></a>BusFault_Handler</STRONG> (Thumb, 4 bytes, Stack size 0 bytes, mhscpu_it.o(i.BusFault_Handler))
<BR>[Address Reference Count : 1]<UL><LI> startup_mhscpu.o(RESET)
</UL>
<P><STRONG><a name="[7]"></a>DebugMon_Handler</STRONG> (Thumb, 2 bytes, Stack size 0 bytes, mhscpu_it.o(i.DebugMon_Handler))
<BR>[Address Reference Count : 1]<UL><LI> startup_mhscpu.o(RESET)
</UL>
<P><STRONG><a name="[42]"></a>GPIO_PinRemapConfig</STRONG> (Thumb, 258 bytes, Stack size 24 bytes, mhscpu_gpio.o(i.GPIO_PinRemapConfig))
<BR><BR>[Stack]<UL><LI>Max Depth = 64<LI>Call Chain = GPIO_PinRemapConfig &rArr; GPIO_GetGPIONum
</UL>
<BR>[Calls]<UL><LI><a href="#[3f]">&gt;&gt;</a>&nbsp;&nbsp;&nbsp;GPIO_GetGPIONum
<LI><a href="#[41]">&gt;&gt;</a>&nbsp;&nbsp;&nbsp;assert_failed
</UL>
<BR>[Called By]<UL><LI><a href="#[4d]">&gt;&gt;</a>&nbsp;&nbsp;&nbsp;UART_Configuration
</UL>

<P><STRONG><a name="[2]"></a>HardFault_Handler</STRONG> (Thumb, 4 bytes, Stack size 0 bytes, mhscpu_it.o(i.HardFault_Handler))
<BR>[Address Reference Count : 1]<UL><LI> startup_mhscpu.o(RESET)
</UL>
<P><STRONG><a name="[3]"></a>MemManage_Handler</STRONG> (Thumb, 4 bytes, Stack size 0 bytes, mhscpu_it.o(i.MemManage_Handler))
<BR>[Address Reference Count : 1]<UL><LI> startup_mhscpu.o(RESET)
</UL>
<P><STRONG><a name="[1]"></a>NMI_Handler</STRONG> (Thumb, 2 bytes, Stack size 0 bytes, mhscpu_it.o(i.NMI_Handler))
<BR>[Address Reference Count : 1]<UL><LI> startup_mhscpu.o(RESET)
</UL>
<P><STRONG><a name="[8]"></a>PendSV_Handler</STRONG> (Thumb, 2 bytes, Stack size 0 bytes, mhscpu_it.o(i.PendSV_Handler))
<BR>[Address Reference Count : 1]<UL><LI> startup_mhscpu.o(RESET)
</UL>
<P><STRONG><a name="[43]"></a>SER_PutChar</STRONG> (Thumb, 28 bytes, Stack size 8 bytes, main.o(i.SER_PutChar))
<BR><BR>[Stack]<UL><LI>Max Depth = 8<LI>Call Chain = SER_PutChar
</UL>
<BR>[Calls]<UL><LI><a href="#[45]">&gt;&gt;</a>&nbsp;&nbsp;&nbsp;UART_SendData
<LI><a href="#[44]">&gt;&gt;</a>&nbsp;&nbsp;&nbsp;UART_IsTXEmpty
</UL>
<BR>[Called By]<UL><LI><a href="#[38]">&gt;&gt;</a>&nbsp;&nbsp;&nbsp;fputc
</UL>

<P><STRONG><a name="[6]"></a>SVC_Handler</STRONG> (Thumb, 2 bytes, Stack size 0 bytes, mhscpu_it.o(i.SVC_Handler))
<BR>[Address Reference Count : 1]<UL><LI> startup_mhscpu.o(RESET)
</UL>
<P><STRONG><a name="[46]"></a>SYSCTRL_APBPeriphClockCmd</STRONG> (Thumb, 66 bytes, Stack size 16 bytes, mhscpu_sysctrl.o(i.SYSCTRL_APBPeriphClockCmd))
<BR><BR>[Stack]<UL><LI>Max Depth = 16<LI>Call Chain = SYSCTRL_APBPeriphClockCmd
</UL>
<BR>[Calls]<UL><LI><a href="#[41]">&gt;&gt;</a>&nbsp;&nbsp;&nbsp;assert_failed
</UL>
<BR>[Called By]<UL><LI><a href="#[35]">&gt;&gt;</a>&nbsp;&nbsp;&nbsp;main
</UL>

<P><STRONG><a name="[47]"></a>SYSCTRL_APBPeriphResetCmd</STRONG> (Thumb, 66 bytes, Stack size 16 bytes, mhscpu_sysctrl.o(i.SYSCTRL_APBPeriphResetCmd))
<BR><BR>[Stack]<UL><LI>Max Depth = 16<LI>Call Chain = SYSCTRL_APBPeriphResetCmd
</UL>
<BR>[Calls]<UL><LI><a href="#[41]">&gt;&gt;</a>&nbsp;&nbsp;&nbsp;assert_failed
</UL>
<BR>[Called By]<UL><LI><a href="#[35]">&gt;&gt;</a>&nbsp;&nbsp;&nbsp;main
</UL>

<P><STRONG><a name="[53]"></a>SYSCTRL_GetClocksFreq</STRONG> (Thumb, 258 bytes, Stack size 0 bytes, mhscpu_sysctrl.o(i.SYSCTRL_GetClocksFreq))
<BR><BR>[Called By]<UL><LI><a href="#[50]">&gt;&gt;</a>&nbsp;&nbsp;&nbsp;UART_Init
</UL>

<P><STRONG><a name="[9]"></a>SysTick_Handler</STRONG> (Thumb, 10 bytes, Stack size 8 bytes, mhscpu_it.o(i.SysTick_Handler))
<BR><BR>[Stack]<UL><LI>Max Depth = 8<LI>Call Chain = SysTick_Handler
</UL>
<BR>[Calls]<UL><LI><a href="#[48]">&gt;&gt;</a>&nbsp;&nbsp;&nbsp;__2printf
</UL>
<BR>[Address Reference Count : 1]<UL><LI> startup_mhscpu.o(RESET)
</UL>
<P><STRONG><a name="[36]"></a>SystemInit</STRONG> (Thumb, 14 bytes, Stack size 0 bytes, system_mhscpu.o(i.SystemInit))
<BR>[Address Reference Count : 1]<UL><LI> startup_mhscpu.o(.text)
</UL>
<P><STRONG><a name="[f]"></a>UART0_IRQHandler</STRONG> (Thumb, 198 bytes, Stack size 8 bytes, mhscpu_it.o(i.UART0_IRQHandler))
<BR><BR>[Stack]<UL><LI>Max Depth = 8<LI>Call Chain = UART0_IRQHandler
</UL>
<BR>[Calls]<UL><LI><a href="#[4c]">&gt;&gt;</a>&nbsp;&nbsp;&nbsp;UART_ITConfig
<LI><a href="#[45]">&gt;&gt;</a>&nbsp;&nbsp;&nbsp;UART_SendData
<LI><a href="#[49]">&gt;&gt;</a>&nbsp;&nbsp;&nbsp;UART_ReceiveData
<LI><a href="#[4b]">&gt;&gt;</a>&nbsp;&nbsp;&nbsp;UART_IsTXFIFONotFull
<LI><a href="#[4a]">&gt;&gt;</a>&nbsp;&nbsp;&nbsp;UART_IsRXFIFONotEmpty
</UL>
<BR>[Address Reference Count : 1]<UL><LI> startup_mhscpu.o(RESET)
</UL>
<P><STRONG><a name="[4d]"></a>UART_Configuration</STRONG> (Thumb, 84 bytes, Stack size 40 bytes, main.o(i.UART_Configuration))
<BR><BR>[Stack]<UL><LI>Max Depth = 104<LI>Call Chain = UART_Configuration &rArr; GPIO_PinRemapConfig &rArr; GPIO_GetGPIONum
</UL>
<BR>[Calls]<UL><LI><a href="#[4e]">&gt;&gt;</a>&nbsp;&nbsp;&nbsp;UART_StructInit
<LI><a href="#[50]">&gt;&gt;</a>&nbsp;&nbsp;&nbsp;UART_Init
<LI><a href="#[4f]">&gt;&gt;</a>&nbsp;&nbsp;&nbsp;UART_FIFOStructInit
<LI><a href="#[51]">&gt;&gt;</a>&nbsp;&nbsp;&nbsp;UART_FIFOInit
<LI><a href="#[52]">&gt;&gt;</a>&nbsp;&nbsp;&nbsp;UART_FIFOCmd
<LI><a href="#[42]">&gt;&gt;</a>&nbsp;&nbsp;&nbsp;GPIO_PinRemapConfig
</UL>
<BR>[Called By]<UL><LI><a href="#[35]">&gt;&gt;</a>&nbsp;&nbsp;&nbsp;main
</UL>

<P><STRONG><a name="[52]"></a>UART_FIFOCmd</STRONG> (Thumb, 30 bytes, Stack size 0 bytes, mhscpu_uart.o(i.UART_FIFOCmd))
<BR><BR>[Called By]<UL><LI><a href="#[4d]">&gt;&gt;</a>&nbsp;&nbsp;&nbsp;UART_Configuration
</UL>

<P><STRONG><a name="[51]"></a>UART_FIFOInit</STRONG> (Thumb, 124 bytes, Stack size 0 bytes, mhscpu_uart.o(i.UART_FIFOInit))
<BR><BR>[Called By]<UL><LI><a href="#[4d]">&gt;&gt;</a>&nbsp;&nbsp;&nbsp;UART_Configuration
</UL>

<P><STRONG><a name="[4f]"></a>UART_FIFOStructInit</STRONG> (Thumb, 20 bytes, Stack size 0 bytes, mhscpu_uart.o(i.UART_FIFOStructInit))
<BR><BR>[Called By]<UL><LI><a href="#[4d]">&gt;&gt;</a>&nbsp;&nbsp;&nbsp;UART_Configuration
</UL>

<P><STRONG><a name="[4c]"></a>UART_ITConfig</STRONG> (Thumb, 18 bytes, Stack size 0 bytes, mhscpu_uart.o(i.UART_ITConfig))
<BR><BR>[Called By]<UL><LI><a href="#[f]">&gt;&gt;</a>&nbsp;&nbsp;&nbsp;UART0_IRQHandler
</UL>

<P><STRONG><a name="[50]"></a>UART_Init</STRONG> (Thumb, 214 bytes, Stack size 32 bytes, mhscpu_uart.o(i.UART_Init))
<BR><BR>[Stack]<UL><LI>Max Depth = 32<LI>Call Chain = UART_Init
</UL>
<BR>[Calls]<UL><LI><a href="#[53]">&gt;&gt;</a>&nbsp;&nbsp;&nbsp;SYSCTRL_GetClocksFreq
<LI><a href="#[41]">&gt;&gt;</a>&nbsp;&nbsp;&nbsp;assert_failed
</UL>
<BR>[Called By]<UL><LI><a href="#[4d]">&gt;&gt;</a>&nbsp;&nbsp;&nbsp;UART_Configuration
</UL>

<P><STRONG><a name="[57]"></a>UART_IsRXFIFOFull</STRONG> (Thumb, 18 bytes, Stack size 0 bytes, mhscpu_uart.o(i.UART_IsRXFIFOFull))
<BR><BR>[Called By]<UL><LI><a href="#[35]">&gt;&gt;</a>&nbsp;&nbsp;&nbsp;main
</UL>

<P><STRONG><a name="[4a]"></a>UART_IsRXFIFONotEmpty</STRONG> (Thumb, 18 bytes, Stack size 0 bytes, mhscpu_uart.o(i.UART_IsRXFIFONotEmpty))
<BR><BR>[Called By]<UL><LI><a href="#[f]">&gt;&gt;</a>&nbsp;&nbsp;&nbsp;UART0_IRQHandler
<LI><a href="#[35]">&gt;&gt;</a>&nbsp;&nbsp;&nbsp;main
</UL>

<P><STRONG><a name="[44]"></a>UART_IsTXEmpty</STRONG> (Thumb, 18 bytes, Stack size 0 bytes, mhscpu_uart.o(i.UART_IsTXEmpty))
<BR><BR>[Called By]<UL><LI><a href="#[43]">&gt;&gt;</a>&nbsp;&nbsp;&nbsp;SER_PutChar
</UL>

<P><STRONG><a name="[4b]"></a>UART_IsTXFIFONotFull</STRONG> (Thumb, 18 bytes, Stack size 0 bytes, mhscpu_uart.o(i.UART_IsTXFIFONotFull))
<BR><BR>[Called By]<UL><LI><a href="#[f]">&gt;&gt;</a>&nbsp;&nbsp;&nbsp;UART0_IRQHandler
<LI><a href="#[35]">&gt;&gt;</a>&nbsp;&nbsp;&nbsp;main
</UL>

<P><STRONG><a name="[49]"></a>UART_ReceiveData</STRONG> (Thumb, 8 bytes, Stack size 0 bytes, mhscpu_uart.o(i.UART_ReceiveData))
<BR><BR>[Called By]<UL><LI><a href="#[f]">&gt;&gt;</a>&nbsp;&nbsp;&nbsp;UART0_IRQHandler
<LI><a href="#[35]">&gt;&gt;</a>&nbsp;&nbsp;&nbsp;main
</UL>

<P><STRONG><a name="[45]"></a>UART_SendData</STRONG> (Thumb, 4 bytes, Stack size 0 bytes, mhscpu_uart.o(i.UART_SendData))
<BR><BR>[Called By]<UL><LI><a href="#[f]">&gt;&gt;</a>&nbsp;&nbsp;&nbsp;UART0_IRQHandler
<LI><a href="#[35]">&gt;&gt;</a>&nbsp;&nbsp;&nbsp;main
<LI><a href="#[43]">&gt;&gt;</a>&nbsp;&nbsp;&nbsp;SER_PutChar
</UL>

<P><STRONG><a name="[4e]"></a>UART_StructInit</STRONG> (Thumb, 18 bytes, Stack size 0 bytes, mhscpu_uart.o(i.UART_StructInit))
<BR><BR>[Called By]<UL><LI><a href="#[4d]">&gt;&gt;</a>&nbsp;&nbsp;&nbsp;UART_Configuration
</UL>

<P><STRONG><a name="[5]"></a>UsageFault_Handler</STRONG> (Thumb, 4 bytes, Stack size 0 bytes, mhscpu_it.o(i.UsageFault_Handler))
<BR>[Address Reference Count : 1]<UL><LI> startup_mhscpu.o(RESET)
</UL>
<P><STRONG><a name="[54]"></a>__0printf$bare</STRONG> (Thumb, 8 bytes, Stack size 0 bytes, printfb.o(i.__0printf$bare), UNUSED)
<BR><BR>[Calls]<UL><LI><a href="#[55]">&gt;&gt;</a>&nbsp;&nbsp;&nbsp;_printf_core
</UL>

<P><STRONG><a name="[61]"></a>__1printf$bare</STRONG> (Thumb, 0 bytes, Stack size 0 bytes, printfb.o(i.__0printf$bare), UNUSED)

<P><STRONG><a name="[48]"></a>__2printf</STRONG> (Thumb, 0 bytes, Stack size 0 bytes, printfb.o(i.__0printf$bare))
<BR><BR>[Called By]<UL><LI><a href="#[9]">&gt;&gt;</a>&nbsp;&nbsp;&nbsp;SysTick_Handler
<LI><a href="#[35]">&gt;&gt;</a>&nbsp;&nbsp;&nbsp;main
</UL>

<P><STRONG><a name="[62]"></a>__scatterload_copy</STRONG> (Thumb, 14 bytes, Stack size unknown bytes, handlers.o(i.__scatterload_copy), UNUSED)

<P><STRONG><a name="[63]"></a>__scatterload_null</STRONG> (Thumb, 2 bytes, Stack size unknown bytes, handlers.o(i.__scatterload_null), UNUSED)

<P><STRONG><a name="[64]"></a>__scatterload_zeroinit</STRONG> (Thumb, 14 bytes, Stack size unknown bytes, handlers.o(i.__scatterload_zeroinit), UNUSED)

<P><STRONG><a name="[41]"></a>assert_failed</STRONG> (Thumb, 4 bytes, Stack size 0 bytes, main.o(i.assert_failed))
<BR><BR>[Called By]<UL><LI><a href="#[3f]">&gt;&gt;</a>&nbsp;&nbsp;&nbsp;GPIO_GetGPIONum
<LI><a href="#[50]">&gt;&gt;</a>&nbsp;&nbsp;&nbsp;UART_Init
<LI><a href="#[47]">&gt;&gt;</a>&nbsp;&nbsp;&nbsp;SYSCTRL_APBPeriphResetCmd
<LI><a href="#[46]">&gt;&gt;</a>&nbsp;&nbsp;&nbsp;SYSCTRL_APBPeriphClockCmd
<LI><a href="#[42]">&gt;&gt;</a>&nbsp;&nbsp;&nbsp;GPIO_PinRemapConfig
</UL>

<P><STRONG><a name="[38]"></a>fputc</STRONG> (Thumb, 24 bytes, Stack size 16 bytes, main.o(i.fputc))
<BR><BR>[Stack]<UL><LI>Max Depth = 24<LI>Call Chain = fputc &rArr; SER_PutChar
</UL>
<BR>[Calls]<UL><LI><a href="#[43]">&gt;&gt;</a>&nbsp;&nbsp;&nbsp;SER_PutChar
</UL>
<BR>[Address Reference Count : 1]<UL><LI> printfb.o(i.__0printf$bare)
</UL>
<P><STRONG><a name="[35]"></a>main</STRONG> (Thumb, 106 bytes, Stack size 24 bytes, main.o(i.main))
<BR><BR>[Stack]<UL><LI>Max Depth = 128<LI>Call Chain = main &rArr; UART_Configuration &rArr; GPIO_PinRemapConfig &rArr; GPIO_GetGPIONum
</UL>
<BR>[Calls]<UL><LI><a href="#[56]">&gt;&gt;</a>&nbsp;&nbsp;&nbsp;__aeabi_memclr4
<LI><a href="#[45]">&gt;&gt;</a>&nbsp;&nbsp;&nbsp;UART_SendData
<LI><a href="#[49]">&gt;&gt;</a>&nbsp;&nbsp;&nbsp;UART_ReceiveData
<LI><a href="#[4b]">&gt;&gt;</a>&nbsp;&nbsp;&nbsp;UART_IsTXFIFONotFull
<LI><a href="#[4a]">&gt;&gt;</a>&nbsp;&nbsp;&nbsp;UART_IsRXFIFONotEmpty
<LI><a href="#[57]">&gt;&gt;</a>&nbsp;&nbsp;&nbsp;UART_IsRXFIFOFull
<LI><a href="#[47]">&gt;&gt;</a>&nbsp;&nbsp;&nbsp;SYSCTRL_APBPeriphResetCmd
<LI><a href="#[46]">&gt;&gt;</a>&nbsp;&nbsp;&nbsp;SYSCTRL_APBPeriphClockCmd
<LI><a href="#[4d]">&gt;&gt;</a>&nbsp;&nbsp;&nbsp;UART_Configuration
<LI><a href="#[48]">&gt;&gt;</a>&nbsp;&nbsp;&nbsp;__2printf
</UL>
<BR>[Address Reference Count : 1]<UL><LI> entry8.o(.ARM.Collect$$$$00000009)
</UL><P>
<H3>
Local Symbols
</H3>
<P><STRONG><a name="[3f]"></a>GPIO_GetGPIONum</STRONG> (Thumb, 104 bytes, Stack size 40 bytes, mhscpu_gpio.o(i.GPIO_GetGPIONum))
<BR><BR>[Stack]<UL><LI>Max Depth = 40<LI>Call Chain = GPIO_GetGPIONum
</UL>
<BR>[Calls]<UL><LI><a href="#[40]">&gt;&gt;</a>&nbsp;&nbsp;&nbsp;__aeabi_memcpy4
<LI><a href="#[41]">&gt;&gt;</a>&nbsp;&nbsp;&nbsp;assert_failed
</UL>
<BR>[Called By]<UL><LI><a href="#[42]">&gt;&gt;</a>&nbsp;&nbsp;&nbsp;GPIO_PinRemapConfig
</UL>

<P><STRONG><a name="[55]"></a>_printf_core</STRONG> (Thumb, 34 bytes, Stack size 24 bytes, printfb.o(i._printf_core), UNUSED)
<BR><BR>[Called By]<UL><LI><a href="#[54]">&gt;&gt;</a>&nbsp;&nbsp;&nbsp;__0printf$bare
</UL>
<P>
<H3>
Undefined Global Symbols
</H3><HR></body></html>
