ARM Linker, 5.02 [Build 28] [MDK-ARM Professional]

==============================================================================

Section Cross References

    main.o(i.NVIC_Configuration) refers to misc.o(i.NVIC_Init) for NVIC_Init
    main.o(i.SER_PutChar) refers to mhscpu_uart.o(i.UART_IsTXEmpty) for UART_IsTXEmpty
    main.o(i.SER_PutChar) refers to mhscpu_uart.o(i.UART_SendData) for UART_SendData
    main.o(i.UART_Configuration) refers to mhscpu_uart.o(i.UART_StructInit) for UART_StructInit
    main.o(i.UART_Configuration) refers to mhscpu_uart.o(i.UART_FIFOStructInit) for UART_FIFOStructInit
    main.o(i.UART_Configuration) refers to mhscpu_gpio.o(i.GPIO_PinRemapConfig) for GPIO_PinRemapConfig
    main.o(i.UART_Configuration) refers to mhscpu_uart.o(i.UART_Init) for UART_Init
    main.o(i.UART_Configuration) refers to mhscpu_uart.o(i.UART_FIFOInit) for UART_FIFOInit
    main.o(i.UART_Configuration) refers to mhscpu_uart.o(i.UART_FIFOCmd) for UART_FIFOCmd
    main.o(i.fputc) refers to main.o(i.SER_PutChar) for SER_PutChar
    main.o(i.main) refers to memseta.o(.text) for __aeabi_memclr4
    main.o(i.main) refers to mhscpu_sysctrl.o(i.SYSCTRL_APBPeriphClockCmd) for SYSCTRL_APBPeriphClockCmd
    main.o(i.main) refers to mhscpu_sysctrl.o(i.SYSCTRL_APBPeriphResetCmd) for SYSCTRL_APBPeriphResetCmd
    main.o(i.main) refers to main.o(i.UART_Configuration) for UART_Configuration
    main.o(i.main) refers to printfb.o(i.__0printf$bare) for __2printf
    main.o(i.main) refers to mhscpu_uart.o(i.UART_IsRXFIFOFull) for UART_IsRXFIFOFull
    main.o(i.main) refers to mhscpu_uart.o(i.UART_ReceiveData) for UART_ReceiveData
    main.o(i.main) refers to mhscpu_uart.o(i.UART_IsRXFIFONotEmpty) for UART_IsRXFIFONotEmpty
    main.o(i.main) refers to mhscpu_uart.o(i.UART_SendData) for UART_SendData
    main.o(i.main) refers to mhscpu_uart.o(i.UART_IsTXFIFONotFull) for UART_IsTXFIFONotFull
    mhscpu_it.o(i.SysTick_Handler) refers to printfb.o(i.__0printf$bare) for __2printf
    mhscpu_it.o(i.UART0_IRQHandler) refers to mhscpu_uart.o(i.UART_ReceiveData) for UART_ReceiveData
    mhscpu_it.o(i.UART0_IRQHandler) refers to mhscpu_uart.o(i.UART_IsRXFIFONotEmpty) for UART_IsRXFIFONotEmpty
    mhscpu_it.o(i.UART0_IRQHandler) refers to mhscpu_uart.o(i.UART_SendData) for UART_SendData
    mhscpu_it.o(i.UART0_IRQHandler) refers to mhscpu_uart.o(i.UART_IsTXFIFONotFull) for UART_IsTXFIFONotFull
    mhscpu_it.o(i.UART0_IRQHandler) refers to mhscpu_uart.o(i.UART_ITConfig) for UART_ITConfig
    mhscpu_it.o(i.UART0_IRQHandler) refers to main.o(.bss) for tmpRece
    mhscpu_it.o(i.UART0_IRQHandler) refers to main.o(.data) for tmpReceHead
    startup_mhscpu.o(RESET) refers to startup_mhscpu.o(STACK) for __initial_sp
    startup_mhscpu.o(RESET) refers to startup_mhscpu.o(.text) for Reset_Handler
    startup_mhscpu.o(RESET) refers to mhscpu_it.o(i.NMI_Handler) for NMI_Handler
    startup_mhscpu.o(RESET) refers to mhscpu_it.o(i.HardFault_Handler) for HardFault_Handler
    startup_mhscpu.o(RESET) refers to mhscpu_it.o(i.MemManage_Handler) for MemManage_Handler
    startup_mhscpu.o(RESET) refers to mhscpu_it.o(i.BusFault_Handler) for BusFault_Handler
    startup_mhscpu.o(RESET) refers to mhscpu_it.o(i.UsageFault_Handler) for UsageFault_Handler
    startup_mhscpu.o(RESET) refers to mhscpu_it.o(i.SVC_Handler) for SVC_Handler
    startup_mhscpu.o(RESET) refers to mhscpu_it.o(i.DebugMon_Handler) for DebugMon_Handler
    startup_mhscpu.o(RESET) refers to mhscpu_it.o(i.PendSV_Handler) for PendSV_Handler
    startup_mhscpu.o(RESET) refers to mhscpu_it.o(i.SysTick_Handler) for SysTick_Handler
    startup_mhscpu.o(RESET) refers to mhscpu_it.o(i.UART0_IRQHandler) for UART0_IRQHandler
    startup_mhscpu.o(.text) refers to startup_mhscpu.o(RESET) for __Vectors
    startup_mhscpu.o(.text) refers to system_mhscpu.o(i.SystemInit) for SystemInit
    startup_mhscpu.o(.text) refers to entry.o(.ARM.Collect$$$$00000000) for __main
    misc.o(i.NVIC_Init) refers to main.o(i.assert_failed) for assert_failed
    misc.o(i.NVIC_PriorityGroupConfig) refers to main.o(i.assert_failed) for assert_failed
    misc.o(i.NVIC_SetVectorTable) refers to main.o(i.assert_failed) for assert_failed
    misc.o(i.SysTick_CLKSourceConfig) refers to main.o(i.assert_failed) for assert_failed
    mhscpu_gpio.o(i.GPIO_DeInit) refers to mhscpu_sysctrl.o(i.SYSCTRL_APBPeriphResetCmd) for SYSCTRL_APBPeriphResetCmd
    mhscpu_gpio.o(i.GPIO_GetGPIONum) refers to memcpya.o(.text) for __aeabi_memcpy4
    mhscpu_gpio.o(i.GPIO_GetGPIONum) refers to main.o(i.assert_failed) for assert_failed
    mhscpu_gpio.o(i.GPIO_GetGPIONum) refers to mhscpu_gpio.o(.constdata) for .constdata
    mhscpu_gpio.o(i.GPIO_Init) refers to main.o(i.assert_failed) for assert_failed
    mhscpu_gpio.o(i.GPIO_Init) refers to mhscpu_gpio.o(i.GPIO_PinRemapConfig) for GPIO_PinRemapConfig
    mhscpu_gpio.o(i.GPIO_Init) refers to mhscpu_gpio.o(i.GPIO_GetGPIONum) for GPIO_GetGPIONum
    mhscpu_gpio.o(i.GPIO_Init) refers to mhscpu_gpio.o(.bss) for GPIO_OD_Mark
    mhscpu_gpio.o(i.GPIO_PinRemapConfig) refers to main.o(i.assert_failed) for assert_failed
    mhscpu_gpio.o(i.GPIO_PinRemapConfig) refers to mhscpu_gpio.o(i.GPIO_GetGPIONum) for GPIO_GetGPIONum
    mhscpu_gpio.o(i.GPIO_PullUpCmd) refers to main.o(i.assert_failed) for assert_failed
    mhscpu_gpio.o(i.GPIO_ReadInputDataBit) refers to main.o(i.assert_failed) for assert_failed
    mhscpu_gpio.o(i.GPIO_ReadOutputDataBit) refers to main.o(i.assert_failed) for assert_failed
    mhscpu_gpio.o(i.GPIO_ResetBits) refers to main.o(i.assert_failed) for assert_failed
    mhscpu_gpio.o(i.GPIO_ResetBits) refers to mhscpu_gpio.o(i.GPIO_GetGPIONum) for GPIO_GetGPIONum
    mhscpu_gpio.o(i.GPIO_ResetBits) refers to mhscpu_gpio.o(.bss) for GPIO_OD_Mark
    mhscpu_gpio.o(i.GPIO_SetBits) refers to main.o(i.assert_failed) for assert_failed
    mhscpu_gpio.o(i.GPIO_SetBits) refers to mhscpu_gpio.o(i.GPIO_GetGPIONum) for GPIO_GetGPIONum
    mhscpu_gpio.o(i.GPIO_SetBits) refers to mhscpu_gpio.o(.bss) for GPIO_OD_Mark
    mhscpu_gpio.o(i.GPIO_WakeEvenConfig) refers to main.o(i.assert_failed) for assert_failed
    mhscpu_gpio.o(i.GPIO_WakeModeConfig) refers to main.o(i.assert_failed) for assert_failed
    mhscpu_gpio.o(i.GPIO_Write) refers to main.o(i.assert_failed) for assert_failed
    mhscpu_gpio.o(i.GPIO_Write) refers to mhscpu_gpio.o(i.GPIO_GetGPIONum) for GPIO_GetGPIONum
    mhscpu_gpio.o(i.GPIO_Write) refers to mhscpu_gpio.o(.bss) for GPIO_OD_Mark
    mhscpu_sysctrl.o(i.SYSCTRL_AHBPeriphClockCmd) refers to main.o(i.assert_failed) for assert_failed
    mhscpu_sysctrl.o(i.SYSCTRL_AHBPeriphResetCmd) refers to main.o(i.assert_failed) for assert_failed
    mhscpu_sysctrl.o(i.SYSCTRL_APBPeriphClockCmd) refers to main.o(i.assert_failed) for assert_failed
    mhscpu_sysctrl.o(i.SYSCTRL_APBPeriphResetCmd) refers to main.o(i.assert_failed) for assert_failed
    mhscpu_sysctrl.o(i.SYSCTRL_EnterSleep) refers to main.o(i.assert_failed) for assert_failed
    mhscpu_sysctrl.o(i.SYSCTRL_EnterSleep) refers to mhscpu_sysctrl.o(.emb_text) for __asm___16_mhscpu_sysctrl_c_220ebcab__SYSCTRL_Sleep
    mhscpu_sysctrl.o(i.SYSCTRL_GetChipSN) refers to mhscpu_sysctrl.o(i.SYSCTRL_AHBPeriphClockCmd) for SYSCTRL_AHBPeriphClockCmd
    mhscpu_sysctrl.o(i.SYSCTRL_GetChipSN) refers to memcpya.o(.text) for __aeabi_memcpy
    mhscpu_sysctrl.o(i.SYSCTRL_HCLKConfig) refers to main.o(i.assert_failed) for assert_failed
    mhscpu_sysctrl.o(i.SYSCTRL_HCLKConfig) refers to mhscpu_sysctrl.o(i.SYSCTRL_GetClocksFreq) for SYSCTRL_GetClocksFreq
    mhscpu_sysctrl.o(i.SYSCTRL_PCLKConfig) refers to main.o(i.assert_failed) for assert_failed
    mhscpu_sysctrl.o(i.SYSCTRL_PLLConfig) refers to main.o(i.assert_failed) for assert_failed
    mhscpu_sysctrl.o(i.SYSCTRL_PLLDivConfig) refers to main.o(i.assert_failed) for assert_failed
    mhscpu_sysctrl.o(i.SYSCTRL_SYSCLKSourceSelect) refers to main.o(i.assert_failed) for assert_failed
    mhscpu_sysctrl.o(i.SYSCTRL_SoftReset) refers to mhscpu_sysctrl.o(i.SYSCTRL_AHBPeriphResetCmd) for SYSCTRL_AHBPeriphResetCmd
    mhscpu_uart.o(i.UART_DeInit) refers to main.o(i.assert_failed) for assert_failed
    mhscpu_uart.o(i.UART_DeInit) refers to mhscpu_sysctrl.o(i.SYSCTRL_APBPeriphResetCmd) for SYSCTRL_APBPeriphResetCmd
    mhscpu_uart.o(i.UART_Init) refers to main.o(i.assert_failed) for assert_failed
    mhscpu_uart.o(i.UART_Init) refers to mhscpu_sysctrl.o(i.SYSCTRL_GetClocksFreq) for SYSCTRL_GetClocksFreq
    mhscpu_uart.o(i.UART_IrDACmd) refers to main.o(i.assert_failed) for assert_failed
    system_mhscpu.o(i.SystemCoreClockUpdate) refers to system_mhscpu.o(.data) for SystemCoreClock
    entry.o(.ARM.Collect$$$$00000000) refers (Special) to entry7b.o(.ARM.Collect$$$$00000008) for _main_clock
    entry.o(.ARM.Collect$$$$00000000) refers (Special) to entry8.o(.ARM.Collect$$$$00000009) for _main_init
    entry.o(.ARM.Collect$$$$00000000) refers (Special) to entry5.o(.ARM.Collect$$$$00000004) for _main_scatterload
    entry.o(.ARM.Collect$$$$00000000) refers (Special) to entry2.o(.ARM.Collect$$$$00000001) for _main_stk
    printfb.o(i.__0fprintf$bare) refers to printfb.o(i._printf_core) for _printf_core
    printfb.o(i.__0fprintf$bare) refers to main.o(i.fputc) for fputc
    printfb.o(i.__0printf$bare) refers to printfb.o(i._printf_core) for _printf_core
    printfb.o(i.__0printf$bare) refers to main.o(i.fputc) for fputc
    printfb.o(i.__0printf$bare) refers to stdout.o(.data) for __stdout
    printfb.o(i.__0snprintf$bare) refers to printfb.o(i._printf_core) for _printf_core
    printfb.o(i.__0snprintf$bare) refers to printfb.o(i._snputc) for _snputc
    printfb.o(i.__0sprintf$bare) refers to printfb.o(i._printf_core) for _printf_core
    printfb.o(i.__0sprintf$bare) refers to printfb.o(i._sputc) for _sputc
    printfb.o(i.__0vfprintf$bare) refers to printfb.o(i._printf_core) for _printf_core
    printfb.o(i.__0vfprintf$bare) refers to main.o(i.fputc) for fputc
    printfb.o(i.__0vprintf$bare) refers to printfb.o(i._printf_core) for _printf_core
    printfb.o(i.__0vprintf$bare) refers to main.o(i.fputc) for fputc
    printfb.o(i.__0vprintf$bare) refers to stdout.o(.data) for __stdout
    printfb.o(i.__0vsnprintf$bare) refers to printfb.o(i._printf_core) for _printf_core
    printfb.o(i.__0vsnprintf$bare) refers to printfb.o(i._snputc) for _snputc
    printfb.o(i.__0vsprintf$bare) refers to printfb.o(i._printf_core) for _printf_core
    printfb.o(i.__0vsprintf$bare) refers to printfb.o(i._sputc) for _sputc
    printf0.o(i.__0fprintf$0) refers to printf0.o(i._printf_core) for _printf_core
    printf0.o(i.__0fprintf$0) refers to main.o(i.fputc) for fputc
    printf0.o(i.__0printf$0) refers to printf0.o(i._printf_core) for _printf_core
    printf0.o(i.__0printf$0) refers to main.o(i.fputc) for fputc
    printf0.o(i.__0printf$0) refers to stdout.o(.data) for __stdout
    printf0.o(i.__0snprintf$0) refers to printf0.o(i._printf_core) for _printf_core
    printf0.o(i.__0snprintf$0) refers to printf0.o(i._snputc) for _snputc
    printf0.o(i.__0sprintf$0) refers to printf0.o(i._printf_core) for _printf_core
    printf0.o(i.__0sprintf$0) refers to printf0.o(i._sputc) for _sputc
    printf0.o(i.__0vfprintf$0) refers to printf0.o(i._printf_core) for _printf_core
    printf0.o(i.__0vfprintf$0) refers to main.o(i.fputc) for fputc
    printf0.o(i.__0vprintf$0) refers to printf0.o(i._printf_core) for _printf_core
    printf0.o(i.__0vprintf$0) refers to main.o(i.fputc) for fputc
    printf0.o(i.__0vprintf$0) refers to stdout.o(.data) for __stdout
    printf0.o(i.__0vsnprintf$0) refers to printf0.o(i._printf_core) for _printf_core
    printf0.o(i.__0vsnprintf$0) refers to printf0.o(i._snputc) for _snputc
    printf0.o(i.__0vsprintf$0) refers to printf0.o(i._printf_core) for _printf_core
    printf0.o(i.__0vsprintf$0) refers to printf0.o(i._sputc) for _sputc
    printf1.o(i.__0fprintf$1) refers to printf1.o(i._printf_core) for _printf_core
    printf1.o(i.__0fprintf$1) refers to main.o(i.fputc) for fputc
    printf1.o(i.__0printf$1) refers to printf1.o(i._printf_core) for _printf_core
    printf1.o(i.__0printf$1) refers to main.o(i.fputc) for fputc
    printf1.o(i.__0printf$1) refers to stdout.o(.data) for __stdout
    printf1.o(i.__0snprintf$1) refers to printf1.o(i._printf_core) for _printf_core
    printf1.o(i.__0snprintf$1) refers to printf1.o(i._snputc) for _snputc
    printf1.o(i.__0sprintf$1) refers to printf1.o(i._printf_core) for _printf_core
    printf1.o(i.__0sprintf$1) refers to printf1.o(i._sputc) for _sputc
    printf1.o(i.__0vfprintf$1) refers to printf1.o(i._printf_core) for _printf_core
    printf1.o(i.__0vfprintf$1) refers to main.o(i.fputc) for fputc
    printf1.o(i.__0vprintf$1) refers to printf1.o(i._printf_core) for _printf_core
    printf1.o(i.__0vprintf$1) refers to main.o(i.fputc) for fputc
    printf1.o(i.__0vprintf$1) refers to stdout.o(.data) for __stdout
    printf1.o(i.__0vsnprintf$1) refers to printf1.o(i._printf_core) for _printf_core
    printf1.o(i.__0vsnprintf$1) refers to printf1.o(i._snputc) for _snputc
    printf1.o(i.__0vsprintf$1) refers to printf1.o(i._printf_core) for _printf_core
    printf1.o(i.__0vsprintf$1) refers to printf1.o(i._sputc) for _sputc
    printf1.o(i._printf_core) refers to uidiv.o(.text) for __aeabi_uidivmod
    printf2.o(i.__0fprintf$2) refers to printf2.o(i._printf_core) for _printf_core
    printf2.o(i.__0fprintf$2) refers to main.o(i.fputc) for fputc
    printf2.o(i.__0printf$2) refers to printf2.o(i._printf_core) for _printf_core
    printf2.o(i.__0printf$2) refers to main.o(i.fputc) for fputc
    printf2.o(i.__0printf$2) refers to stdout.o(.data) for __stdout
    printf2.o(i.__0snprintf$2) refers to printf2.o(i._printf_core) for _printf_core
    printf2.o(i.__0snprintf$2) refers to printf2.o(i._snputc) for _snputc
    printf2.o(i.__0sprintf$2) refers to printf2.o(i._printf_core) for _printf_core
    printf2.o(i.__0sprintf$2) refers to printf2.o(i._sputc) for _sputc
    printf2.o(i.__0vfprintf$2) refers to printf2.o(i._printf_core) for _printf_core
    printf2.o(i.__0vfprintf$2) refers to main.o(i.fputc) for fputc
    printf2.o(i.__0vprintf$2) refers to printf2.o(i._printf_core) for _printf_core
    printf2.o(i.__0vprintf$2) refers to main.o(i.fputc) for fputc
    printf2.o(i.__0vprintf$2) refers to stdout.o(.data) for __stdout
    printf2.o(i.__0vsnprintf$2) refers to printf2.o(i._printf_core) for _printf_core
    printf2.o(i.__0vsnprintf$2) refers to printf2.o(i._snputc) for _snputc
    printf2.o(i.__0vsprintf$2) refers to printf2.o(i._printf_core) for _printf_core
    printf2.o(i.__0vsprintf$2) refers to printf2.o(i._sputc) for _sputc
    printf3.o(i.__0fprintf$3) refers to printf3.o(i._printf_core) for _printf_core
    printf3.o(i.__0fprintf$3) refers to main.o(i.fputc) for fputc
    printf3.o(i.__0printf$3) refers to printf3.o(i._printf_core) for _printf_core
    printf3.o(i.__0printf$3) refers to main.o(i.fputc) for fputc
    printf3.o(i.__0printf$3) refers to stdout.o(.data) for __stdout
    printf3.o(i.__0snprintf$3) refers to printf3.o(i._printf_core) for _printf_core
    printf3.o(i.__0snprintf$3) refers to printf3.o(i._snputc) for _snputc
    printf3.o(i.__0sprintf$3) refers to printf3.o(i._printf_core) for _printf_core
    printf3.o(i.__0sprintf$3) refers to printf3.o(i._sputc) for _sputc
    printf3.o(i.__0vfprintf$3) refers to printf3.o(i._printf_core) for _printf_core
    printf3.o(i.__0vfprintf$3) refers to main.o(i.fputc) for fputc
    printf3.o(i.__0vprintf$3) refers to printf3.o(i._printf_core) for _printf_core
    printf3.o(i.__0vprintf$3) refers to main.o(i.fputc) for fputc
    printf3.o(i.__0vprintf$3) refers to stdout.o(.data) for __stdout
    printf3.o(i.__0vsnprintf$3) refers to printf3.o(i._printf_core) for _printf_core
    printf3.o(i.__0vsnprintf$3) refers to printf3.o(i._snputc) for _snputc
    printf3.o(i.__0vsprintf$3) refers to printf3.o(i._printf_core) for _printf_core
    printf3.o(i.__0vsprintf$3) refers to printf3.o(i._sputc) for _sputc
    printf3.o(i._printf_core) refers to uidiv.o(.text) for __aeabi_uidivmod
    printf4.o(i.__0fprintf$4) refers to printf4.o(i._printf_core) for _printf_core
    printf4.o(i.__0fprintf$4) refers to main.o(i.fputc) for fputc
    printf4.o(i.__0printf$4) refers to printf4.o(i._printf_core) for _printf_core
    printf4.o(i.__0printf$4) refers to main.o(i.fputc) for fputc
    printf4.o(i.__0printf$4) refers to stdout.o(.data) for __stdout
    printf4.o(i.__0snprintf$4) refers to printf4.o(i._printf_core) for _printf_core
    printf4.o(i.__0snprintf$4) refers to printf4.o(i._snputc) for _snputc
    printf4.o(i.__0sprintf$4) refers to printf4.o(i._printf_core) for _printf_core
    printf4.o(i.__0sprintf$4) refers to printf4.o(i._sputc) for _sputc
    printf4.o(i.__0vfprintf$4) refers to printf4.o(i._printf_core) for _printf_core
    printf4.o(i.__0vfprintf$4) refers to main.o(i.fputc) for fputc
    printf4.o(i.__0vprintf$4) refers to printf4.o(i._printf_core) for _printf_core
    printf4.o(i.__0vprintf$4) refers to main.o(i.fputc) for fputc
    printf4.o(i.__0vprintf$4) refers to stdout.o(.data) for __stdout
    printf4.o(i.__0vsnprintf$4) refers to printf4.o(i._printf_core) for _printf_core
    printf4.o(i.__0vsnprintf$4) refers to printf4.o(i._snputc) for _snputc
    printf4.o(i.__0vsprintf$4) refers to printf4.o(i._printf_core) for _printf_core
    printf4.o(i.__0vsprintf$4) refers to printf4.o(i._sputc) for _sputc
    printf4.o(i._printf_core) refers to uldiv.o(.text) for __aeabi_uldivmod
    printf5.o(i.__0fprintf$5) refers to printf5.o(i._printf_core) for _printf_core
    printf5.o(i.__0fprintf$5) refers to main.o(i.fputc) for fputc
    printf5.o(i.__0printf$5) refers to printf5.o(i._printf_core) for _printf_core
    printf5.o(i.__0printf$5) refers to main.o(i.fputc) for fputc
    printf5.o(i.__0printf$5) refers to stdout.o(.data) for __stdout
    printf5.o(i.__0snprintf$5) refers to printf5.o(i._printf_core) for _printf_core
    printf5.o(i.__0snprintf$5) refers to printf5.o(i._snputc) for _snputc
    printf5.o(i.__0sprintf$5) refers to printf5.o(i._printf_core) for _printf_core
    printf5.o(i.__0sprintf$5) refers to printf5.o(i._sputc) for _sputc
    printf5.o(i.__0vfprintf$5) refers to printf5.o(i._printf_core) for _printf_core
    printf5.o(i.__0vfprintf$5) refers to main.o(i.fputc) for fputc
    printf5.o(i.__0vprintf$5) refers to printf5.o(i._printf_core) for _printf_core
    printf5.o(i.__0vprintf$5) refers to main.o(i.fputc) for fputc
    printf5.o(i.__0vprintf$5) refers to stdout.o(.data) for __stdout
    printf5.o(i.__0vsnprintf$5) refers to printf5.o(i._printf_core) for _printf_core
    printf5.o(i.__0vsnprintf$5) refers to printf5.o(i._snputc) for _snputc
    printf5.o(i.__0vsprintf$5) refers to printf5.o(i._printf_core) for _printf_core
    printf5.o(i.__0vsprintf$5) refers to printf5.o(i._sputc) for _sputc
    printf5.o(i._printf_core) refers to uldiv.o(.text) for __aeabi_uldivmod
    printf6.o(i.__0fprintf$6) refers to printf6.o(i._printf_core) for _printf_core
    printf6.o(i.__0fprintf$6) refers to main.o(i.fputc) for fputc
    printf6.o(i.__0printf$6) refers to printf6.o(i._printf_core) for _printf_core
    printf6.o(i.__0printf$6) refers to main.o(i.fputc) for fputc
    printf6.o(i.__0printf$6) refers to stdout.o(.data) for __stdout
    printf6.o(i.__0snprintf$6) refers to printf6.o(i._printf_core) for _printf_core
    printf6.o(i.__0snprintf$6) refers to printf6.o(i._snputc) for _snputc
    printf6.o(i.__0sprintf$6) refers to printf6.o(i._printf_core) for _printf_core
    printf6.o(i.__0sprintf$6) refers to printf6.o(i._sputc) for _sputc
    printf6.o(i.__0vfprintf$6) refers to printf6.o(i._printf_core) for _printf_core
    printf6.o(i.__0vfprintf$6) refers to main.o(i.fputc) for fputc
    printf6.o(i.__0vprintf$6) refers to printf6.o(i._printf_core) for _printf_core
    printf6.o(i.__0vprintf$6) refers to main.o(i.fputc) for fputc
    printf6.o(i.__0vprintf$6) refers to stdout.o(.data) for __stdout
    printf6.o(i.__0vsnprintf$6) refers to printf6.o(i._printf_core) for _printf_core
    printf6.o(i.__0vsnprintf$6) refers to printf6.o(i._snputc) for _snputc
    printf6.o(i.__0vsprintf$6) refers to printf6.o(i._printf_core) for _printf_core
    printf6.o(i.__0vsprintf$6) refers to printf6.o(i._sputc) for _sputc
    printf6.o(i._printf_core) refers to printf6.o(i._printf_pre_padding) for _printf_pre_padding
    printf6.o(i._printf_core) refers to uidiv.o(.text) for __aeabi_uidivmod
    printf6.o(i._printf_core) refers to printf6.o(i._printf_post_padding) for _printf_post_padding
    printf7.o(i.__0fprintf$7) refers to printf7.o(i._printf_core) for _printf_core
    printf7.o(i.__0fprintf$7) refers to main.o(i.fputc) for fputc
    printf7.o(i.__0printf$7) refers to printf7.o(i._printf_core) for _printf_core
    printf7.o(i.__0printf$7) refers to main.o(i.fputc) for fputc
    printf7.o(i.__0printf$7) refers to stdout.o(.data) for __stdout
    printf7.o(i.__0snprintf$7) refers to printf7.o(i._printf_core) for _printf_core
    printf7.o(i.__0snprintf$7) refers to printf7.o(i._snputc) for _snputc
    printf7.o(i.__0sprintf$7) refers to printf7.o(i._printf_core) for _printf_core
    printf7.o(i.__0sprintf$7) refers to printf7.o(i._sputc) for _sputc
    printf7.o(i.__0vfprintf$7) refers to printf7.o(i._printf_core) for _printf_core
    printf7.o(i.__0vfprintf$7) refers to main.o(i.fputc) for fputc
    printf7.o(i.__0vprintf$7) refers to printf7.o(i._printf_core) for _printf_core
    printf7.o(i.__0vprintf$7) refers to main.o(i.fputc) for fputc
    printf7.o(i.__0vprintf$7) refers to stdout.o(.data) for __stdout
    printf7.o(i.__0vsnprintf$7) refers to printf7.o(i._printf_core) for _printf_core
    printf7.o(i.__0vsnprintf$7) refers to printf7.o(i._snputc) for _snputc
    printf7.o(i.__0vsprintf$7) refers to printf7.o(i._printf_core) for _printf_core
    printf7.o(i.__0vsprintf$7) refers to printf7.o(i._sputc) for _sputc
    printf7.o(i._printf_core) refers to printf7.o(i._printf_pre_padding) for _printf_pre_padding
    printf7.o(i._printf_core) refers to uldiv.o(.text) for __aeabi_uldivmod
    printf7.o(i._printf_core) refers to printf7.o(i._printf_post_padding) for _printf_post_padding
    printf8.o(i.__0fprintf$8) refers to printf8.o(i._printf_core) for _printf_core
    printf8.o(i.__0fprintf$8) refers to main.o(i.fputc) for fputc
    printf8.o(i.__0printf$8) refers to printf8.o(i._printf_core) for _printf_core
    printf8.o(i.__0printf$8) refers to main.o(i.fputc) for fputc
    printf8.o(i.__0printf$8) refers to stdout.o(.data) for __stdout
    printf8.o(i.__0snprintf$8) refers to printf8.o(i._printf_core) for _printf_core
    printf8.o(i.__0snprintf$8) refers to printf8.o(i._snputc) for _snputc
    printf8.o(i.__0sprintf$8) refers to printf8.o(i._printf_core) for _printf_core
    printf8.o(i.__0sprintf$8) refers to printf8.o(i._sputc) for _sputc
    printf8.o(i.__0vfprintf$8) refers to printf8.o(i._printf_core) for _printf_core
    printf8.o(i.__0vfprintf$8) refers to main.o(i.fputc) for fputc
    printf8.o(i.__0vprintf$8) refers to printf8.o(i._printf_core) for _printf_core
    printf8.o(i.__0vprintf$8) refers to main.o(i.fputc) for fputc
    printf8.o(i.__0vprintf$8) refers to stdout.o(.data) for __stdout
    printf8.o(i.__0vsnprintf$8) refers to printf8.o(i._printf_core) for _printf_core
    printf8.o(i.__0vsnprintf$8) refers to printf8.o(i._snputc) for _snputc
    printf8.o(i.__0vsprintf$8) refers to printf8.o(i._printf_core) for _printf_core
    printf8.o(i.__0vsprintf$8) refers to printf8.o(i._sputc) for _sputc
    printf8.o(i._printf_core) refers to printf8.o(i._printf_pre_padding) for _printf_pre_padding
    printf8.o(i._printf_core) refers to uldiv.o(.text) for __aeabi_uldivmod
    printf8.o(i._printf_core) refers to printf8.o(i._printf_post_padding) for _printf_post_padding
    printfa.o(i.__0fprintf) refers (Special) to iusefp.o(.text) for __I$use$fp
    printfa.o(i.__0fprintf) refers to printfa.o(i._printf_core) for _printf_core
    printfa.o(i.__0fprintf) refers to main.o(i.fputc) for fputc
    printfa.o(i.__0printf) refers (Special) to iusefp.o(.text) for __I$use$fp
    printfa.o(i.__0printf) refers to printfa.o(i._printf_core) for _printf_core
    printfa.o(i.__0printf) refers to main.o(i.fputc) for fputc
    printfa.o(i.__0printf) refers to stdout.o(.data) for __stdout
    printfa.o(i.__0snprintf) refers (Special) to iusefp.o(.text) for __I$use$fp
    printfa.o(i.__0snprintf) refers to printfa.o(i._printf_core) for _printf_core
    printfa.o(i.__0snprintf) refers to printfa.o(i._snputc) for _snputc
    printfa.o(i.__0sprintf) refers (Special) to iusefp.o(.text) for __I$use$fp
    printfa.o(i.__0sprintf) refers to printfa.o(i._printf_core) for _printf_core
    printfa.o(i.__0sprintf) refers to printfa.o(i._sputc) for _sputc
    printfa.o(i.__0vfprintf) refers (Special) to iusefp.o(.text) for __I$use$fp
    printfa.o(i.__0vfprintf) refers to printfa.o(i._printf_core) for _printf_core
    printfa.o(i.__0vfprintf) refers to main.o(i.fputc) for fputc
    printfa.o(i.__0vprintf) refers (Special) to iusefp.o(.text) for __I$use$fp
    printfa.o(i.__0vprintf) refers to printfa.o(i._printf_core) for _printf_core
    printfa.o(i.__0vprintf) refers to main.o(i.fputc) for fputc
    printfa.o(i.__0vprintf) refers to stdout.o(.data) for __stdout
    printfa.o(i.__0vsnprintf) refers (Special) to iusefp.o(.text) for __I$use$fp
    printfa.o(i.__0vsnprintf) refers to printfa.o(i._printf_core) for _printf_core
    printfa.o(i.__0vsnprintf) refers to printfa.o(i._snputc) for _snputc
    printfa.o(i.__0vsprintf) refers (Special) to iusefp.o(.text) for __I$use$fp
    printfa.o(i.__0vsprintf) refers to printfa.o(i._printf_core) for _printf_core
    printfa.o(i.__0vsprintf) refers to printfa.o(i._sputc) for _sputc
    printfa.o(i._fp_digits) refers (Special) to iusefp.o(.text) for __I$use$fp
    printfa.o(i._fp_digits) refers to dmul.o(.text) for __aeabi_dmul
    printfa.o(i._fp_digits) refers to ddiv.o(.text) for __aeabi_ddiv
    printfa.o(i._fp_digits) refers to cdrcmple.o(.text) for __aeabi_cdrcmple
    printfa.o(i._fp_digits) refers to dadd.o(.text) for __aeabi_dadd
    printfa.o(i._fp_digits) refers to dfixul.o(.text) for __aeabi_d2ulz
    printfa.o(i._fp_digits) refers to uldiv.o(.text) for __aeabi_uldivmod
    printfa.o(i._printf_core) refers (Special) to iusefp.o(.text) for __I$use$fp
    printfa.o(i._printf_core) refers to printfa.o(i._printf_pre_padding) for _printf_pre_padding
    printfa.o(i._printf_core) refers to uldiv.o(.text) for __aeabi_uldivmod
    printfa.o(i._printf_core) refers to printfa.o(i._printf_post_padding) for _printf_post_padding
    printfa.o(i._printf_core) refers to printfa.o(i._fp_digits) for _fp_digits
    printfa.o(i._printf_core) refers to uidiv.o(.text) for __aeabi_uidivmod
    printfa.o(i._printf_post_padding) refers (Special) to iusefp.o(.text) for __I$use$fp
    printfa.o(i._printf_pre_padding) refers (Special) to iusefp.o(.text) for __I$use$fp
    printfa.o(i._snputc) refers (Special) to iusefp.o(.text) for __I$use$fp
    printfa.o(i._sputc) refers (Special) to iusefp.o(.text) for __I$use$fp
    entry2.o(.ARM.Collect$$$$00000001) refers to entry2.o(.ARM.Collect$$$$00002712) for __lit__00000000
    entry2.o(.ARM.Collect$$$$00002712) refers to startup_mhscpu.o(STACK) for __initial_sp
    entry2.o(__vectab_stack_and_reset_area) refers to startup_mhscpu.o(STACK) for __initial_sp
    entry2.o(__vectab_stack_and_reset_area) refers to entry.o(.ARM.Collect$$$$00000000) for __main
    entry5.o(.ARM.Collect$$$$00000004) refers to init.o(.text) for __scatterload
    entry8.o(.ARM.Collect$$$$00000009) refers to main.o(i.main) for main
    uldiv.o(.text) refers to llushr.o(.text) for __aeabi_llsr
    uldiv.o(.text) refers to llshl.o(.text) for __aeabi_llsl
    dadd.o(.text) refers to llshl.o(.text) for __aeabi_llsl
    dadd.o(.text) refers to llsshr.o(.text) for __aeabi_lasr
    dadd.o(.text) refers to depilogue.o(.text) for _double_epilogue
    dmul.o(.text) refers to depilogue.o(.text) for _double_epilogue
    ddiv.o(.text) refers to depilogue.o(.text) for _double_round
    dfixul.o(.text) refers to llushr.o(.text) for __aeabi_llsr
    dfixul.o(.text) refers to llshl.o(.text) for __aeabi_llsl
    init.o(.text) refers to entry5.o(.ARM.Collect$$$$00000004) for __main_after_scatterload
    depilogue.o(.text) refers to llshl.o(.text) for __aeabi_llsl
    depilogue.o(.text) refers to llushr.o(.text) for __aeabi_llsr


==============================================================================

Removing Unused input sections from the image.

    Removing main.o(.rev16_text), (4 bytes).
    Removing main.o(.revsh_text), (4 bytes).
    Removing main.o(i.NVIC_Configuration), (64 bytes).
    Removing mhscpu_it.o(.rev16_text), (4 bytes).
    Removing mhscpu_it.o(.revsh_text), (4 bytes).
    Removing startup_mhscpu.o(HEAP), (32768 bytes).
    Removing misc.o(.rev16_text), (4 bytes).
    Removing misc.o(.revsh_text), (4 bytes).
    Removing misc.o(i.NVIC_Init), (332 bytes).
    Removing misc.o(i.NVIC_PriorityGroupConfig), (100 bytes).
    Removing misc.o(i.NVIC_SetVectorTable), (124 bytes).
    Removing misc.o(i.SysTick_CLKSourceConfig), (116 bytes).
    Removing mhscpu_gpio.o(.rev16_text), (4 bytes).
    Removing mhscpu_gpio.o(.revsh_text), (4 bytes).
    Removing mhscpu_gpio.o(i.GPIO_DeInit), (12 bytes).
    Removing mhscpu_gpio.o(i.GPIO_Init), (408 bytes).
    Removing mhscpu_gpio.o(i.GPIO_PullUpCmd), (168 bytes).
    Removing mhscpu_gpio.o(i.GPIO_ReadInputData), (14 bytes).
    Removing mhscpu_gpio.o(i.GPIO_ReadInputDataBit), (232 bytes).
    Removing mhscpu_gpio.o(i.GPIO_ReadOutputData), (8 bytes).
    Removing mhscpu_gpio.o(i.GPIO_ReadOutputDataBit), (232 bytes).
    Removing mhscpu_gpio.o(i.GPIO_ResetBits), (288 bytes).
    Removing mhscpu_gpio.o(i.GPIO_SetBits), (288 bytes).
    Removing mhscpu_gpio.o(i.GPIO_StructInit), (14 bytes).
    Removing mhscpu_gpio.o(i.GPIO_WakeEvenConfig), (388 bytes).
    Removing mhscpu_gpio.o(i.GPIO_WakeEvenDeInit), (16 bytes).
    Removing mhscpu_gpio.o(i.GPIO_WakeModeConfig), (112 bytes).
    Removing mhscpu_gpio.o(i.GPIO_Write), (236 bytes).
    Removing mhscpu_gpio.o(.bss), (12 bytes).
    Removing mhscpu_sysctrl.o(.rev16_text), (4 bytes).
    Removing mhscpu_sysctrl.o(.revsh_text), (4 bytes).
    Removing mhscpu_sysctrl.o(.emb_text), (24 bytes).
    Removing mhscpu_sysctrl.o(i.SYSCTRL_AHBPeriphClockCmd), (136 bytes).
    Removing mhscpu_sysctrl.o(i.SYSCTRL_AHBPeriphResetCmd), (160 bytes).
    Removing mhscpu_sysctrl.o(i.SYSCTRL_EnterSleep), (160 bytes).
    Removing mhscpu_sysctrl.o(i.SYSCTRL_GetChipSN), (28 bytes).
    Removing mhscpu_sysctrl.o(i.SYSCTRL_HCLKConfig), (156 bytes).
    Removing mhscpu_sysctrl.o(i.SYSCTRL_PCLKConfig), (132 bytes).
    Removing mhscpu_sysctrl.o(i.SYSCTRL_PLLConfig), (300 bytes).
    Removing mhscpu_sysctrl.o(i.SYSCTRL_PLLDivConfig), (156 bytes).
    Removing mhscpu_sysctrl.o(i.SYSCTRL_SYSCLKSourceSelect), (124 bytes).
    Removing mhscpu_sysctrl.o(i.SYSCTRL_SoftReset), (12 bytes).
    Removing mhscpu_uart.o(.rev16_text), (4 bytes).
    Removing mhscpu_uart.o(.revsh_text), (4 bytes).
    Removing mhscpu_uart.o(i.UART_AutoFlowCtrlCmd), (22 bytes).
    Removing mhscpu_uart.o(i.UART_DMAGenerateSoftAck), (14 bytes).
    Removing mhscpu_uart.o(i.UART_DeInit), (180 bytes).
    Removing mhscpu_uart.o(i.UART_FIFOAccessModeCmd), (22 bytes).
    Removing mhscpu_uart.o(i.UART_FIFOReset), (26 bytes).
    Removing mhscpu_uart.o(i.UART_FIFOTxRead), (8 bytes).
    Removing mhscpu_uart.o(i.UART_GetITIdentity), (6 bytes).
    Removing mhscpu_uart.o(i.UART_GetLineStatus), (6 bytes).
    Removing mhscpu_uart.o(i.UART_GetModemStatus), (6 bytes).
    Removing mhscpu_uart.o(i.UART_IrDACmd), (108 bytes).
    Removing mhscpu_uart.o(i.UART_IsBusy), (18 bytes).
    Removing mhscpu_uart.o(i.UART_IsRXFIFOError), (18 bytes).
    Removing mhscpu_uart.o(i.UART_IsRXFramingError), (18 bytes).
    Removing mhscpu_uart.o(i.UART_IsRXOverrunError), (18 bytes).
    Removing mhscpu_uart.o(i.UART_IsRXParityError), (18 bytes).
    Removing mhscpu_uart.o(i.UART_IsRXReceived), (18 bytes).
    Removing mhscpu_uart.o(i.UART_IsTXFIFOEmpty), (18 bytes).
    Removing mhscpu_uart.o(i.UART_IsTXFIFOTrigger), (18 bytes).
    Removing mhscpu_uart.o(i.UART_IsTXHoldingRegisterEmpty), (18 bytes).
    Removing mhscpu_uart.o(i.UART_ResetDTR), (10 bytes).
    Removing mhscpu_uart.o(i.UART_ResetRTS), (10 bytes).
    Removing mhscpu_uart.o(i.UART_SendBreak), (14 bytes).
    Removing mhscpu_uart.o(i.UART_SetDTR), (10 bytes).
    Removing mhscpu_uart.o(i.UART_SetRTS), (10 bytes).
    Removing mhscpu_uart.o(i.UART_TXHaltCmd), (30 bytes).
    Removing system_mhscpu.o(.rev16_text), (4 bytes).
    Removing system_mhscpu.o(.revsh_text), (4 bytes).
    Removing system_mhscpu.o(i.SystemCoreClockUpdate), (16 bytes).
    Removing system_mhscpu.o(.data), (4 bytes).
    Removing dadd.o(.text), (334 bytes).
    Removing dmul.o(.text), (228 bytes).
    Removing ddiv.o(.text), (222 bytes).
    Removing dfixul.o(.text), (48 bytes).
    Removing cdrcmple.o(.text), (40 bytes).
    Removing depilogue.o(.text), (190 bytes).

79 unused section(s) (total 39102 bytes) removed from the image.

==============================================================================

Image Symbol Table

    Local Symbols

    Symbol Name                              Value     Ov Type        Size  Object(Section)

    ../clib/microlib/division.c              0x00000000   Number         0  uidiv.o ABSOLUTE
    ../clib/microlib/division.c              0x00000000   Number         0  uldiv.o ABSOLUTE
    ../clib/microlib/init/entry.s            0x00000000   Number         0  entry7a.o ABSOLUTE
    ../clib/microlib/init/entry.s            0x00000000   Number         0  entry7b.o ABSOLUTE
    ../clib/microlib/init/entry.s            0x00000000   Number         0  entry8.o ABSOLUTE
    ../clib/microlib/init/entry.s            0x00000000   Number         0  entry2.o ABSOLUTE
    ../clib/microlib/init/entry.s            0x00000000   Number         0  entry.o ABSOLUTE
    ../clib/microlib/init/entry.s            0x00000000   Number         0  entry5.o ABSOLUTE
    ../clib/microlib/longlong.c              0x00000000   Number         0  llsshr.o ABSOLUTE
    ../clib/microlib/longlong.c              0x00000000   Number         0  llushr.o ABSOLUTE
    ../clib/microlib/longlong.c              0x00000000   Number         0  llshl.o ABSOLUTE
    ../clib/microlib/printf/printf.c         0x00000000   Number         0  printfb.o ABSOLUTE
    ../clib/microlib/printf/printf.c         0x00000000   Number         0  printf8.o ABSOLUTE
    ../clib/microlib/printf/printf.c         0x00000000   Number         0  printf2.o ABSOLUTE
    ../clib/microlib/printf/printf.c         0x00000000   Number         0  printf1.o ABSOLUTE
    ../clib/microlib/printf/printf.c         0x00000000   Number         0  printf0.o ABSOLUTE
    ../clib/microlib/printf/printf.c         0x00000000   Number         0  printf7.o ABSOLUTE
    ../clib/microlib/printf/printf.c         0x00000000   Number         0  printf6.o ABSOLUTE
    ../clib/microlib/printf/printf.c         0x00000000   Number         0  printf5.o ABSOLUTE
    ../clib/microlib/printf/printf.c         0x00000000   Number         0  printf4.o ABSOLUTE
    ../clib/microlib/printf/printf.c         0x00000000   Number         0  printfa.o ABSOLUTE
    ../clib/microlib/printf/printf.c         0x00000000   Number         0  printf3.o ABSOLUTE
    ../clib/microlib/stdio/streams.c         0x00000000   Number         0  stdout.o ABSOLUTE
    ../clib/microlib/string/memcpy.c         0x00000000   Number         0  memcpyb.o ABSOLUTE
    ../clib/microlib/string/memcpy.c         0x00000000   Number         0  memcpya.o ABSOLUTE
    ../clib/microlib/string/memset.c         0x00000000   Number         0  memseta.o ABSOLUTE
    ../clib/microlib/stubs.s                 0x00000000   Number         0  iusefp.o ABSOLUTE
    ../fplib/microlib/fpadd.c                0x00000000   Number         0  dadd.o ABSOLUTE
    ../fplib/microlib/fpdiv.c                0x00000000   Number         0  ddiv.o ABSOLUTE
    ../fplib/microlib/fpepilogue.c           0x00000000   Number         0  depilogue.o ABSOLUTE
    ../fplib/microlib/fpfix.c                0x00000000   Number         0  dfixul.o ABSOLUTE
    ../fplib/microlib/fpmul.c                0x00000000   Number         0  dmul.o ABSOLUTE
    ..\..\..\..\..\Libraries\Device\MegaHunt\mhscpu\Source\ARM\startup_mhscpu.s 0x00000000   Number         0  startup_mhscpu.o ABSOLUTE
    ..\..\..\..\..\Libraries\Device\MegaHunt\mhscpu\Source\system_mhscpu.c 0x00000000   Number         0  system_mhscpu.o ABSOLUTE
    ..\..\..\..\..\Libraries\MHSCPU_Driver\src\mhscpu_gpio.c 0x00000000   Number         0  mhscpu_gpio.o ABSOLUTE
    ..\..\..\..\..\Libraries\MHSCPU_Driver\src\mhscpu_sysctrl.c 0x00000000   Number         0  mhscpu_sysctrl.o ABSOLUTE
    ..\..\..\..\..\Libraries\MHSCPU_Driver\src\mhscpu_uart.c 0x00000000   Number         0  mhscpu_uart.o ABSOLUTE
    ..\..\..\..\..\Libraries\MHSCPU_Driver\src\misc.c 0x00000000   Number         0  misc.o ABSOLUTE
    ..\..\User\main.c                        0x00000000   Number         0  main.o ABSOLUTE
    ..\..\User\mhscpu_it.c                   0x00000000   Number         0  mhscpu_it.o ABSOLUTE
    ..\\..\\..\\..\\..\\Libraries\\Device\\MegaHunt\\mhscpu\\Source\\system_mhscpu.c 0x00000000   Number         0  system_mhscpu.o ABSOLUTE
    ..\\..\\..\\..\\..\\Libraries\\MHSCPU_Driver\\src\\mhscpu_gpio.c 0x00000000   Number         0  mhscpu_gpio.o ABSOLUTE
    ..\\..\\..\\..\\..\\Libraries\\MHSCPU_Driver\\src\\mhscpu_sysctrl.c 0x00000000   Number         0  mhscpu_sysctrl.o ABSOLUTE
    ..\\..\\..\\..\\..\\Libraries\\MHSCPU_Driver\\src\\mhscpu_uart.c 0x00000000   Number         0  mhscpu_uart.o ABSOLUTE
    ..\\..\\..\\..\\..\\Libraries\\MHSCPU_Driver\\src\\misc.c 0x00000000   Number         0  misc.o ABSOLUTE
    ..\\..\\User\\main.c                     0x00000000   Number         0  main.o ABSOLUTE
    ..\\..\\User\\mhscpu_it.c                0x00000000   Number         0  mhscpu_it.o ABSOLUTE
    cdrcmple.s                               0x00000000   Number         0  cdrcmple.o ABSOLUTE
    dc.s                                     0x00000000   Number         0  dc.o ABSOLUTE
    handlers.s                               0x00000000   Number         0  handlers.o ABSOLUTE
    init.s                                   0x00000000   Number         0  init.o ABSOLUTE
    RESET                                    0x01001000   Section      272  startup_mhscpu.o(RESET)
    .ARM.Collect$$$$00000000                 0x01001110   Section        0  entry.o(.ARM.Collect$$$$00000000)
    .ARM.Collect$$$$00000001                 0x01001110   Section        4  entry2.o(.ARM.Collect$$$$00000001)
    .ARM.Collect$$$$00000004                 0x01001114   Section        4  entry5.o(.ARM.Collect$$$$00000004)
    .ARM.Collect$$$$00000008                 0x01001118   Section        0  entry7b.o(.ARM.Collect$$$$00000008)
    .ARM.Collect$$$$00000009                 0x01001118   Section        8  entry8.o(.ARM.Collect$$$$00000009)
    .ARM.Collect$$$$00002712                 0x01001120   Section        4  entry2.o(.ARM.Collect$$$$00002712)
    __lit__00000000                          0x01001120   Data           4  entry2.o(.ARM.Collect$$$$00002712)
    .text                                    0x01001124   Section       56  startup_mhscpu.o(.text)
    $v0                                      0x01001124   Number         0  startup_mhscpu.o(.text)
    .text                                    0x0100115c   Section        0  memcpya.o(.text)
    .text                                    0x01001180   Section        0  memseta.o(.text)
    .text                                    0x010011a4   Section       36  init.o(.text)
    i.BusFault_Handler                       0x010011c8   Section        0  mhscpu_it.o(i.BusFault_Handler)
    i.DebugMon_Handler                       0x010011cc   Section        0  mhscpu_it.o(i.DebugMon_Handler)
    i.GPIO_GetGPIONum                        0x010011d0   Section        0  mhscpu_gpio.o(i.GPIO_GetGPIONum)
    GPIO_GetGPIONum                          0x010011d1   Thumb Code   104  mhscpu_gpio.o(i.GPIO_GetGPIONum)
    i.GPIO_PinRemapConfig                    0x0100127c   Section        0  mhscpu_gpio.o(i.GPIO_PinRemapConfig)
    i.HardFault_Handler                      0x010013c4   Section        0  mhscpu_it.o(i.HardFault_Handler)
    i.MemManage_Handler                      0x010013c8   Section        0  mhscpu_it.o(i.MemManage_Handler)
    i.NMI_Handler                            0x010013cc   Section        0  mhscpu_it.o(i.NMI_Handler)
    i.PendSV_Handler                         0x010013ce   Section        0  mhscpu_it.o(i.PendSV_Handler)
    i.SER_PutChar                            0x010013d0   Section        0  main.o(i.SER_PutChar)
    i.SVC_Handler                            0x010013f0   Section        0  mhscpu_it.o(i.SVC_Handler)
    i.SYSCTRL_APBPeriphClockCmd              0x010013f4   Section        0  mhscpu_sysctrl.o(i.SYSCTRL_APBPeriphClockCmd)
    i.SYSCTRL_APBPeriphResetCmd              0x0100147c   Section        0  mhscpu_sysctrl.o(i.SYSCTRL_APBPeriphResetCmd)
    i.SYSCTRL_GetClocksFreq                  0x01001504   Section        0  mhscpu_sysctrl.o(i.SYSCTRL_GetClocksFreq)
    i.SysTick_Handler                        0x01001630   Section        0  mhscpu_it.o(i.SysTick_Handler)
    i.SystemInit                             0x01001650   Section        0  system_mhscpu.o(i.SystemInit)
    i.UART0_IRQHandler                       0x01001664   Section        0  mhscpu_it.o(i.UART0_IRQHandler)
    i.UART_Configuration                     0x01001740   Section        0  main.o(i.UART_Configuration)
    i.UART_FIFOCmd                           0x0100179c   Section        0  mhscpu_uart.o(i.UART_FIFOCmd)
    i.UART_FIFOInit                          0x010017ba   Section        0  mhscpu_uart.o(i.UART_FIFOInit)
    i.UART_FIFOStructInit                    0x01001836   Section        0  mhscpu_uart.o(i.UART_FIFOStructInit)
    i.UART_ITConfig                          0x0100184a   Section        0  mhscpu_uart.o(i.UART_ITConfig)
    i.UART_Init                              0x0100185c   Section        0  mhscpu_uart.o(i.UART_Init)
    i.UART_IsRXFIFOFull                      0x01001984   Section        0  mhscpu_uart.o(i.UART_IsRXFIFOFull)
    i.UART_IsRXFIFONotEmpty                  0x01001996   Section        0  mhscpu_uart.o(i.UART_IsRXFIFONotEmpty)
    i.UART_IsTXEmpty                         0x010019a8   Section        0  mhscpu_uart.o(i.UART_IsTXEmpty)
    i.UART_IsTXFIFONotFull                   0x010019ba   Section        0  mhscpu_uart.o(i.UART_IsTXFIFONotFull)
    i.UART_ReceiveData                       0x010019cc   Section        0  mhscpu_uart.o(i.UART_ReceiveData)
    i.UART_SendData                          0x010019d4   Section        0  mhscpu_uart.o(i.UART_SendData)
    i.UART_StructInit                        0x010019d8   Section        0  mhscpu_uart.o(i.UART_StructInit)
    i.UsageFault_Handler                     0x010019ea   Section        0  mhscpu_it.o(i.UsageFault_Handler)
    i.__0printf$bare                         0x010019f0   Section        0  printfb.o(i.__0printf$bare)
    i.__scatterload_copy                     0x01001a00   Section       14  handlers.o(i.__scatterload_copy)
    i.__scatterload_null                     0x01001a0e   Section        2  handlers.o(i.__scatterload_null)
    i.__scatterload_zeroinit                 0x01001a10   Section       14  handlers.o(i.__scatterload_zeroinit)
    i._printf_core                           0x01001a1e   Section        0  printfb.o(i._printf_core)
    _printf_core                             0x01001a1f   Thumb Code    34  printfb.o(i._printf_core)
    i.assert_failed                          0x01001a40   Section        0  main.o(i.assert_failed)
    i.fputc                                  0x01001a44   Section        0  main.o(i.fputc)
    i.main                                   0x01001a5c   Section        0  main.o(i.main)
    .constdata                               0x01001af0   Section       24  mhscpu_gpio.o(.constdata)
    .data                                    0x20000000   Section       12  main.o(.data)
    .data                                    0x2000000c   Section        4  stdout.o(.data)
    .bss                                     0x20000010   Section       16  main.o(.bss)
    STACK                                    0x20000020   Section    32768  startup_mhscpu.o(STACK)

    Global Symbols

    Symbol Name                              Value     Ov Type        Size  Object(Section)

    BuildAttributes$$THM_ISAv4$E$P$D$K$B$S$7EM$VFPi3$EXTD16$VFPS$VFMA$PE$A:L22UL41UL21$X:L11$S22US41US21$IEEE1$IW$USESV6$~STKCKD$USESV7$~SHL$OSPACE$ROPI$EBA8$MICROLIB$REQ8$PRES8$EABIv2 0x00000000   Number         0  anon$$obj.o ABSOLUTE
    __ARM_use_no_argv                        0x00000000   Number         0  main.o ABSOLUTE
    __decompress                              - Undefined Weak Reference
    _clock_init                               - Undefined Weak Reference
    __Vectors_Size                           0x00000110   Number         0  startup_mhscpu.o ABSOLUTE
    __Vectors                                0x01001000   Data           4  startup_mhscpu.o(RESET)
    __Vectors_End                            0x01001110   Data           0  startup_mhscpu.o(RESET)
    __main                                   0x01001111   Thumb Code     0  entry.o(.ARM.Collect$$$$00000000)
    _main_stk                                0x01001111   Thumb Code     0  entry2.o(.ARM.Collect$$$$00000001)
    _main_scatterload                        0x01001115   Thumb Code     0  entry5.o(.ARM.Collect$$$$00000004)
    __main_after_scatterload                 0x01001119   Thumb Code     0  entry5.o(.ARM.Collect$$$$00000004)
    _main_clock                              0x01001119   Thumb Code     0  entry7b.o(.ARM.Collect$$$$00000008)
    _main_init                               0x01001119   Thumb Code     0  entry8.o(.ARM.Collect$$$$00000009)
    Reset_Handler                            0x01001125   Thumb Code    18  startup_mhscpu.o(.text)
    ADC0_IRQHandler                          0x0100114b   Thumb Code     0  startup_mhscpu.o(.text)
    AWD_IRQHandler                           0x0100114b   Thumb Code     0  startup_mhscpu.o(.text)
    CRYPT0_IRQHandler                        0x0100114b   Thumb Code     0  startup_mhscpu.o(.text)
    DAC_IRQHandler                           0x0100114b   Thumb Code     0  startup_mhscpu.o(.text)
    DCMI_IRQHandler                          0x0100114b   Thumb Code     0  startup_mhscpu.o(.text)
    DMA0_IRQHandler                          0x0100114b   Thumb Code     0  startup_mhscpu.o(.text)
    EXTI0_IRQHandler                         0x0100114b   Thumb Code     0  startup_mhscpu.o(.text)
    EXTI1_IRQHandler                         0x0100114b   Thumb Code     0  startup_mhscpu.o(.text)
    EXTI2_IRQHandler                         0x0100114b   Thumb Code     0  startup_mhscpu.o(.text)
    EXTI3_IRQHandler                         0x0100114b   Thumb Code     0  startup_mhscpu.o(.text)
    EXTI4_IRQHandler                         0x0100114b   Thumb Code     0  startup_mhscpu.o(.text)
    EXTI5_IRQHandler                         0x0100114b   Thumb Code     0  startup_mhscpu.o(.text)
    GPU_IRQHandler                           0x0100114b   Thumb Code     0  startup_mhscpu.o(.text)
    I2C0_IRQHandler                          0x0100114b   Thumb Code     0  startup_mhscpu.o(.text)
    KEYBOARD_IRQHandler                      0x0100114b   Thumb Code     0  startup_mhscpu.o(.text)
    LCD_IRQHandler                           0x0100114b   Thumb Code     0  startup_mhscpu.o(.text)
    MSR_IRQHandler                           0x0100114b   Thumb Code     0  startup_mhscpu.o(.text)
    QR_IRQHandler                            0x0100114b   Thumb Code     0  startup_mhscpu.o(.text)
    QSPI_IRQHandler                          0x0100114b   Thumb Code     0  startup_mhscpu.o(.text)
    RTC_IRQHandler                           0x0100114b   Thumb Code     0  startup_mhscpu.o(.text)
    SCI0_IRQHandler                          0x0100114b   Thumb Code     0  startup_mhscpu.o(.text)
    SCI2_IRQHandler                          0x0100114b   Thumb Code     0  startup_mhscpu.o(.text)
    SENSOR_IRQHandler                        0x0100114b   Thumb Code     0  startup_mhscpu.o(.text)
    SPI0_IRQHandler                          0x0100114b   Thumb Code     0  startup_mhscpu.o(.text)
    SPI1_IRQHandler                          0x0100114b   Thumb Code     0  startup_mhscpu.o(.text)
    SPI2_IRQHandler                          0x0100114b   Thumb Code     0  startup_mhscpu.o(.text)
    SPI5_IRQHandler                          0x0100114b   Thumb Code     0  startup_mhscpu.o(.text)
    SSC_IRQHandler                           0x0100114b   Thumb Code     0  startup_mhscpu.o(.text)
    TIM0_0_IRQHandler                        0x0100114b   Thumb Code     0  startup_mhscpu.o(.text)
    TIM0_1_IRQHandler                        0x0100114b   Thumb Code     0  startup_mhscpu.o(.text)
    TIM0_2_IRQHandler                        0x0100114b   Thumb Code     0  startup_mhscpu.o(.text)
    TIM0_3_IRQHandler                        0x0100114b   Thumb Code     0  startup_mhscpu.o(.text)
    TIM0_4_IRQHandler                        0x0100114b   Thumb Code     0  startup_mhscpu.o(.text)
    TIM0_5_IRQHandler                        0x0100114b   Thumb Code     0  startup_mhscpu.o(.text)
    TIM0_6_IRQHandler                        0x0100114b   Thumb Code     0  startup_mhscpu.o(.text)
    TIM0_7_IRQHandler                        0x0100114b   Thumb Code     0  startup_mhscpu.o(.text)
    TRNG_IRQHandler                          0x0100114b   Thumb Code     0  startup_mhscpu.o(.text)
    UART1_IRQHandler                         0x0100114b   Thumb Code     0  startup_mhscpu.o(.text)
    UART2_IRQHandler                         0x0100114b   Thumb Code     0  startup_mhscpu.o(.text)
    UART3_IRQHandler                         0x0100114b   Thumb Code     0  startup_mhscpu.o(.text)
    USBDMA_IRQHandler                        0x0100114b   Thumb Code     0  startup_mhscpu.o(.text)
    USB_IRQHandler                           0x0100114b   Thumb Code     0  startup_mhscpu.o(.text)
    __aeabi_memcpy                           0x0100115d   Thumb Code    36  memcpya.o(.text)
    __aeabi_memcpy4                          0x0100115d   Thumb Code     0  memcpya.o(.text)
    __aeabi_memcpy8                          0x0100115d   Thumb Code     0  memcpya.o(.text)
    __aeabi_memset                           0x01001181   Thumb Code    14  memseta.o(.text)
    __aeabi_memset4                          0x01001181   Thumb Code     0  memseta.o(.text)
    __aeabi_memset8                          0x01001181   Thumb Code     0  memseta.o(.text)
    __aeabi_memclr                           0x0100118f   Thumb Code     4  memseta.o(.text)
    __aeabi_memclr4                          0x0100118f   Thumb Code     0  memseta.o(.text)
    __aeabi_memclr8                          0x0100118f   Thumb Code     0  memseta.o(.text)
    _memset$wrapper                          0x01001193   Thumb Code    18  memseta.o(.text)
    __scatterload                            0x010011a5   Thumb Code    28  init.o(.text)
    __scatterload_rt2                        0x010011a5   Thumb Code     0  init.o(.text)
    BusFault_Handler                         0x010011c9   Thumb Code     4  mhscpu_it.o(i.BusFault_Handler)
    DebugMon_Handler                         0x010011cd   Thumb Code     2  mhscpu_it.o(i.DebugMon_Handler)
    GPIO_PinRemapConfig                      0x0100127d   Thumb Code   258  mhscpu_gpio.o(i.GPIO_PinRemapConfig)
    HardFault_Handler                        0x010013c5   Thumb Code     4  mhscpu_it.o(i.HardFault_Handler)
    MemManage_Handler                        0x010013c9   Thumb Code     4  mhscpu_it.o(i.MemManage_Handler)
    NMI_Handler                              0x010013cd   Thumb Code     2  mhscpu_it.o(i.NMI_Handler)
    PendSV_Handler                           0x010013cf   Thumb Code     2  mhscpu_it.o(i.PendSV_Handler)
    SER_PutChar                              0x010013d1   Thumb Code    28  main.o(i.SER_PutChar)
    SVC_Handler                              0x010013f1   Thumb Code     2  mhscpu_it.o(i.SVC_Handler)
    SYSCTRL_APBPeriphClockCmd                0x010013f5   Thumb Code    66  mhscpu_sysctrl.o(i.SYSCTRL_APBPeriphClockCmd)
    SYSCTRL_APBPeriphResetCmd                0x0100147d   Thumb Code    66  mhscpu_sysctrl.o(i.SYSCTRL_APBPeriphResetCmd)
    SYSCTRL_GetClocksFreq                    0x01001505   Thumb Code   258  mhscpu_sysctrl.o(i.SYSCTRL_GetClocksFreq)
    SysTick_Handler                          0x01001631   Thumb Code    10  mhscpu_it.o(i.SysTick_Handler)
    SystemInit                               0x01001651   Thumb Code    14  system_mhscpu.o(i.SystemInit)
    UART0_IRQHandler                         0x01001665   Thumb Code   198  mhscpu_it.o(i.UART0_IRQHandler)
    UART_Configuration                       0x01001741   Thumb Code    84  main.o(i.UART_Configuration)
    UART_FIFOCmd                             0x0100179d   Thumb Code    30  mhscpu_uart.o(i.UART_FIFOCmd)
    UART_FIFOInit                            0x010017bb   Thumb Code   124  mhscpu_uart.o(i.UART_FIFOInit)
    UART_FIFOStructInit                      0x01001837   Thumb Code    20  mhscpu_uart.o(i.UART_FIFOStructInit)
    UART_ITConfig                            0x0100184b   Thumb Code    18  mhscpu_uart.o(i.UART_ITConfig)
    UART_Init                                0x0100185d   Thumb Code   214  mhscpu_uart.o(i.UART_Init)
    UART_IsRXFIFOFull                        0x01001985   Thumb Code    18  mhscpu_uart.o(i.UART_IsRXFIFOFull)
    UART_IsRXFIFONotEmpty                    0x01001997   Thumb Code    18  mhscpu_uart.o(i.UART_IsRXFIFONotEmpty)
    UART_IsTXEmpty                           0x010019a9   Thumb Code    18  mhscpu_uart.o(i.UART_IsTXEmpty)
    UART_IsTXFIFONotFull                     0x010019bb   Thumb Code    18  mhscpu_uart.o(i.UART_IsTXFIFONotFull)
    UART_ReceiveData                         0x010019cd   Thumb Code     8  mhscpu_uart.o(i.UART_ReceiveData)
    UART_SendData                            0x010019d5   Thumb Code     4  mhscpu_uart.o(i.UART_SendData)
    UART_StructInit                          0x010019d9   Thumb Code    18  mhscpu_uart.o(i.UART_StructInit)
    UsageFault_Handler                       0x010019eb   Thumb Code     4  mhscpu_it.o(i.UsageFault_Handler)
    __0printf$bare                           0x010019f1   Thumb Code     8  printfb.o(i.__0printf$bare)
    __1printf$bare                           0x010019f1   Thumb Code     0  printfb.o(i.__0printf$bare)
    __2printf                                0x010019f1   Thumb Code     0  printfb.o(i.__0printf$bare)
    __scatterload_copy                       0x01001a01   Thumb Code    14  handlers.o(i.__scatterload_copy)
    __scatterload_null                       0x01001a0f   Thumb Code     2  handlers.o(i.__scatterload_null)
    __scatterload_zeroinit                   0x01001a11   Thumb Code    14  handlers.o(i.__scatterload_zeroinit)
    assert_failed                            0x01001a41   Thumb Code     4  main.o(i.assert_failed)
    fputc                                    0x01001a45   Thumb Code    24  main.o(i.fputc)
    main                                     0x01001a5d   Thumb Code   106  main.o(i.main)
    Region$$Table$$Base                      0x01001b08   Number         0  anon$$obj.o(Region$$Table)
    Region$$Table$$Limit                     0x01001b28   Number         0  anon$$obj.o(Region$$Table)
    tmpReceHead                              0x20000000   Data           4  main.o(.data)
    tmpReceTail                              0x20000004   Data           4  main.o(.data)
    flagRece                                 0x20000008   Data           4  main.o(.data)
    __stdout                                 0x2000000c   Data           4  stdout.o(.data)
    tmpRece                                  0x20000010   Data          16  main.o(.bss)
    __initial_sp                             0x20008020   Data           0  startup_mhscpu.o(STACK)



==============================================================================

Memory Map of the image

  Image Entry point : 0x01001111

  Load Region LR_IROM1 (Base: 0x01001000, Size: 0x00000b38, Max: 0x00004000, ABSOLUTE)

    Execution Region ER_IROM1 (Base: 0x01001000, Size: 0x00000b28, Max: 0x00004000, ABSOLUTE)

    Base Addr    Size         Type   Attr      Idx    E Section Name        Object

    0x01001000   0x00000110   Data   RO          187    RESET               startup_mhscpu.o
    0x01001110   0x00000000   Code   RO          710  * .ARM.Collect$$$$00000000  mc_w.l(entry.o)
    0x01001110   0x00000004   Code   RO          979    .ARM.Collect$$$$00000001  mc_w.l(entry2.o)
    0x01001114   0x00000004   Code   RO          982    .ARM.Collect$$$$00000004  mc_w.l(entry5.o)
    0x01001118   0x00000000   Code   RO          984    .ARM.Collect$$$$00000008  mc_w.l(entry7b.o)
    0x01001118   0x00000008   Code   RO          985    .ARM.Collect$$$$00000009  mc_w.l(entry8.o)
    0x01001120   0x00000004   Code   RO          980    .ARM.Collect$$$$00002712  mc_w.l(entry2.o)
    0x01001124   0x00000038   Code   RO          188    .text               startup_mhscpu.o
    0x0100115c   0x00000024   Code   RO          713    .text               mc_w.l(memcpya.o)
    0x01001180   0x00000024   Code   RO          715    .text               mc_w.l(memseta.o)
    0x010011a4   0x00000024   Code   RO         1002    .text               mc_w.l(init.o)
    0x010011c8   0x00000004   Code   RO          105    i.BusFault_Handler  mhscpu_it.o
    0x010011cc   0x00000002   Code   RO          106    i.DebugMon_Handler  mhscpu_it.o
    0x010011ce   0x00000002   PAD
    0x010011d0   0x000000ac   Code   RO          237    i.GPIO_GetGPIONum   mhscpu_gpio.o
    0x0100127c   0x00000148   Code   RO          239    i.GPIO_PinRemapConfig  mhscpu_gpio.o
    0x010013c4   0x00000004   Code   RO          107    i.HardFault_Handler  mhscpu_it.o
    0x010013c8   0x00000004   Code   RO          108    i.MemManage_Handler  mhscpu_it.o
    0x010013cc   0x00000002   Code   RO          109    i.NMI_Handler       mhscpu_it.o
    0x010013ce   0x00000002   Code   RO          110    i.PendSV_Handler    mhscpu_it.o
    0x010013d0   0x00000020   Code   RO            4    i.SER_PutChar       main.o
    0x010013f0   0x00000002   Code   RO          111    i.SVC_Handler       mhscpu_it.o
    0x010013f2   0x00000002   PAD
    0x010013f4   0x00000088   Code   RO          351    i.SYSCTRL_APBPeriphClockCmd  mhscpu_sysctrl.o
    0x0100147c   0x00000088   Code   RO          352    i.SYSCTRL_APBPeriphResetCmd  mhscpu_sysctrl.o
    0x01001504   0x0000012c   Code   RO          355    i.SYSCTRL_GetClocksFreq  mhscpu_sysctrl.o
    0x01001630   0x00000020   Code   RO          112    i.SysTick_Handler   mhscpu_it.o
    0x01001650   0x00000014   Code   RO          681    i.SystemInit        system_mhscpu.o
    0x01001664   0x000000dc   Code   RO          113    i.UART0_IRQHandler  mhscpu_it.o
    0x01001740   0x0000005c   Code   RO            5    i.UART_Configuration  main.o
    0x0100179c   0x0000001e   Code   RO          448    i.UART_FIFOCmd      mhscpu_uart.o
    0x010017ba   0x0000007c   Code   RO          449    i.UART_FIFOInit     mhscpu_uart.o
    0x01001836   0x00000014   Code   RO          451    i.UART_FIFOStructInit  mhscpu_uart.o
    0x0100184a   0x00000012   Code   RO          456    i.UART_ITConfig     mhscpu_uart.o
    0x0100185c   0x00000128   Code   RO          457    i.UART_Init         mhscpu_uart.o
    0x01001984   0x00000012   Code   RO          461    i.UART_IsRXFIFOFull  mhscpu_uart.o
    0x01001996   0x00000012   Code   RO          462    i.UART_IsRXFIFONotEmpty  mhscpu_uart.o
    0x010019a8   0x00000012   Code   RO          467    i.UART_IsTXEmpty    mhscpu_uart.o
    0x010019ba   0x00000012   Code   RO          469    i.UART_IsTXFIFONotFull  mhscpu_uart.o
    0x010019cc   0x00000008   Code   RO          472    i.UART_ReceiveData  mhscpu_uart.o
    0x010019d4   0x00000004   Code   RO          476    i.UART_SendData     mhscpu_uart.o
    0x010019d8   0x00000012   Code   RO          479    i.UART_StructInit   mhscpu_uart.o
    0x010019ea   0x00000004   Code   RO          114    i.UsageFault_Handler  mhscpu_it.o
    0x010019ee   0x00000002   PAD
    0x010019f0   0x00000010   Code   RO          720    i.__0printf$bare    mc_w.l(printfb.o)
    0x01001a00   0x0000000e   Code   RO         1014    i.__scatterload_copy  mc_w.l(handlers.o)
    0x01001a0e   0x00000002   Code   RO         1015    i.__scatterload_null  mc_w.l(handlers.o)
    0x01001a10   0x0000000e   Code   RO         1016    i.__scatterload_zeroinit  mc_w.l(handlers.o)
    0x01001a1e   0x00000022   Code   RO          727    i._printf_core      mc_w.l(printfb.o)
    0x01001a40   0x00000004   Code   RO            6    i.assert_failed     main.o
    0x01001a44   0x00000018   Code   RO            7    i.fputc             main.o
    0x01001a5c   0x00000094   Code   RO            8    i.main              main.o
    0x01001af0   0x00000018   Data   RO          253    .constdata          mhscpu_gpio.o
    0x01001b08   0x00000020   Data   RO         1012    Region$$Table       anon$$obj.o


    Execution Region RW_IRAM1 (Base: 0x20000000, Size: 0x00008020, Max: 0x00010000, ABSOLUTE)

    Base Addr    Size         Type   Attr      Idx    E Section Name        Object

    0x20000000   0x0000000c   Data   RW           10    .data               main.o
    0x2000000c   0x00000004   Data   RW          986    .data               mc_w.l(stdout.o)
    0x20000010   0x00000010   Zero   RW            9    .bss                main.o
    0x20000020   0x00008000   Zero   RW          185    STACK               startup_mhscpu.o


==============================================================================

Image component sizes


      Code (inc. data)   RO Data    RW Data    ZI Data      Debug   Object Name

       300         54          0         12         16      65425   main.o
       500        138         24          0          0       2106   mhscpu_gpio.o
       276         44          0          0          0       5876   mhscpu_it.o
       572        182          0          0          0       2708   mhscpu_sysctrl.o
       590         82          0          0          0       8558   mhscpu_uart.o
        56         18        272          0      32768        964   startup_mhscpu.o
        20          6          0          0          0        589   system_mhscpu.o

    ----------------------------------------------------------------------
      2320        524        328         12      32784      86226   Object Totals
         0          0         32          0          0          0   (incl. Generated)
         6          0          0          0          0          0   (incl. Padding)

    ----------------------------------------------------------------------

      Code (inc. data)   RO Data    RW Data    ZI Data      Debug   Library Member Name

         0          0          0          0          0          0   entry.o
         8          4          0          0          0          0   entry2.o
         4          0          0          0          0          0   entry5.o
         0          0          0          0          0          0   entry7b.o
         8          4          0          0          0          0   entry8.o
        30          0          0          0          0          0   handlers.o
        36          8          0          0          0         68   init.o
        36          0          0          0          0         68   memcpya.o
        36          0          0          0          0        108   memseta.o
        50          8          0          0          0        152   printfb.o
         0          0          0          4          0          0   stdout.o

    ----------------------------------------------------------------------
       208         24          0          4          0        396   Library Totals
         0          0          0          0          0          0   (incl. Padding)

    ----------------------------------------------------------------------

      Code (inc. data)   RO Data    RW Data    ZI Data      Debug   Library Name

       208         24          0          4          0        396   mc_w.l

    ----------------------------------------------------------------------
       208         24          0          4          0        396   Library Totals

    ----------------------------------------------------------------------

==============================================================================


      Code (inc. data)   RO Data    RW Data    ZI Data      Debug   

      2528        548        328         16      32784      83718   Grand Totals
      2528        548        328         16      32784      83718   ELF Image Totals
      2528        548        328         16          0          0   ROM Totals

==============================================================================

    Total RO  Size (Code + RO Data)                 2856 (   2.79kB)
    Total RW  Size (RW Data + ZI Data)             32800 (  32.03kB)
    Total ROM Size (Code + RO Data + RW Data)       2872 (   2.80kB)

==============================================================================

