
Discarded input sections

 .text          0x00000000        0x0 start.o
 .data          0x00000000        0x0 start.o
 .bss           0x00000000        0x0 start.o
 .text          0x00000000        0x0 main.o
 .data          0x00000000        0x0 main.o
 .bss           0x00000000        0x0 main.o

Memory Configuration

Name             Origin             Length             Attributes
FLASH            0x08000000         0x00010000         xr
RAM              0x20000000         0x00010000         xrw
*default*        0x00000000         0xffffffff

Linker script and memory map

                0x20010000                _estack = 0x20010000

.text           0x08000000      0x4a4
                0x08000000                __text_start__ = .
 start.o(*.cortex_vectors)
 .rodata.cortex_vectors
                0x08000000      0x404 start.o
                0x08000000                cortex_vectors
 start.o(.text.Reset_Handler)
 .text.Reset_Handler
                0x08000404       0x70 start.o
                0x08000404                Reset_Handler
 *(.text*)
 .text.main     0x08000474       0x30 main.o
                0x08000474                main
 *(.init)
 *(.fini)
 *(.rodata*)
                0x080004a4                __text_end__ = .
                0x080004a4                __text = .

.glue_7         0x080004a4        0x0
 .glue_7        0x080004a4        0x0 linker stubs

.glue_7t        0x080004a4        0x0
 .glue_7t       0x080004a4        0x0 linker stubs

.vfp11_veneer   0x080004a4        0x0
 .vfp11_veneer  0x080004a4        0x0 linker stubs

.v4_bx          0x080004a4        0x0
 .v4_bx         0x080004a4        0x0 linker stubs

.iplt           0x080004a4        0x0
 .iplt          0x080004a4        0x0 start.o

.rel.dyn        0x080004a4        0x0
 .rel.iplt      0x080004a4        0x0 start.o

.data           0x20000000        0x0 load address 0x080004a4
                0x20000000                __data_start__ = .
 *(vtable)
 *(.data*)
                0x20000000                . = ALIGN (0x4)
                [!provide]                PROVIDE (__preinit_array_start = .)
 *(.preinit_array)
                [!provide]                PROVIDE (__preinit_array_end = .)
                0x20000000                . = ALIGN (0x4)
                [!provide]                PROVIDE (__init_array_start = .)
 *(SORT_BY_NAME(.init_array.*))
 *(.init_array)
                [!provide]                PROVIDE (__init_array_end = .)
                0x20000000                . = ALIGN (0x4)
                [!provide]                PROVIDE (__fini_array_start = .)
 *(SORT_BY_NAME(.fini_array.*))
 *(.fini_array)
                [!provide]                PROVIDE (__fini_array_end = .)
                0x20000000                . = ALIGN (0x4)
                0x20000000                __data_end__ = .

.igot.plt       0x20000000        0x0
 .igot.plt      0x20000000        0x0 start.o

.bss            0x20000000        0x0
                0x20000000                __bss_start__ = .
 *(.bss*)
                0x20000000                __bss_end__ = .
LOAD main.o
LOAD start.o
OUTPUT(main elf32-littlearm)
LOAD linker stubs

.comment        0x00000000       0x4d
 .comment       0x00000000       0x4d start.o
                                 0x4e (size before relaxing)
 .comment       0x0000004d       0x4e main.o

.ARM.attributes
                0x00000000       0x2d
 .ARM.attributes
                0x00000000       0x2d start.o
 .ARM.attributes
                0x0000002d       0x2d main.o
