ARM Linker, 5.02 [Build 28] [MDK-ARM Professional]

==============================================================================

Section Cross References

    main.o(.text) refers to mhscpu_uart.o(.text) for UART_StructInit
    main.o(.text) refers to mhscpu_gpio.o(.text) for GPIO_PinRemapConfig
    main.o(.text) refers to misc.o(.text) for NVIC_Init
    main.o(.text) refers to mhscpu_sysctrl.o(.text) for SYSCTRL_APBPeriphClockCmd
    main.o(.text) refers to printfb.o(i.__0printf$bare) for __2printf
    main.o(.text) refers to ring_buffer.o(.text) for ringBufferGet
    main.o(.text) refers to main.o(.bss) for ringbuf
    mhscpu_it.o(.text) refers to printfb.o(i.__0printf$bare) for __2printf
    mhscpu_it.o(.text) refers to mhscpu_uart.o(.text) for UART_ResetRTS
    mhscpu_it.o(.text) refers to ring_buffer.o(.text) for ringBufferPut
    mhscpu_it.o(.text) refers to main.o(.bss) for ringbuf
    mhscpu_it.o(.text) refers to main.o(.data) for tmpRece
    ring_buffer.o(.text) refers to memseta.o(.text) for __aeabi_memclr4
    startup_mhscpu.o(RESET) refers to startup_mhscpu.o(STACK) for __initial_sp
    startup_mhscpu.o(RESET) refers to startup_mhscpu.o(.text) for Reset_Handler
    startup_mhscpu.o(RESET) refers to mhscpu_it.o(.text) for NMI_Handler
    startup_mhscpu.o(.text) refers to startup_mhscpu.o(RESET) for __Vectors
    startup_mhscpu.o(.text) refers to system_mhscpu.o(.text) for SystemInit
    startup_mhscpu.o(.text) refers to entry.o(.ARM.Collect$$$$00000000) for __main
    misc.o(.text) refers to main.o(.text) for assert_failed
    mhscpu_gpio.o(.text) refers to memcpya.o(.text) for __aeabi_memcpy4
    mhscpu_gpio.o(.text) refers to main.o(.text) for assert_failed
    mhscpu_gpio.o(.text) refers to mhscpu_sysctrl.o(.text) for SYSCTRL_APBPeriphResetCmd
    mhscpu_gpio.o(.text) refers to mhscpu_gpio.o(.constdata) for .constdata
    mhscpu_gpio.o(.text) refers to mhscpu_gpio.o(.bss) for GPIO_OD_Mark
    mhscpu_uart.o(.text) refers to main.o(.text) for assert_failed
    mhscpu_uart.o(.text) refers to mhscpu_sysctrl.o(.text) for SYSCTRL_APBPeriphResetCmd
    mhscpu_sysctrl.o(.text) refers to main.o(.text) for assert_failed
    mhscpu_sysctrl.o(.text) refers to mhscpu_sysctrl.o(.emb_text) for __asm___16_mhscpu_sysctrl_c_220ebcab__SYSCTRL_Sleep
    mhscpu_sysctrl.o(.text) refers to memcpya.o(.text) for __aeabi_memcpy
    system_mhscpu.o(.text) refers to system_mhscpu.o(.data) for SystemCoreClock
    entry.o(.ARM.Collect$$$$00000000) refers (Special) to entry7b.o(.ARM.Collect$$$$00000008) for _main_clock
    entry.o(.ARM.Collect$$$$00000000) refers (Special) to entry8.o(.ARM.Collect$$$$00000009) for _main_init
    entry.o(.ARM.Collect$$$$00000000) refers (Special) to entry5.o(.ARM.Collect$$$$00000004) for _main_scatterload
    entry.o(.ARM.Collect$$$$00000000) refers (Special) to entry2.o(.ARM.Collect$$$$00000001) for _main_stk
    printfb.o(i.__0fprintf$bare) refers to printfb.o(i._printf_core) for _printf_core
    printfb.o(i.__0fprintf$bare) refers to main.o(.text) for fputc
    printfb.o(i.__0printf$bare) refers to printfb.o(i._printf_core) for _printf_core
    printfb.o(i.__0printf$bare) refers to main.o(.text) for fputc
    printfb.o(i.__0printf$bare) refers to stdout.o(.data) for __stdout
    printfb.o(i.__0snprintf$bare) refers to printfb.o(i._printf_core) for _printf_core
    printfb.o(i.__0snprintf$bare) refers to printfb.o(i._snputc) for _snputc
    printfb.o(i.__0sprintf$bare) refers to printfb.o(i._printf_core) for _printf_core
    printfb.o(i.__0sprintf$bare) refers to printfb.o(i._sputc) for _sputc
    printfb.o(i.__0vfprintf$bare) refers to printfb.o(i._printf_core) for _printf_core
    printfb.o(i.__0vfprintf$bare) refers to main.o(.text) for fputc
    printfb.o(i.__0vprintf$bare) refers to printfb.o(i._printf_core) for _printf_core
    printfb.o(i.__0vprintf$bare) refers to main.o(.text) for fputc
    printfb.o(i.__0vprintf$bare) refers to stdout.o(.data) for __stdout
    printfb.o(i.__0vsnprintf$bare) refers to printfb.o(i._printf_core) for _printf_core
    printfb.o(i.__0vsnprintf$bare) refers to printfb.o(i._snputc) for _snputc
    printfb.o(i.__0vsprintf$bare) refers to printfb.o(i._printf_core) for _printf_core
    printfb.o(i.__0vsprintf$bare) refers to printfb.o(i._sputc) for _sputc
    printf0.o(i.__0fprintf$0) refers to printf0.o(i._printf_core) for _printf_core
    printf0.o(i.__0fprintf$0) refers to main.o(.text) for fputc
    printf0.o(i.__0printf$0) refers to printf0.o(i._printf_core) for _printf_core
    printf0.o(i.__0printf$0) refers to main.o(.text) for fputc
    printf0.o(i.__0printf$0) refers to stdout.o(.data) for __stdout
    printf0.o(i.__0snprintf$0) refers to printf0.o(i._printf_core) for _printf_core
    printf0.o(i.__0snprintf$0) refers to printf0.o(i._snputc) for _snputc
    printf0.o(i.__0sprintf$0) refers to printf0.o(i._printf_core) for _printf_core
    printf0.o(i.__0sprintf$0) refers to printf0.o(i._sputc) for _sputc
    printf0.o(i.__0vfprintf$0) refers to printf0.o(i._printf_core) for _printf_core
    printf0.o(i.__0vfprintf$0) refers to main.o(.text) for fputc
    printf0.o(i.__0vprintf$0) refers to printf0.o(i._printf_core) for _printf_core
    printf0.o(i.__0vprintf$0) refers to main.o(.text) for fputc
    printf0.o(i.__0vprintf$0) refers to stdout.o(.data) for __stdout
    printf0.o(i.__0vsnprintf$0) refers to printf0.o(i._printf_core) for _printf_core
    printf0.o(i.__0vsnprintf$0) refers to printf0.o(i._snputc) for _snputc
    printf0.o(i.__0vsprintf$0) refers to printf0.o(i._printf_core) for _printf_core
    printf0.o(i.__0vsprintf$0) refers to printf0.o(i._sputc) for _sputc
    printf1.o(i.__0fprintf$1) refers to printf1.o(i._printf_core) for _printf_core
    printf1.o(i.__0fprintf$1) refers to main.o(.text) for fputc
    printf1.o(i.__0printf$1) refers to printf1.o(i._printf_core) for _printf_core
    printf1.o(i.__0printf$1) refers to main.o(.text) for fputc
    printf1.o(i.__0printf$1) refers to stdout.o(.data) for __stdout
    printf1.o(i.__0snprintf$1) refers to printf1.o(i._printf_core) for _printf_core
    printf1.o(i.__0snprintf$1) refers to printf1.o(i._snputc) for _snputc
    printf1.o(i.__0sprintf$1) refers to printf1.o(i._printf_core) for _printf_core
    printf1.o(i.__0sprintf$1) refers to printf1.o(i._sputc) for _sputc
    printf1.o(i.__0vfprintf$1) refers to printf1.o(i._printf_core) for _printf_core
    printf1.o(i.__0vfprintf$1) refers to main.o(.text) for fputc
    printf1.o(i.__0vprintf$1) refers to printf1.o(i._printf_core) for _printf_core
    printf1.o(i.__0vprintf$1) refers to main.o(.text) for fputc
    printf1.o(i.__0vprintf$1) refers to stdout.o(.data) for __stdout
    printf1.o(i.__0vsnprintf$1) refers to printf1.o(i._printf_core) for _printf_core
    printf1.o(i.__0vsnprintf$1) refers to printf1.o(i._snputc) for _snputc
    printf1.o(i.__0vsprintf$1) refers to printf1.o(i._printf_core) for _printf_core
    printf1.o(i.__0vsprintf$1) refers to printf1.o(i._sputc) for _sputc
    printf1.o(i._printf_core) refers to uidiv.o(.text) for __aeabi_uidivmod
    printf2.o(i.__0fprintf$2) refers to printf2.o(i._printf_core) for _printf_core
    printf2.o(i.__0fprintf$2) refers to main.o(.text) for fputc
    printf2.o(i.__0printf$2) refers to printf2.o(i._printf_core) for _printf_core
    printf2.o(i.__0printf$2) refers to main.o(.text) for fputc
    printf2.o(i.__0printf$2) refers to stdout.o(.data) for __stdout
    printf2.o(i.__0snprintf$2) refers to printf2.o(i._printf_core) for _printf_core
    printf2.o(i.__0snprintf$2) refers to printf2.o(i._snputc) for _snputc
    printf2.o(i.__0sprintf$2) refers to printf2.o(i._printf_core) for _printf_core
    printf2.o(i.__0sprintf$2) refers to printf2.o(i._sputc) for _sputc
    printf2.o(i.__0vfprintf$2) refers to printf2.o(i._printf_core) for _printf_core
    printf2.o(i.__0vfprintf$2) refers to main.o(.text) for fputc
    printf2.o(i.__0vprintf$2) refers to printf2.o(i._printf_core) for _printf_core
    printf2.o(i.__0vprintf$2) refers to main.o(.text) for fputc
    printf2.o(i.__0vprintf$2) refers to stdout.o(.data) for __stdout
    printf2.o(i.__0vsnprintf$2) refers to printf2.o(i._printf_core) for _printf_core
    printf2.o(i.__0vsnprintf$2) refers to printf2.o(i._snputc) for _snputc
    printf2.o(i.__0vsprintf$2) refers to printf2.o(i._printf_core) for _printf_core
    printf2.o(i.__0vsprintf$2) refers to printf2.o(i._sputc) for _sputc
    printf3.o(i.__0fprintf$3) refers to printf3.o(i._printf_core) for _printf_core
    printf3.o(i.__0fprintf$3) refers to main.o(.text) for fputc
    printf3.o(i.__0printf$3) refers to printf3.o(i._printf_core) for _printf_core
    printf3.o(i.__0printf$3) refers to main.o(.text) for fputc
    printf3.o(i.__0printf$3) refers to stdout.o(.data) for __stdout
    printf3.o(i.__0snprintf$3) refers to printf3.o(i._printf_core) for _printf_core
    printf3.o(i.__0snprintf$3) refers to printf3.o(i._snputc) for _snputc
    printf3.o(i.__0sprintf$3) refers to printf3.o(i._printf_core) for _printf_core
    printf3.o(i.__0sprintf$3) refers to printf3.o(i._sputc) for _sputc
    printf3.o(i.__0vfprintf$3) refers to printf3.o(i._printf_core) for _printf_core
    printf3.o(i.__0vfprintf$3) refers to main.o(.text) for fputc
    printf3.o(i.__0vprintf$3) refers to printf3.o(i._printf_core) for _printf_core
    printf3.o(i.__0vprintf$3) refers to main.o(.text) for fputc
    printf3.o(i.__0vprintf$3) refers to stdout.o(.data) for __stdout
    printf3.o(i.__0vsnprintf$3) refers to printf3.o(i._printf_core) for _printf_core
    printf3.o(i.__0vsnprintf$3) refers to printf3.o(i._snputc) for _snputc
    printf3.o(i.__0vsprintf$3) refers to printf3.o(i._printf_core) for _printf_core
    printf3.o(i.__0vsprintf$3) refers to printf3.o(i._sputc) for _sputc
    printf3.o(i._printf_core) refers to uidiv.o(.text) for __aeabi_uidivmod
    printf4.o(i.__0fprintf$4) refers to printf4.o(i._printf_core) for _printf_core
    printf4.o(i.__0fprintf$4) refers to main.o(.text) for fputc
    printf4.o(i.__0printf$4) refers to printf4.o(i._printf_core) for _printf_core
    printf4.o(i.__0printf$4) refers to main.o(.text) for fputc
    printf4.o(i.__0printf$4) refers to stdout.o(.data) for __stdout
    printf4.o(i.__0snprintf$4) refers to printf4.o(i._printf_core) for _printf_core
    printf4.o(i.__0snprintf$4) refers to printf4.o(i._snputc) for _snputc
    printf4.o(i.__0sprintf$4) refers to printf4.o(i._printf_core) for _printf_core
    printf4.o(i.__0sprintf$4) refers to printf4.o(i._sputc) for _sputc
    printf4.o(i.__0vfprintf$4) refers to printf4.o(i._printf_core) for _printf_core
    printf4.o(i.__0vfprintf$4) refers to main.o(.text) for fputc
    printf4.o(i.__0vprintf$4) refers to printf4.o(i._printf_core) for _printf_core
    printf4.o(i.__0vprintf$4) refers to main.o(.text) for fputc
    printf4.o(i.__0vprintf$4) refers to stdout.o(.data) for __stdout
    printf4.o(i.__0vsnprintf$4) refers to printf4.o(i._printf_core) for _printf_core
    printf4.o(i.__0vsnprintf$4) refers to printf4.o(i._snputc) for _snputc
    printf4.o(i.__0vsprintf$4) refers to printf4.o(i._printf_core) for _printf_core
    printf4.o(i.__0vsprintf$4) refers to printf4.o(i._sputc) for _sputc
    printf4.o(i._printf_core) refers to uldiv.o(.text) for __aeabi_uldivmod
    printf5.o(i.__0fprintf$5) refers to printf5.o(i._printf_core) for _printf_core
    printf5.o(i.__0fprintf$5) refers to main.o(.text) for fputc
    printf5.o(i.__0printf$5) refers to printf5.o(i._printf_core) for _printf_core
    printf5.o(i.__0printf$5) refers to main.o(.text) for fputc
    printf5.o(i.__0printf$5) refers to stdout.o(.data) for __stdout
    printf5.o(i.__0snprintf$5) refers to printf5.o(i._printf_core) for _printf_core
    printf5.o(i.__0snprintf$5) refers to printf5.o(i._snputc) for _snputc
    printf5.o(i.__0sprintf$5) refers to printf5.o(i._printf_core) for _printf_core
    printf5.o(i.__0sprintf$5) refers to printf5.o(i._sputc) for _sputc
    printf5.o(i.__0vfprintf$5) refers to printf5.o(i._printf_core) for _printf_core
    printf5.o(i.__0vfprintf$5) refers to main.o(.text) for fputc
    printf5.o(i.__0vprintf$5) refers to printf5.o(i._printf_core) for _printf_core
    printf5.o(i.__0vprintf$5) refers to main.o(.text) for fputc
    printf5.o(i.__0vprintf$5) refers to stdout.o(.data) for __stdout
    printf5.o(i.__0vsnprintf$5) refers to printf5.o(i._printf_core) for _printf_core
    printf5.o(i.__0vsnprintf$5) refers to printf5.o(i._snputc) for _snputc
    printf5.o(i.__0vsprintf$5) refers to printf5.o(i._printf_core) for _printf_core
    printf5.o(i.__0vsprintf$5) refers to printf5.o(i._sputc) for _sputc
    printf5.o(i._printf_core) refers to uldiv.o(.text) for __aeabi_uldivmod
    printf6.o(i.__0fprintf$6) refers to printf6.o(i._printf_core) for _printf_core
    printf6.o(i.__0fprintf$6) refers to main.o(.text) for fputc
    printf6.o(i.__0printf$6) refers to printf6.o(i._printf_core) for _printf_core
    printf6.o(i.__0printf$6) refers to main.o(.text) for fputc
    printf6.o(i.__0printf$6) refers to stdout.o(.data) for __stdout
    printf6.o(i.__0snprintf$6) refers to printf6.o(i._printf_core) for _printf_core
    printf6.o(i.__0snprintf$6) refers to printf6.o(i._snputc) for _snputc
    printf6.o(i.__0sprintf$6) refers to printf6.o(i._printf_core) for _printf_core
    printf6.o(i.__0sprintf$6) refers to printf6.o(i._sputc) for _sputc
    printf6.o(i.__0vfprintf$6) refers to printf6.o(i._printf_core) for _printf_core
    printf6.o(i.__0vfprintf$6) refers to main.o(.text) for fputc
    printf6.o(i.__0vprintf$6) refers to printf6.o(i._printf_core) for _printf_core
    printf6.o(i.__0vprintf$6) refers to main.o(.text) for fputc
    printf6.o(i.__0vprintf$6) refers to stdout.o(.data) for __stdout
    printf6.o(i.__0vsnprintf$6) refers to printf6.o(i._printf_core) for _printf_core
    printf6.o(i.__0vsnprintf$6) refers to printf6.o(i._snputc) for _snputc
    printf6.o(i.__0vsprintf$6) refers to printf6.o(i._printf_core) for _printf_core
    printf6.o(i.__0vsprintf$6) refers to printf6.o(i._sputc) for _sputc
    printf6.o(i._printf_core) refers to printf6.o(i._printf_pre_padding) for _printf_pre_padding
    printf6.o(i._printf_core) refers to uidiv.o(.text) for __aeabi_uidivmod
    printf6.o(i._printf_core) refers to printf6.o(i._printf_post_padding) for _printf_post_padding
    printf7.o(i.__0fprintf$7) refers to printf7.o(i._printf_core) for _printf_core
    printf7.o(i.__0fprintf$7) refers to main.o(.text) for fputc
    printf7.o(i.__0printf$7) refers to printf7.o(i._printf_core) for _printf_core
    printf7.o(i.__0printf$7) refers to main.o(.text) for fputc
    printf7.o(i.__0printf$7) refers to stdout.o(.data) for __stdout
    printf7.o(i.__0snprintf$7) refers to printf7.o(i._printf_core) for _printf_core
    printf7.o(i.__0snprintf$7) refers to printf7.o(i._snputc) for _snputc
    printf7.o(i.__0sprintf$7) refers to printf7.o(i._printf_core) for _printf_core
    printf7.o(i.__0sprintf$7) refers to printf7.o(i._sputc) for _sputc
    printf7.o(i.__0vfprintf$7) refers to printf7.o(i._printf_core) for _printf_core
    printf7.o(i.__0vfprintf$7) refers to main.o(.text) for fputc
    printf7.o(i.__0vprintf$7) refers to printf7.o(i._printf_core) for _printf_core
    printf7.o(i.__0vprintf$7) refers to main.o(.text) for fputc
    printf7.o(i.__0vprintf$7) refers to stdout.o(.data) for __stdout
    printf7.o(i.__0vsnprintf$7) refers to printf7.o(i._printf_core) for _printf_core
    printf7.o(i.__0vsnprintf$7) refers to printf7.o(i._snputc) for _snputc
    printf7.o(i.__0vsprintf$7) refers to printf7.o(i._printf_core) for _printf_core
    printf7.o(i.__0vsprintf$7) refers to printf7.o(i._sputc) for _sputc
    printf7.o(i._printf_core) refers to printf7.o(i._printf_pre_padding) for _printf_pre_padding
    printf7.o(i._printf_core) refers to uldiv.o(.text) for __aeabi_uldivmod
    printf7.o(i._printf_core) refers to printf7.o(i._printf_post_padding) for _printf_post_padding
    printf8.o(i.__0fprintf$8) refers to printf8.o(i._printf_core) for _printf_core
    printf8.o(i.__0fprintf$8) refers to main.o(.text) for fputc
    printf8.o(i.__0printf$8) refers to printf8.o(i._printf_core) for _printf_core
    printf8.o(i.__0printf$8) refers to main.o(.text) for fputc
    printf8.o(i.__0printf$8) refers to stdout.o(.data) for __stdout
    printf8.o(i.__0snprintf$8) refers to printf8.o(i._printf_core) for _printf_core
    printf8.o(i.__0snprintf$8) refers to printf8.o(i._snputc) for _snputc
    printf8.o(i.__0sprintf$8) refers to printf8.o(i._printf_core) for _printf_core
    printf8.o(i.__0sprintf$8) refers to printf8.o(i._sputc) for _sputc
    printf8.o(i.__0vfprintf$8) refers to printf8.o(i._printf_core) for _printf_core
    printf8.o(i.__0vfprintf$8) refers to main.o(.text) for fputc
    printf8.o(i.__0vprintf$8) refers to printf8.o(i._printf_core) for _printf_core
    printf8.o(i.__0vprintf$8) refers to main.o(.text) for fputc
    printf8.o(i.__0vprintf$8) refers to stdout.o(.data) for __stdout
    printf8.o(i.__0vsnprintf$8) refers to printf8.o(i._printf_core) for _printf_core
    printf8.o(i.__0vsnprintf$8) refers to printf8.o(i._snputc) for _snputc
    printf8.o(i.__0vsprintf$8) refers to printf8.o(i._printf_core) for _printf_core
    printf8.o(i.__0vsprintf$8) refers to printf8.o(i._sputc) for _sputc
    printf8.o(i._printf_core) refers to printf8.o(i._printf_pre_padding) for _printf_pre_padding
    printf8.o(i._printf_core) refers to uldiv.o(.text) for __aeabi_uldivmod
    printf8.o(i._printf_core) refers to printf8.o(i._printf_post_padding) for _printf_post_padding
    printfa.o(i.__0fprintf) refers (Special) to iusefp.o(.text) for __I$use$fp
    printfa.o(i.__0fprintf) refers to printfa.o(i._printf_core) for _printf_core
    printfa.o(i.__0fprintf) refers to main.o(.text) for fputc
    printfa.o(i.__0printf) refers (Special) to iusefp.o(.text) for __I$use$fp
    printfa.o(i.__0printf) refers to printfa.o(i._printf_core) for _printf_core
    printfa.o(i.__0printf) refers to main.o(.text) for fputc
    printfa.o(i.__0printf) refers to stdout.o(.data) for __stdout
    printfa.o(i.__0snprintf) refers (Special) to iusefp.o(.text) for __I$use$fp
    printfa.o(i.__0snprintf) refers to printfa.o(i._printf_core) for _printf_core
    printfa.o(i.__0snprintf) refers to printfa.o(i._snputc) for _snputc
    printfa.o(i.__0sprintf) refers (Special) to iusefp.o(.text) for __I$use$fp
    printfa.o(i.__0sprintf) refers to printfa.o(i._printf_core) for _printf_core
    printfa.o(i.__0sprintf) refers to printfa.o(i._sputc) for _sputc
    printfa.o(i.__0vfprintf) refers (Special) to iusefp.o(.text) for __I$use$fp
    printfa.o(i.__0vfprintf) refers to printfa.o(i._printf_core) for _printf_core
    printfa.o(i.__0vfprintf) refers to main.o(.text) for fputc
    printfa.o(i.__0vprintf) refers (Special) to iusefp.o(.text) for __I$use$fp
    printfa.o(i.__0vprintf) refers to printfa.o(i._printf_core) for _printf_core
    printfa.o(i.__0vprintf) refers to main.o(.text) for fputc
    printfa.o(i.__0vprintf) refers to stdout.o(.data) for __stdout
    printfa.o(i.__0vsnprintf) refers (Special) to iusefp.o(.text) for __I$use$fp
    printfa.o(i.__0vsnprintf) refers to printfa.o(i._printf_core) for _printf_core
    printfa.o(i.__0vsnprintf) refers to printfa.o(i._snputc) for _snputc
    printfa.o(i.__0vsprintf) refers (Special) to iusefp.o(.text) for __I$use$fp
    printfa.o(i.__0vsprintf) refers to printfa.o(i._printf_core) for _printf_core
    printfa.o(i.__0vsprintf) refers to printfa.o(i._sputc) for _sputc
    printfa.o(i._fp_digits) refers (Special) to iusefp.o(.text) for __I$use$fp
    printfa.o(i._fp_digits) refers to dmul.o(.text) for __aeabi_dmul
    printfa.o(i._fp_digits) refers to ddiv.o(.text) for __aeabi_ddiv
    printfa.o(i._fp_digits) refers to cdrcmple.o(.text) for __aeabi_cdrcmple
    printfa.o(i._fp_digits) refers to dadd.o(.text) for __aeabi_dadd
    printfa.o(i._fp_digits) refers to dfixul.o(.text) for __aeabi_d2ulz
    printfa.o(i._fp_digits) refers to uldiv.o(.text) for __aeabi_uldivmod
    printfa.o(i._printf_core) refers (Special) to iusefp.o(.text) for __I$use$fp
    printfa.o(i._printf_core) refers to printfa.o(i._printf_pre_padding) for _printf_pre_padding
    printfa.o(i._printf_core) refers to uldiv.o(.text) for __aeabi_uldivmod
    printfa.o(i._printf_core) refers to printfa.o(i._printf_post_padding) for _printf_post_padding
    printfa.o(i._printf_core) refers to printfa.o(i._fp_digits) for _fp_digits
    printfa.o(i._printf_core) refers to uidiv.o(.text) for __aeabi_uidivmod
    printfa.o(i._printf_post_padding) refers (Special) to iusefp.o(.text) for __I$use$fp
    printfa.o(i._printf_pre_padding) refers (Special) to iusefp.o(.text) for __I$use$fp
    printfa.o(i._snputc) refers (Special) to iusefp.o(.text) for __I$use$fp
    printfa.o(i._sputc) refers (Special) to iusefp.o(.text) for __I$use$fp
    entry2.o(.ARM.Collect$$$$00000001) refers to entry2.o(.ARM.Collect$$$$00002712) for __lit__00000000
    entry2.o(.ARM.Collect$$$$00002712) refers to startup_mhscpu.o(STACK) for __initial_sp
    entry2.o(__vectab_stack_and_reset_area) refers to startup_mhscpu.o(STACK) for __initial_sp
    entry2.o(__vectab_stack_and_reset_area) refers to entry.o(.ARM.Collect$$$$00000000) for __main
    entry5.o(.ARM.Collect$$$$00000004) refers to init.o(.text) for __scatterload
    entry8.o(.ARM.Collect$$$$00000009) refers to main.o(.text) for main
    uldiv.o(.text) refers to llushr.o(.text) for __aeabi_llsr
    uldiv.o(.text) refers to llshl.o(.text) for __aeabi_llsl
    dadd.o(.text) refers to llshl.o(.text) for __aeabi_llsl
    dadd.o(.text) refers to llsshr.o(.text) for __aeabi_lasr
    dadd.o(.text) refers to depilogue.o(.text) for _double_epilogue
    dmul.o(.text) refers to depilogue.o(.text) for _double_epilogue
    ddiv.o(.text) refers to depilogue.o(.text) for _double_round
    dfixul.o(.text) refers to llushr.o(.text) for __aeabi_llsr
    dfixul.o(.text) refers to llshl.o(.text) for __aeabi_llsl
    init.o(.text) refers to entry5.o(.ARM.Collect$$$$00000004) for __main_after_scatterload
    depilogue.o(.text) refers to llshl.o(.text) for __aeabi_llsl
    depilogue.o(.text) refers to llushr.o(.text) for __aeabi_llsr


==============================================================================

Removing Unused input sections from the image.

    Removing main.o(.rev16_text), (4 bytes).
    Removing main.o(.revsh_text), (4 bytes).
    Removing mhscpu_it.o(.rev16_text), (4 bytes).
    Removing mhscpu_it.o(.revsh_text), (4 bytes).
    Removing ring_buffer.o(.rev16_text), (4 bytes).
    Removing ring_buffer.o(.revsh_text), (4 bytes).
    Removing startup_mhscpu.o(HEAP), (32768 bytes).
    Removing misc.o(.rev16_text), (4 bytes).
    Removing misc.o(.revsh_text), (4 bytes).
    Removing mhscpu_gpio.o(.rev16_text), (4 bytes).
    Removing mhscpu_gpio.o(.revsh_text), (4 bytes).
    Removing mhscpu_uart.o(.rev16_text), (4 bytes).
    Removing mhscpu_uart.o(.revsh_text), (4 bytes).
    Removing mhscpu_sysctrl.o(.rev16_text), (4 bytes).
    Removing mhscpu_sysctrl.o(.revsh_text), (4 bytes).
    Removing system_mhscpu.o(.rev16_text), (4 bytes).
    Removing system_mhscpu.o(.revsh_text), (4 bytes).
    Removing dadd.o(.text), (334 bytes).
    Removing dmul.o(.text), (228 bytes).
    Removing ddiv.o(.text), (222 bytes).
    Removing dfixul.o(.text), (48 bytes).
    Removing cdrcmple.o(.text), (40 bytes).
    Removing depilogue.o(.text), (190 bytes).

23 unused section(s) (total 33894 bytes) removed from the image.

==============================================================================

Image Symbol Table

    Local Symbols

    Symbol Name                              Value     Ov Type        Size  Object(Section)

    ../clib/microlib/division.c              0x00000000   Number         0  uldiv.o ABSOLUTE
    ../clib/microlib/division.c              0x00000000   Number         0  uidiv.o ABSOLUTE
    ../clib/microlib/init/entry.s            0x00000000   Number         0  entry.o ABSOLUTE
    ../clib/microlib/init/entry.s            0x00000000   Number         0  entry8.o ABSOLUTE
    ../clib/microlib/init/entry.s            0x00000000   Number         0  entry5.o ABSOLUTE
    ../clib/microlib/init/entry.s            0x00000000   Number         0  entry2.o ABSOLUTE
    ../clib/microlib/init/entry.s            0x00000000   Number         0  entry7b.o ABSOLUTE
    ../clib/microlib/init/entry.s            0x00000000   Number         0  entry7a.o ABSOLUTE
    ../clib/microlib/longlong.c              0x00000000   Number         0  llsshr.o ABSOLUTE
    ../clib/microlib/longlong.c              0x00000000   Number         0  llushr.o ABSOLUTE
    ../clib/microlib/longlong.c              0x00000000   Number         0  llshl.o ABSOLUTE
    ../clib/microlib/printf/printf.c         0x00000000   Number         0  printf8.o ABSOLUTE
    ../clib/microlib/printf/printf.c         0x00000000   Number         0  printf3.o ABSOLUTE
    ../clib/microlib/printf/printf.c         0x00000000   Number         0  printf4.o ABSOLUTE
    ../clib/microlib/printf/printf.c         0x00000000   Number         0  printf1.o ABSOLUTE
    ../clib/microlib/printf/printf.c         0x00000000   Number         0  printf6.o ABSOLUTE
    ../clib/microlib/printf/printf.c         0x00000000   Number         0  printf5.o ABSOLUTE
    ../clib/microlib/printf/printf.c         0x00000000   Number         0  printf7.o ABSOLUTE
    ../clib/microlib/printf/printf.c         0x00000000   Number         0  printfa.o ABSOLUTE
    ../clib/microlib/printf/printf.c         0x00000000   Number         0  printf2.o ABSOLUTE
    ../clib/microlib/printf/printf.c         0x00000000   Number         0  printf0.o ABSOLUTE
    ../clib/microlib/printf/printf.c         0x00000000   Number         0  printfb.o ABSOLUTE
    ../clib/microlib/stdio/streams.c         0x00000000   Number         0  stdout.o ABSOLUTE
    ../clib/microlib/string/memcpy.c         0x00000000   Number         0  memcpyb.o ABSOLUTE
    ../clib/microlib/string/memcpy.c         0x00000000   Number         0  memcpya.o ABSOLUTE
    ../clib/microlib/string/memset.c         0x00000000   Number         0  memseta.o ABSOLUTE
    ../clib/microlib/stubs.s                 0x00000000   Number         0  iusefp.o ABSOLUTE
    ../fplib/microlib/fpadd.c                0x00000000   Number         0  dadd.o ABSOLUTE
    ../fplib/microlib/fpdiv.c                0x00000000   Number         0  ddiv.o ABSOLUTE
    ../fplib/microlib/fpepilogue.c           0x00000000   Number         0  depilogue.o ABSOLUTE
    ../fplib/microlib/fpfix.c                0x00000000   Number         0  dfixul.o ABSOLUTE
    ../fplib/microlib/fpmul.c                0x00000000   Number         0  dmul.o ABSOLUTE
    ..\..\..\..\..\Libraries\Device\MegaHunt\mhscpu\Source\ARM\startup_mhscpu.s 0x00000000   Number         0  startup_mhscpu.o ABSOLUTE
    ..\..\..\..\..\Libraries\Device\MegaHunt\mhscpu\Source\system_mhscpu.c 0x00000000   Number         0  system_mhscpu.o ABSOLUTE
    ..\..\..\..\..\Libraries\MHSCPU_Driver\src\mhscpu_gpio.c 0x00000000   Number         0  mhscpu_gpio.o ABSOLUTE
    ..\..\..\..\..\Libraries\MHSCPU_Driver\src\mhscpu_sysctrl.c 0x00000000   Number         0  mhscpu_sysctrl.o ABSOLUTE
    ..\..\..\..\..\Libraries\MHSCPU_Driver\src\mhscpu_uart.c 0x00000000   Number         0  mhscpu_uart.o ABSOLUTE
    ..\..\..\..\..\Libraries\MHSCPU_Driver\src\misc.c 0x00000000   Number         0  misc.o ABSOLUTE
    ..\..\User\main.c                        0x00000000   Number         0  main.o ABSOLUTE
    ..\..\User\mhscpu_it.c                   0x00000000   Number         0  mhscpu_it.o ABSOLUTE
    ..\..\User\ring_buffer.c                 0x00000000   Number         0  ring_buffer.o ABSOLUTE
    ..\\..\\..\\..\\..\\Libraries\\Device\\MegaHunt\\mhscpu\\Source\\system_mhscpu.c 0x00000000   Number         0  system_mhscpu.o ABSOLUTE
    ..\\..\\..\\..\\..\\Libraries\\MHSCPU_Driver\\src\\mhscpu_gpio.c 0x00000000   Number         0  mhscpu_gpio.o ABSOLUTE
    ..\\..\\..\\..\\..\\Libraries\\MHSCPU_Driver\\src\\mhscpu_sysctrl.c 0x00000000   Number         0  mhscpu_sysctrl.o ABSOLUTE
    ..\\..\\..\\..\\..\\Libraries\\MHSCPU_Driver\\src\\mhscpu_uart.c 0x00000000   Number         0  mhscpu_uart.o ABSOLUTE
    ..\\..\\..\\..\\..\\Libraries\\MHSCPU_Driver\\src\\misc.c 0x00000000   Number         0  misc.o ABSOLUTE
    ..\\..\\User\\main.c                     0x00000000   Number         0  main.o ABSOLUTE
    ..\\..\\User\\mhscpu_it.c                0x00000000   Number         0  mhscpu_it.o ABSOLUTE
    ..\\..\\User\\ring_buffer.c              0x00000000   Number         0  ring_buffer.o ABSOLUTE
    cdrcmple.s                               0x00000000   Number         0  cdrcmple.o ABSOLUTE
    dc.s                                     0x00000000   Number         0  dc.o ABSOLUTE
    handlers.s                               0x00000000   Number         0  handlers.o ABSOLUTE
    init.s                                   0x00000000   Number         0  init.o ABSOLUTE
    RESET                                    0x01001000   Section      272  startup_mhscpu.o(RESET)
    .ARM.Collect$$$$00000000                 0x01001110   Section        0  entry.o(.ARM.Collect$$$$00000000)
    .ARM.Collect$$$$00000001                 0x01001110   Section        4  entry2.o(.ARM.Collect$$$$00000001)
    .ARM.Collect$$$$00000004                 0x01001114   Section        4  entry5.o(.ARM.Collect$$$$00000004)
    .ARM.Collect$$$$00000008                 0x01001118   Section        0  entry7b.o(.ARM.Collect$$$$00000008)
    .ARM.Collect$$$$00000009                 0x01001118   Section        8  entry8.o(.ARM.Collect$$$$00000009)
    .ARM.Collect$$$$00002712                 0x01001120   Section        4  entry2.o(.ARM.Collect$$$$00002712)
    __lit__00000000                          0x01001120   Data           4  entry2.o(.ARM.Collect$$$$00002712)
    .emb_text                                0x01001124   Section       24  mhscpu_sysctrl.o(.emb_text)
    $v0                                      0x01001124   Number         0  mhscpu_sysctrl.o(.emb_text)
    .text                                    0x0100113c   Section        0  main.o(.text)
    .text                                    0x010012c8   Section        0  mhscpu_it.o(.text)
    .text                                    0x0100139c   Section        0  ring_buffer.o(.text)
    .text                                    0x01001444   Section       56  startup_mhscpu.o(.text)
    $v0                                      0x01001444   Number         0  startup_mhscpu.o(.text)
    .text                                    0x0100147c   Section        0  misc.o(.text)
    .text                                    0x01001674   Section        0  mhscpu_gpio.o(.text)
    GPIO_GetGPIONum                          0x01001675   Thumb Code   104  mhscpu_gpio.o(.text)
    .text                                    0x01001f68   Section        0  mhscpu_uart.o(.text)
    .text                                    0x010023b0   Section        0  mhscpu_sysctrl.o(.text)
    .text                                    0x010028f8   Section        0  system_mhscpu.o(.text)
    .text                                    0x0100291c   Section        0  memcpya.o(.text)
    .text                                    0x01002940   Section        0  memseta.o(.text)
    .text                                    0x01002964   Section       36  init.o(.text)
    i.__0printf$bare                         0x01002988   Section        0  printfb.o(i.__0printf$bare)
    i.__scatterload_copy                     0x01002998   Section       14  handlers.o(i.__scatterload_copy)
    i.__scatterload_null                     0x010029a6   Section        2  handlers.o(i.__scatterload_null)
    i.__scatterload_zeroinit                 0x010029a8   Section       14  handlers.o(i.__scatterload_zeroinit)
    i._printf_core                           0x010029b6   Section        0  printfb.o(i._printf_core)
    _printf_core                             0x010029b7   Thumb Code    34  printfb.o(i._printf_core)
    .constdata                               0x010029d8   Section       24  mhscpu_gpio.o(.constdata)
    .data                                    0x20000000   Section       16  main.o(.data)
    .data                                    0x20000010   Section        4  system_mhscpu.o(.data)
    .data                                    0x20000014   Section        4  stdout.o(.data)
    .bss                                     0x20000018   Section     2060  main.o(.bss)
    .bss                                     0x20000824   Section       12  mhscpu_gpio.o(.bss)
    GPIO_OD_Mark                             0x20000824   Data          12  mhscpu_gpio.o(.bss)
    STACK                                    0x20000830   Section    32768  startup_mhscpu.o(STACK)

    Global Symbols

    Symbol Name                              Value     Ov Type        Size  Object(Section)

    BuildAttributes$$THM_ISAv4$E$P$D$K$B$S$7EM$VFPi3$EXTD16$VFPS$VFMA$PE$A:L22UL41UL21$X:L11$S22US41US21$IEEE1$IW$USESV6$~STKCKD$USESV7$~SHL$OSPACE$ROPI$EBA8$MICROLIB$REQ8$PRES8$EABIv2 0x00000000   Number         0  anon$$obj.o ABSOLUTE
    __ARM_use_no_argv                        0x00000000   Number         0  main.o ABSOLUTE
    __decompress                              - Undefined Weak Reference
    _clock_init                               - Undefined Weak Reference
    __Vectors_Size                           0x00000110   Number         0  startup_mhscpu.o ABSOLUTE
    __Vectors                                0x01001000   Data           4  startup_mhscpu.o(RESET)
    __Vectors_End                            0x01001110   Data           0  startup_mhscpu.o(RESET)
    __main                                   0x01001111   Thumb Code     0  entry.o(.ARM.Collect$$$$00000000)
    _main_stk                                0x01001111   Thumb Code     0  entry2.o(.ARM.Collect$$$$00000001)
    _main_scatterload                        0x01001115   Thumb Code     0  entry5.o(.ARM.Collect$$$$00000004)
    __main_after_scatterload                 0x01001119   Thumb Code     0  entry5.o(.ARM.Collect$$$$00000004)
    _main_clock                              0x01001119   Thumb Code     0  entry7b.o(.ARM.Collect$$$$00000008)
    _main_init                               0x01001119   Thumb Code     0  entry8.o(.ARM.Collect$$$$00000009)
    __asm___16_mhscpu_sysctrl_c_220ebcab__SYSCTRL_Sleep 0x01001125   Thumb Code    24  mhscpu_sysctrl.o(.emb_text)
    UART_Configuration                       0x0100113d   Thumb Code   126  main.o(.text)
    NVIC_Configuration                       0x010011bb   Thumb Code    54  main.o(.text)
    main                                     0x010011f1   Thumb Code   104  main.o(.text)
    SER_PutChar                              0x01001259   Thumb Code    28  main.o(.text)
    fputc                                    0x01001275   Thumb Code    24  main.o(.text)
    assert_failed                            0x0100128d   Thumb Code     4  main.o(.text)
    NMI_Handler                              0x010012c9   Thumb Code     2  mhscpu_it.o(.text)
    HardFault_Handler                        0x010012cb   Thumb Code     4  mhscpu_it.o(.text)
    MemManage_Handler                        0x010012cf   Thumb Code     4  mhscpu_it.o(.text)
    BusFault_Handler                         0x010012d3   Thumb Code     4  mhscpu_it.o(.text)
    UsageFault_Handler                       0x010012d7   Thumb Code     4  mhscpu_it.o(.text)
    SVC_Handler                              0x010012db   Thumb Code     2  mhscpu_it.o(.text)
    DebugMon_Handler                         0x010012dd   Thumb Code     2  mhscpu_it.o(.text)
    PendSV_Handler                           0x010012df   Thumb Code     2  mhscpu_it.o(.text)
    SysTick_Handler                          0x010012e1   Thumb Code    10  mhscpu_it.o(.text)
    UART0_IRQHandler                         0x010012eb   Thumb Code   142  mhscpu_it.o(.text)
    ringBufferInit                           0x0100139d   Thumb Code    34  ring_buffer.o(.text)
    ringBufferPut                            0x010013bf   Thumb Code    74  ring_buffer.o(.text)
    ringBufferGet                            0x01001409   Thumb Code    60  ring_buffer.o(.text)
    Reset_Handler                            0x01001445   Thumb Code    18  startup_mhscpu.o(.text)
    ADC0_IRQHandler                          0x0100146b   Thumb Code     0  startup_mhscpu.o(.text)
    AWD_IRQHandler                           0x0100146b   Thumb Code     0  startup_mhscpu.o(.text)
    CRYPT0_IRQHandler                        0x0100146b   Thumb Code     0  startup_mhscpu.o(.text)
    DAC_IRQHandler                           0x0100146b   Thumb Code     0  startup_mhscpu.o(.text)
    DCMI_IRQHandler                          0x0100146b   Thumb Code     0  startup_mhscpu.o(.text)
    DMA0_IRQHandler                          0x0100146b   Thumb Code     0  startup_mhscpu.o(.text)
    EXTI0_IRQHandler                         0x0100146b   Thumb Code     0  startup_mhscpu.o(.text)
    EXTI1_IRQHandler                         0x0100146b   Thumb Code     0  startup_mhscpu.o(.text)
    EXTI2_IRQHandler                         0x0100146b   Thumb Code     0  startup_mhscpu.o(.text)
    EXTI3_IRQHandler                         0x0100146b   Thumb Code     0  startup_mhscpu.o(.text)
    EXTI4_IRQHandler                         0x0100146b   Thumb Code     0  startup_mhscpu.o(.text)
    EXTI5_IRQHandler                         0x0100146b   Thumb Code     0  startup_mhscpu.o(.text)
    GPU_IRQHandler                           0x0100146b   Thumb Code     0  startup_mhscpu.o(.text)
    I2C0_IRQHandler                          0x0100146b   Thumb Code     0  startup_mhscpu.o(.text)
    KEYBOARD_IRQHandler                      0x0100146b   Thumb Code     0  startup_mhscpu.o(.text)
    LCD_IRQHandler                           0x0100146b   Thumb Code     0  startup_mhscpu.o(.text)
    MSR_IRQHandler                           0x0100146b   Thumb Code     0  startup_mhscpu.o(.text)
    QR_IRQHandler                            0x0100146b   Thumb Code     0  startup_mhscpu.o(.text)
    QSPI_IRQHandler                          0x0100146b   Thumb Code     0  startup_mhscpu.o(.text)
    RTC_IRQHandler                           0x0100146b   Thumb Code     0  startup_mhscpu.o(.text)
    SCI0_IRQHandler                          0x0100146b   Thumb Code     0  startup_mhscpu.o(.text)
    SCI2_IRQHandler                          0x0100146b   Thumb Code     0  startup_mhscpu.o(.text)
    SENSOR_IRQHandler                        0x0100146b   Thumb Code     0  startup_mhscpu.o(.text)
    SPI0_IRQHandler                          0x0100146b   Thumb Code     0  startup_mhscpu.o(.text)
    SPI1_IRQHandler                          0x0100146b   Thumb Code     0  startup_mhscpu.o(.text)
    SPI2_IRQHandler                          0x0100146b   Thumb Code     0  startup_mhscpu.o(.text)
    SPI5_IRQHandler                          0x0100146b   Thumb Code     0  startup_mhscpu.o(.text)
    SSC_IRQHandler                           0x0100146b   Thumb Code     0  startup_mhscpu.o(.text)
    TIM0_0_IRQHandler                        0x0100146b   Thumb Code     0  startup_mhscpu.o(.text)
    TIM0_1_IRQHandler                        0x0100146b   Thumb Code     0  startup_mhscpu.o(.text)
    TIM0_2_IRQHandler                        0x0100146b   Thumb Code     0  startup_mhscpu.o(.text)
    TIM0_3_IRQHandler                        0x0100146b   Thumb Code     0  startup_mhscpu.o(.text)
    TIM0_4_IRQHandler                        0x0100146b   Thumb Code     0  startup_mhscpu.o(.text)
    TIM0_5_IRQHandler                        0x0100146b   Thumb Code     0  startup_mhscpu.o(.text)
    TIM0_6_IRQHandler                        0x0100146b   Thumb Code     0  startup_mhscpu.o(.text)
    TIM0_7_IRQHandler                        0x0100146b   Thumb Code     0  startup_mhscpu.o(.text)
    TRNG_IRQHandler                          0x0100146b   Thumb Code     0  startup_mhscpu.o(.text)
    UART1_IRQHandler                         0x0100146b   Thumb Code     0  startup_mhscpu.o(.text)
    UART2_IRQHandler                         0x0100146b   Thumb Code     0  startup_mhscpu.o(.text)
    UART3_IRQHandler                         0x0100146b   Thumb Code     0  startup_mhscpu.o(.text)
    USBDMA_IRQHandler                        0x0100146b   Thumb Code     0  startup_mhscpu.o(.text)
    USB_IRQHandler                           0x0100146b   Thumb Code     0  startup_mhscpu.o(.text)
    NVIC_PriorityGroupConfig                 0x0100147d   Thumb Code    40  misc.o(.text)
    NVIC_Init                                0x010014a5   Thumb Code   266  misc.o(.text)
    NVIC_SetVectorTable                      0x010015af   Thumb Code    60  misc.o(.text)
    SysTick_CLKSourceConfig                  0x010015eb   Thumb Code    62  misc.o(.text)
    GPIO_DeInit                              0x010016dd   Thumb Code    12  mhscpu_gpio.o(.text)
    GPIO_PinRemapConfig                      0x010016e9   Thumb Code   258  mhscpu_gpio.o(.text)
    GPIO_Init                                0x010017eb   Thumb Code   340  mhscpu_gpio.o(.text)
    GPIO_StructInit                          0x0100193f   Thumb Code    14  mhscpu_gpio.o(.text)
    GPIO_ReadInputDataBit                    0x0100194d   Thumb Code   168  mhscpu_gpio.o(.text)
    GPIO_ReadInputData                       0x010019f5   Thumb Code    14  mhscpu_gpio.o(.text)
    GPIO_ReadOutputDataBit                   0x01001a03   Thumb Code   246  mhscpu_gpio.o(.text)
    GPIO_ReadOutputData                      0x01001af9   Thumb Code     8  mhscpu_gpio.o(.text)
    GPIO_SetBits                             0x01001b01   Thumb Code   222  mhscpu_gpio.o(.text)
    GPIO_ResetBits                           0x01001bdf   Thumb Code   224  mhscpu_gpio.o(.text)
    GPIO_Write                               0x01001cbf   Thumb Code   170  mhscpu_gpio.o(.text)
    GPIO_PullUpCmd                           0x01001d69   Thumb Code   106  mhscpu_gpio.o(.text)
    GPIO_WakeEvenDeInit                      0x01001dd3   Thumb Code    10  mhscpu_gpio.o(.text)
    GPIO_WakeEvenConfig                      0x01001ddd   Thumb Code   340  mhscpu_gpio.o(.text)
    GPIO_WakeModeConfig                      0x01001f31   Thumb Code    44  mhscpu_gpio.o(.text)
    UART_DeInit                              0x01001f69   Thumb Code   102  mhscpu_uart.o(.text)
    UART_Init                                0x01001fcf   Thumb Code   214  mhscpu_uart.o(.text)
    UART_StructInit                          0x010020a5   Thumb Code    18  mhscpu_uart.o(.text)
    UART_ITConfig                            0x010020b7   Thumb Code    18  mhscpu_uart.o(.text)
    UART_SendData                            0x010020c9   Thumb Code     4  mhscpu_uart.o(.text)
    UART_ReceiveData                         0x010020cd   Thumb Code     8  mhscpu_uart.o(.text)
    UART_AutoFlowCtrlCmd                     0x010020d5   Thumb Code    22  mhscpu_uart.o(.text)
    UART_SetDTR                              0x010020eb   Thumb Code    10  mhscpu_uart.o(.text)
    UART_ResetDTR                            0x010020f5   Thumb Code    10  mhscpu_uart.o(.text)
    UART_SetRTS                              0x010020ff   Thumb Code    10  mhscpu_uart.o(.text)
    UART_ResetRTS                            0x01002109   Thumb Code    10  mhscpu_uart.o(.text)
    UART_FIFOInit                            0x01002113   Thumb Code   124  mhscpu_uart.o(.text)
    UART_FIFOStructInit                      0x0100218f   Thumb Code    20  mhscpu_uart.o(.text)
    UART_FIFOReset                           0x010021a3   Thumb Code    26  mhscpu_uart.o(.text)
    UART_FIFOCmd                             0x010021bd   Thumb Code    30  mhscpu_uart.o(.text)
    UART_GetLineStatus                       0x010021db   Thumb Code     6  mhscpu_uart.o(.text)
    UART_GetModemStatus                      0x010021e1   Thumb Code     6  mhscpu_uart.o(.text)
    UART_GetITIdentity                       0x010021e7   Thumb Code     6  mhscpu_uart.o(.text)
    UART_IsRXFIFOError                       0x010021ed   Thumb Code    18  mhscpu_uart.o(.text)
    UART_IsRXFramingError                    0x010021ff   Thumb Code    18  mhscpu_uart.o(.text)
    UART_IsRXParityError                     0x01002211   Thumb Code    18  mhscpu_uart.o(.text)
    UART_IsRXOverrunError                    0x01002223   Thumb Code    18  mhscpu_uart.o(.text)
    UART_IsRXReceived                        0x01002235   Thumb Code    18  mhscpu_uart.o(.text)
    UART_IsTXEmpty                           0x01002247   Thumb Code    18  mhscpu_uart.o(.text)
    UART_IsTXHoldingRegisterEmpty            0x01002259   Thumb Code    18  mhscpu_uart.o(.text)
    UART_IsTXFIFOTrigger                     0x0100226b   Thumb Code    18  mhscpu_uart.o(.text)
    UART_IsRXFIFOFull                        0x0100227d   Thumb Code    18  mhscpu_uart.o(.text)
    UART_IsRXFIFONotEmpty                    0x0100228f   Thumb Code    18  mhscpu_uart.o(.text)
    UART_IsTXFIFOEmpty                       0x010022a1   Thumb Code    18  mhscpu_uart.o(.text)
    UART_IsTXFIFONotFull                     0x010022b3   Thumb Code    18  mhscpu_uart.o(.text)
    UART_IsBusy                              0x010022c5   Thumb Code    18  mhscpu_uart.o(.text)
    UART_DMAGenerateSoftAck                  0x010022d7   Thumb Code    14  mhscpu_uart.o(.text)
    UART_TXHaltCmd                           0x010022e5   Thumb Code    30  mhscpu_uart.o(.text)
    UART_FIFOAccessModeCmd                   0x01002303   Thumb Code    22  mhscpu_uart.o(.text)
    UART_FIFOTxRead                          0x01002319   Thumb Code     8  mhscpu_uart.o(.text)
    UART_IrDACmd                             0x01002321   Thumb Code   128  mhscpu_uart.o(.text)
    UART_SendBreak                           0x010023a1   Thumb Code    14  mhscpu_uart.o(.text)
    SYSCTRL_AHBPeriphClockCmd                0x010023b1   Thumb Code    66  mhscpu_sysctrl.o(.text)
    SYSCTRL_APBPeriphClockCmd                0x010023f3   Thumb Code    66  mhscpu_sysctrl.o(.text)
    SYSCTRL_AHBPeriphResetCmd                0x01002435   Thumb Code    92  mhscpu_sysctrl.o(.text)
    SYSCTRL_APBPeriphResetCmd                0x01002491   Thumb Code    66  mhscpu_sysctrl.o(.text)
    SYSCTRL_EnterSleep                       0x010024d3   Thumb Code    90  mhscpu_sysctrl.o(.text)
    SYSCTRL_SYSCLKSourceSelect               0x0100252d   Thumb Code    60  mhscpu_sysctrl.o(.text)
    SYSCTRL_PLLConfig                        0x01002569   Thumb Code   234  mhscpu_sysctrl.o(.text)
    SYSCTRL_PLLDivConfig                     0x01002653   Thumb Code    92  mhscpu_sysctrl.o(.text)
    SYSCTRL_GetClocksFreq                    0x010026af   Thumb Code   376  mhscpu_sysctrl.o(.text)
    SYSCTRL_HCLKConfig                       0x01002827   Thumb Code    90  mhscpu_sysctrl.o(.text)
    SYSCTRL_PCLKConfig                       0x01002881   Thumb Code    70  mhscpu_sysctrl.o(.text)
    SYSCTRL_GetChipSN                        0x010028c7   Thumb Code    24  mhscpu_sysctrl.o(.text)
    SYSCTRL_SoftReset                        0x010028df   Thumb Code    12  mhscpu_sysctrl.o(.text)
    SystemCoreClockUpdate                    0x010028f9   Thumb Code     8  system_mhscpu.o(.text)
    SystemInit                               0x01002901   Thumb Code    14  system_mhscpu.o(.text)
    __aeabi_memcpy                           0x0100291d   Thumb Code    36  memcpya.o(.text)
    __aeabi_memcpy4                          0x0100291d   Thumb Code     0  memcpya.o(.text)
    __aeabi_memcpy8                          0x0100291d   Thumb Code     0  memcpya.o(.text)
    __aeabi_memset                           0x01002941   Thumb Code    14  memseta.o(.text)
    __aeabi_memset4                          0x01002941   Thumb Code     0  memseta.o(.text)
    __aeabi_memset8                          0x01002941   Thumb Code     0  memseta.o(.text)
    __aeabi_memclr                           0x0100294f   Thumb Code     4  memseta.o(.text)
    __aeabi_memclr4                          0x0100294f   Thumb Code     0  memseta.o(.text)
    __aeabi_memclr8                          0x0100294f   Thumb Code     0  memseta.o(.text)
    _memset$wrapper                          0x01002953   Thumb Code    18  memseta.o(.text)
    __scatterload                            0x01002965   Thumb Code    28  init.o(.text)
    __scatterload_rt2                        0x01002965   Thumb Code     0  init.o(.text)
    __0printf$bare                           0x01002989   Thumb Code     8  printfb.o(i.__0printf$bare)
    __1printf$bare                           0x01002989   Thumb Code     0  printfb.o(i.__0printf$bare)
    __2printf                                0x01002989   Thumb Code     0  printfb.o(i.__0printf$bare)
    __scatterload_copy                       0x01002999   Thumb Code    14  handlers.o(i.__scatterload_copy)
    __scatterload_null                       0x010029a7   Thumb Code     2  handlers.o(i.__scatterload_null)
    __scatterload_zeroinit                   0x010029a9   Thumb Code    14  handlers.o(i.__scatterload_zeroinit)
    Region$$Table$$Base                      0x010029f0   Number         0  anon$$obj.o(Region$$Table)
    Region$$Table$$Limit                     0x01002a10   Number         0  anon$$obj.o(Region$$Table)
    tmpRece                                  0x20000000   Data           1  main.o(.data)
    flagRece                                 0x20000004   Data           4  main.o(.data)
    u32GetDateIndex                          0x20000008   Data           4  main.o(.data)
    u32GetDateNum                            0x2000000c   Data           4  main.o(.data)
    SystemCoreClock                          0x20000010   Data           4  system_mhscpu.o(.data)
    __stdout                                 0x20000014   Data           4  stdout.o(.data)
    u8GetDate                                0x20000018   Data        1024  main.o(.bss)
    ringbuf                                  0x20000418   Data        1036  main.o(.bss)
    __initial_sp                             0x20008830   Data           0  startup_mhscpu.o(STACK)



==============================================================================

Memory Map of the image

  Image Entry point : 0x01001111

  Load Region LR_IROM1 (Base: 0x01001000, Size: 0x00001a28, Max: 0x00040000, ABSOLUTE)

    Execution Region ER_IROM1 (Base: 0x01001000, Size: 0x00001a10, Max: 0x00040000, ABSOLUTE)

    Base Addr    Size         Type   Attr      Idx    E Section Name        Object

    0x01001000   0x00000110   Data   RO          126    RESET               startup_mhscpu.o
    0x01001110   0x00000000   Code   RO          248  * .ARM.Collect$$$$00000000  mc_w.l(entry.o)
    0x01001110   0x00000004   Code   RO          517    .ARM.Collect$$$$00000001  mc_w.l(entry2.o)
    0x01001114   0x00000004   Code   RO          520    .ARM.Collect$$$$00000004  mc_w.l(entry5.o)
    0x01001118   0x00000000   Code   RO          522    .ARM.Collect$$$$00000008  mc_w.l(entry7b.o)
    0x01001118   0x00000008   Code   RO          523    .ARM.Collect$$$$00000009  mc_w.l(entry8.o)
    0x01001120   0x00000004   Code   RO          518    .ARM.Collect$$$$00002712  mc_w.l(entry2.o)
    0x01001124   0x00000018   Code   RO          200    .emb_text           mhscpu_sysctrl.o
    0x0100113c   0x0000018c   Code   RO            3    .text               main.o
    0x010012c8   0x000000d4   Code   RO           78    .text               mhscpu_it.o
    0x0100139c   0x000000a8   Code   RO          106    .text               ring_buffer.o
    0x01001444   0x00000038   Code   RO          127    .text               startup_mhscpu.o
    0x0100147c   0x000001f8   Code   RO          133    .text               misc.o
    0x01001674   0x000008f4   Code   RO          157    .text               mhscpu_gpio.o
    0x01001f68   0x00000446   Code   RO          180    .text               mhscpu_uart.o
    0x010023ae   0x00000002   PAD
    0x010023b0   0x00000548   Code   RO          201    .text               mhscpu_sysctrl.o
    0x010028f8   0x00000024   Code   RO          224    .text               system_mhscpu.o
    0x0100291c   0x00000024   Code   RO          251    .text               mc_w.l(memcpya.o)
    0x01002940   0x00000024   Code   RO          253    .text               mc_w.l(memseta.o)
    0x01002964   0x00000024   Code   RO          540    .text               mc_w.l(init.o)
    0x01002988   0x00000010   Code   RO          258    i.__0printf$bare    mc_w.l(printfb.o)
    0x01002998   0x0000000e   Code   RO          552    i.__scatterload_copy  mc_w.l(handlers.o)
    0x010029a6   0x00000002   Code   RO          553    i.__scatterload_null  mc_w.l(handlers.o)
    0x010029a8   0x0000000e   Code   RO          554    i.__scatterload_zeroinit  mc_w.l(handlers.o)
    0x010029b6   0x00000022   Code   RO          265    i._printf_core      mc_w.l(printfb.o)
    0x010029d8   0x00000018   Data   RO          159    .constdata          mhscpu_gpio.o
    0x010029f0   0x00000020   Data   RO          550    Region$$Table       anon$$obj.o


    Execution Region RW_IRAM1 (Base: 0x20000000, Size: 0x00008830, Max: 0x00080000, ABSOLUTE)

    Base Addr    Size         Type   Attr      Idx    E Section Name        Object

    0x20000000   0x00000010   Data   RW            5    .data               main.o
    0x20000010   0x00000004   Data   RW          225    .data               system_mhscpu.o
    0x20000014   0x00000004   Data   RW          524    .data               mc_w.l(stdout.o)
    0x20000018   0x0000080c   Zero   RW            4    .bss                main.o
    0x20000824   0x0000000c   Zero   RW          158    .bss                mhscpu_gpio.o
    0x20000830   0x00008000   Zero   RW          124    STACK               startup_mhscpu.o


==============================================================================

Image component sizes


      Code (inc. data)   RO Data    RW Data    ZI Data      Debug   Object Name

       396         56          0         16       2060      93003   main.o
      2292        130         24          0         12       6130   mhscpu_gpio.o
       212         36          0          0          0       2363   mhscpu_it.o
      1376        142          0          0          0       4691   mhscpu_sysctrl.o
      1094         82          0          0          0       8240   mhscpu_uart.o
       504         76          0          0          0      28988   misc.o
       168          0          0          0          0       1385   ring_buffer.o
        56         18        272          0      32768        976   startup_mhscpu.o
        36         14          0          4          0       1049   system_mhscpu.o

    ----------------------------------------------------------------------
      6136        554        328         20      34840     146825   Object Totals
         0          0         32          0          0          0   (incl. Generated)
         2          0          0          0          0          0   (incl. Padding)

    ----------------------------------------------------------------------

      Code (inc. data)   RO Data    RW Data    ZI Data      Debug   Library Member Name

         0          0          0          0          0          0   entry.o
         8          4          0          0          0          0   entry2.o
         4          0          0          0          0          0   entry5.o
         0          0          0          0          0          0   entry7b.o
         8          4          0          0          0          0   entry8.o
        30          0          0          0          0          0   handlers.o
        36          8          0          0          0         68   init.o
        36          0          0          0          0         68   memcpya.o
        36          0          0          0          0        108   memseta.o
        50          8          0          0          0        152   printfb.o
         0          0          0          4          0          0   stdout.o

    ----------------------------------------------------------------------
       208         24          0          4          0        396   Library Totals
         0          0          0          0          0          0   (incl. Padding)

    ----------------------------------------------------------------------

      Code (inc. data)   RO Data    RW Data    ZI Data      Debug   Library Name

       208         24          0          4          0        396   mc_w.l

    ----------------------------------------------------------------------
       208         24          0          4          0        396   Library Totals

    ----------------------------------------------------------------------

==============================================================================


      Code (inc. data)   RO Data    RW Data    ZI Data      Debug   

      6344        578        328         24      34840     145817   Grand Totals
      6344        578        328         24      34840     145817   ELF Image Totals
      6344        578        328         24          0          0   ROM Totals

==============================================================================

    Total RO  Size (Code + RO Data)                 6672 (   6.52kB)
    Total RW  Size (RW Data + ZI Data)             34864 (  34.05kB)
    Total ROM Size (Code + RO Data + RW Data)       6696 (   6.54kB)

==============================================================================

