ARM Linker, 5.02 [Build 28] [MDK-ARM Professional]

==============================================================================

Section Cross References

    main.o(.text) refers to misc.o(.text) for NVIC_Init
    main.o(.text) refers to mhscpu_gpio.o(.text) for GPIO_PinRemapConfig
    main.o(.text) refers to mhscpu_kcu.o(.text) for KCU_StructInit
    main.o(.text) refers to mhscpu_uart.o(.text) for UART_Init
    main.o(.text) refers to mhscpu_sysctrl.o(.text) for SYSCTRL_APBPeriphClockCmd
    mhscpu_it.o(.text) refers to mhscpu_uart.o(.text) for UART_SendData
    mhscpu_it.o(.text) refers to mhscpu_kcu.o(.text) for KCU_GetITStatus
    startup_mhscpu.o(RESET) refers to startup_mhscpu.o(STACK) for __initial_sp
    startup_mhscpu.o(RESET) refers to startup_mhscpu.o(.text) for Reset_Handler
    startup_mhscpu.o(RESET) refers to mhscpu_it.o(.text) for NMI_Handler
    startup_mhscpu.o(.text) refers to startup_mhscpu.o(RESET) for __Vectors
    startup_mhscpu.o(.text) refers to system_mhscpu.o(.text) for SystemInit
    startup_mhscpu.o(.text) refers to entry.o(.ARM.Collect$$$$00000000) for __main
    misc.o(.text) refers to main.o(.text) for assert_failed
    mhscpu_gpio.o(.text) refers to memcpya.o(.text) for __aeabi_memcpy4
    mhscpu_gpio.o(.text) refers to main.o(.text) for assert_failed
    mhscpu_gpio.o(.text) refers to mhscpu_sysctrl.o(.text) for SYSCTRL_APBPeriphResetCmd
    mhscpu_gpio.o(.text) refers to mhscpu_gpio.o(.constdata) for .constdata
    mhscpu_gpio.o(.text) refers to mhscpu_gpio.o(.bss) for GPIO_OD_Mark
    mhscpu_kcu.o(.text) refers to mhscpu_sysctrl.o(.text) for SYSCTRL_APBPeriphResetCmd
    mhscpu_sysctrl.o(.text) refers to main.o(.text) for assert_failed
    mhscpu_sysctrl.o(.text) refers to mhscpu_sysctrl.o(.emb_text) for __asm___16_mhscpu_sysctrl_c_220ebcab__SYSCTRL_Sleep
    mhscpu_sysctrl.o(.text) refers to memcpya.o(.text) for __aeabi_memcpy
    mhscpu_uart.o(.text) refers to main.o(.text) for assert_failed
    mhscpu_uart.o(.text) refers to mhscpu_sysctrl.o(.text) for SYSCTRL_APBPeriphResetCmd
    system_mhscpu.o(.text) refers to system_mhscpu.o(.data) for SystemCoreClock
    entry.o(.ARM.Collect$$$$00000000) refers (Special) to entry7b.o(.ARM.Collect$$$$00000008) for _main_clock
    entry.o(.ARM.Collect$$$$00000000) refers (Special) to entry8.o(.ARM.Collect$$$$00000009) for _main_init
    entry.o(.ARM.Collect$$$$00000000) refers (Special) to entry5.o(.ARM.Collect$$$$00000004) for _main_scatterload
    entry.o(.ARM.Collect$$$$00000000) refers (Special) to entry2.o(.ARM.Collect$$$$00000001) for _main_stk
    entry2.o(.ARM.Collect$$$$00000001) refers to entry2.o(.ARM.Collect$$$$00002712) for __lit__00000000
    entry2.o(.ARM.Collect$$$$00002712) refers to startup_mhscpu.o(STACK) for __initial_sp
    entry2.o(__vectab_stack_and_reset_area) refers to startup_mhscpu.o(STACK) for __initial_sp
    entry2.o(__vectab_stack_and_reset_area) refers to entry.o(.ARM.Collect$$$$00000000) for __main
    entry5.o(.ARM.Collect$$$$00000004) refers to init.o(.text) for __scatterload
    entry8.o(.ARM.Collect$$$$00000009) refers to main.o(.text) for main
    init.o(.text) refers to entry5.o(.ARM.Collect$$$$00000004) for __main_after_scatterload


==============================================================================

Removing Unused input sections from the image.

    Removing main.o(.rev16_text), (4 bytes).
    Removing main.o(.revsh_text), (4 bytes).
    Removing mhscpu_it.o(.rev16_text), (4 bytes).
    Removing mhscpu_it.o(.revsh_text), (4 bytes).
    Removing startup_mhscpu.o(HEAP), (32768 bytes).
    Removing misc.o(.rev16_text), (4 bytes).
    Removing misc.o(.revsh_text), (4 bytes).
    Removing mhscpu_gpio.o(.rev16_text), (4 bytes).
    Removing mhscpu_gpio.o(.revsh_text), (4 bytes).
    Removing mhscpu_kcu.o(.rev16_text), (4 bytes).
    Removing mhscpu_kcu.o(.revsh_text), (4 bytes).
    Removing mhscpu_sysctrl.o(.rev16_text), (4 bytes).
    Removing mhscpu_sysctrl.o(.revsh_text), (4 bytes).
    Removing mhscpu_uart.o(.rev16_text), (4 bytes).
    Removing mhscpu_uart.o(.revsh_text), (4 bytes).
    Removing system_mhscpu.o(.rev16_text), (4 bytes).
    Removing system_mhscpu.o(.revsh_text), (4 bytes).

17 unused section(s) (total 32832 bytes) removed from the image.

==============================================================================

Image Symbol Table

    Local Symbols

    Symbol Name                              Value     Ov Type        Size  Object(Section)

    ../clib/microlib/init/entry.s            0x00000000   Number         0  entry7b.o ABSOLUTE
    ../clib/microlib/init/entry.s            0x00000000   Number         0  entry7a.o ABSOLUTE
    ../clib/microlib/init/entry.s            0x00000000   Number         0  entry5.o ABSOLUTE
    ../clib/microlib/init/entry.s            0x00000000   Number         0  entry8.o ABSOLUTE
    ../clib/microlib/init/entry.s            0x00000000   Number         0  entry2.o ABSOLUTE
    ../clib/microlib/init/entry.s            0x00000000   Number         0  entry.o ABSOLUTE
    ../clib/microlib/string/memcpy.c         0x00000000   Number         0  memcpyb.o ABSOLUTE
    ../clib/microlib/string/memcpy.c         0x00000000   Number         0  memcpya.o ABSOLUTE
    ..\..\..\..\..\Libraries\Device\MegaHunt\mhscpu\Source\ARM\startup_mhscpu.s 0x00000000   Number         0  startup_mhscpu.o ABSOLUTE
    ..\..\..\..\..\Libraries\Device\MegaHunt\mhscpu\Source\system_mhscpu.c 0x00000000   Number         0  system_mhscpu.o ABSOLUTE
    ..\..\..\..\..\Libraries\MHSCPU_Driver\src\mhscpu_gpio.c 0x00000000   Number         0  mhscpu_gpio.o ABSOLUTE
    ..\..\..\..\..\Libraries\MHSCPU_Driver\src\mhscpu_kcu.c 0x00000000   Number         0  mhscpu_kcu.o ABSOLUTE
    ..\..\..\..\..\Libraries\MHSCPU_Driver\src\mhscpu_sysctrl.c 0x00000000   Number         0  mhscpu_sysctrl.o ABSOLUTE
    ..\..\..\..\..\Libraries\MHSCPU_Driver\src\mhscpu_uart.c 0x00000000   Number         0  mhscpu_uart.o ABSOLUTE
    ..\..\..\..\..\Libraries\MHSCPU_Driver\src\misc.c 0x00000000   Number         0  misc.o ABSOLUTE
    ..\..\User\main.c                        0x00000000   Number         0  main.o ABSOLUTE
    ..\..\User\mhscpu_it.c                   0x00000000   Number         0  mhscpu_it.o ABSOLUTE
    ..\\..\\..\\..\\..\\Libraries\\Device\\MegaHunt\\mhscpu\\Source\\system_mhscpu.c 0x00000000   Number         0  system_mhscpu.o ABSOLUTE
    ..\\..\\..\\..\\..\\Libraries\\MHSCPU_Driver\\src\\mhscpu_gpio.c 0x00000000   Number         0  mhscpu_gpio.o ABSOLUTE
    ..\\..\\..\\..\\..\\Libraries\\MHSCPU_Driver\\src\\mhscpu_kcu.c 0x00000000   Number         0  mhscpu_kcu.o ABSOLUTE
    ..\\..\\..\\..\\..\\Libraries\\MHSCPU_Driver\\src\\mhscpu_sysctrl.c 0x00000000   Number         0  mhscpu_sysctrl.o ABSOLUTE
    ..\\..\\..\\..\\..\\Libraries\\MHSCPU_Driver\\src\\mhscpu_uart.c 0x00000000   Number         0  mhscpu_uart.o ABSOLUTE
    ..\\..\\..\\..\\..\\Libraries\\MHSCPU_Driver\\src\\misc.c 0x00000000   Number         0  misc.o ABSOLUTE
    ..\\..\\User\\main.c                     0x00000000   Number         0  main.o ABSOLUTE
    ..\\..\\User\\mhscpu_it.c                0x00000000   Number         0  mhscpu_it.o ABSOLUTE
    dc.s                                     0x00000000   Number         0  dc.o ABSOLUTE
    handlers.s                               0x00000000   Number         0  handlers.o ABSOLUTE
    init.s                                   0x00000000   Number         0  init.o ABSOLUTE
    RESET                                    0x01001000   Section      272  startup_mhscpu.o(RESET)
    .ARM.Collect$$$$00000000                 0x01001110   Section        0  entry.o(.ARM.Collect$$$$00000000)
    .ARM.Collect$$$$00000001                 0x01001110   Section        4  entry2.o(.ARM.Collect$$$$00000001)
    .ARM.Collect$$$$00000004                 0x01001114   Section        4  entry5.o(.ARM.Collect$$$$00000004)
    .ARM.Collect$$$$00000008                 0x01001118   Section        0  entry7b.o(.ARM.Collect$$$$00000008)
    .ARM.Collect$$$$00000009                 0x01001118   Section        8  entry8.o(.ARM.Collect$$$$00000009)
    .ARM.Collect$$$$00002712                 0x01001120   Section        4  entry2.o(.ARM.Collect$$$$00002712)
    __lit__00000000                          0x01001120   Data           4  entry2.o(.ARM.Collect$$$$00002712)
    .emb_text                                0x01001124   Section       24  mhscpu_sysctrl.o(.emb_text)
    $v0                                      0x01001124   Number         0  mhscpu_sysctrl.o(.emb_text)
    .text                                    0x0100113c   Section        0  main.o(.text)
    .text                                    0x01001298   Section        0  mhscpu_it.o(.text)
    .text                                    0x01001310   Section       56  startup_mhscpu.o(.text)
    $v0                                      0x01001310   Number         0  startup_mhscpu.o(.text)
    .text                                    0x01001348   Section        0  misc.o(.text)
    .text                                    0x01001540   Section        0  mhscpu_gpio.o(.text)
    GPIO_GetGPIONum                          0x01001541   Thumb Code   104  mhscpu_gpio.o(.text)
    .text                                    0x01001e34   Section        0  mhscpu_kcu.o(.text)
    .text                                    0x01001f1c   Section        0  mhscpu_sysctrl.o(.text)
    .text                                    0x01002464   Section        0  mhscpu_uart.o(.text)
    .text                                    0x010028ac   Section        0  system_mhscpu.o(.text)
    .text                                    0x010028d0   Section        0  memcpya.o(.text)
    .text                                    0x010028f4   Section       36  init.o(.text)
    i.__scatterload_copy                     0x01002918   Section       14  handlers.o(i.__scatterload_copy)
    i.__scatterload_null                     0x01002926   Section        2  handlers.o(i.__scatterload_null)
    i.__scatterload_zeroinit                 0x01002928   Section       14  handlers.o(i.__scatterload_zeroinit)
    .constdata                               0x01002938   Section       24  mhscpu_gpio.o(.constdata)
    .data                                    0x20000000   Section        4  system_mhscpu.o(.data)
    .bss                                     0x20000004   Section       12  mhscpu_gpio.o(.bss)
    GPIO_OD_Mark                             0x20000004   Data          12  mhscpu_gpio.o(.bss)
    STACK                                    0x20000010   Section    32768  startup_mhscpu.o(STACK)

    Global Symbols

    Symbol Name                              Value     Ov Type        Size  Object(Section)

    BuildAttributes$$THM_ISAv4$E$P$D$K$B$S$7EM$VFPi3$EXTD16$VFPS$VFMA$PE$A:L22UL41UL21$X:L11$S22US41US21$IEEE1$IW$USESV6$~STKCKD$USESV7$~SHL$OSPACE$EBA8$MICROLIB$REQ8$PRES8$EABIv2 0x00000000   Number         0  anon$$obj.o ABSOLUTE
    __ARM_use_no_argv                        0x00000000   Number         0  main.o ABSOLUTE
    __decompress                              - Undefined Weak Reference
    _clock_init                               - Undefined Weak Reference
    __Vectors_Size                           0x00000110   Number         0  startup_mhscpu.o ABSOLUTE
    __Vectors                                0x01001000   Data           4  startup_mhscpu.o(RESET)
    __Vectors_End                            0x01001110   Data           0  startup_mhscpu.o(RESET)
    __main                                   0x01001111   Thumb Code     0  entry.o(.ARM.Collect$$$$00000000)
    _main_stk                                0x01001111   Thumb Code     0  entry2.o(.ARM.Collect$$$$00000001)
    _main_scatterload                        0x01001115   Thumb Code     0  entry5.o(.ARM.Collect$$$$00000004)
    __main_after_scatterload                 0x01001119   Thumb Code     0  entry5.o(.ARM.Collect$$$$00000004)
    _main_clock                              0x01001119   Thumb Code     0  entry7b.o(.ARM.Collect$$$$00000008)
    _main_init                               0x01001119   Thumb Code     0  entry8.o(.ARM.Collect$$$$00000009)
    __asm___16_mhscpu_sysctrl_c_220ebcab__SYSCTRL_Sleep 0x01001125   Thumb Code    24  mhscpu_sysctrl.o(.emb_text)
    NVIC_Configuration                       0x0100113d   Thumb Code    54  main.o(.text)
    GPIO_Configuration                       0x01001173   Thumb Code    56  main.o(.text)
    KCU_Configuration                        0x010011ab   Thumb Code    42  main.o(.text)
    UART_Configuration                       0x010011d5   Thumb Code    40  main.o(.text)
    main                                     0x010011fd   Thumb Code    76  main.o(.text)
    SER_PutChar                              0x01001249   Thumb Code    28  main.o(.text)
    fputc                                    0x01001265   Thumb Code    24  main.o(.text)
    assert_failed                            0x0100127d   Thumb Code     4  main.o(.text)
    NMI_Handler                              0x01001299   Thumb Code     2  mhscpu_it.o(.text)
    HardFault_Handler                        0x0100129b   Thumb Code     4  mhscpu_it.o(.text)
    MemManage_Handler                        0x0100129f   Thumb Code     4  mhscpu_it.o(.text)
    BusFault_Handler                         0x010012a3   Thumb Code     4  mhscpu_it.o(.text)
    UsageFault_Handler                       0x010012a7   Thumb Code     4  mhscpu_it.o(.text)
    SVC_Handler                              0x010012ab   Thumb Code     2  mhscpu_it.o(.text)
    DebugMon_Handler                         0x010012ad   Thumb Code     2  mhscpu_it.o(.text)
    PendSV_Handler                           0x010012af   Thumb Code     2  mhscpu_it.o(.text)
    SysTick_Handler                          0x010012b1   Thumb Code    12  mhscpu_it.o(.text)
    KEYBOARD_IRQHandler                      0x010012bd   Thumb Code    76  mhscpu_it.o(.text)
    Reset_Handler                            0x01001311   Thumb Code    18  startup_mhscpu.o(.text)
    ADC0_IRQHandler                          0x01001337   Thumb Code     0  startup_mhscpu.o(.text)
    AWD_IRQHandler                           0x01001337   Thumb Code     0  startup_mhscpu.o(.text)
    CRYPT0_IRQHandler                        0x01001337   Thumb Code     0  startup_mhscpu.o(.text)
    DAC_IRQHandler                           0x01001337   Thumb Code     0  startup_mhscpu.o(.text)
    DCMI_IRQHandler                          0x01001337   Thumb Code     0  startup_mhscpu.o(.text)
    DMA0_IRQHandler                          0x01001337   Thumb Code     0  startup_mhscpu.o(.text)
    EXTI0_IRQHandler                         0x01001337   Thumb Code     0  startup_mhscpu.o(.text)
    EXTI1_IRQHandler                         0x01001337   Thumb Code     0  startup_mhscpu.o(.text)
    EXTI2_IRQHandler                         0x01001337   Thumb Code     0  startup_mhscpu.o(.text)
    EXTI3_IRQHandler                         0x01001337   Thumb Code     0  startup_mhscpu.o(.text)
    EXTI4_IRQHandler                         0x01001337   Thumb Code     0  startup_mhscpu.o(.text)
    EXTI5_IRQHandler                         0x01001337   Thumb Code     0  startup_mhscpu.o(.text)
    GPU_IRQHandler                           0x01001337   Thumb Code     0  startup_mhscpu.o(.text)
    I2C0_IRQHandler                          0x01001337   Thumb Code     0  startup_mhscpu.o(.text)
    LCD_IRQHandler                           0x01001337   Thumb Code     0  startup_mhscpu.o(.text)
    MSR_IRQHandler                           0x01001337   Thumb Code     0  startup_mhscpu.o(.text)
    QR_IRQHandler                            0x01001337   Thumb Code     0  startup_mhscpu.o(.text)
    QSPI_IRQHandler                          0x01001337   Thumb Code     0  startup_mhscpu.o(.text)
    RTC_IRQHandler                           0x01001337   Thumb Code     0  startup_mhscpu.o(.text)
    SCI0_IRQHandler                          0x01001337   Thumb Code     0  startup_mhscpu.o(.text)
    SCI2_IRQHandler                          0x01001337   Thumb Code     0  startup_mhscpu.o(.text)
    SENSOR_IRQHandler                        0x01001337   Thumb Code     0  startup_mhscpu.o(.text)
    SPI0_IRQHandler                          0x01001337   Thumb Code     0  startup_mhscpu.o(.text)
    SPI1_IRQHandler                          0x01001337   Thumb Code     0  startup_mhscpu.o(.text)
    SPI2_IRQHandler                          0x01001337   Thumb Code     0  startup_mhscpu.o(.text)
    SPI5_IRQHandler                          0x01001337   Thumb Code     0  startup_mhscpu.o(.text)
    SSC_IRQHandler                           0x01001337   Thumb Code     0  startup_mhscpu.o(.text)
    TIM0_0_IRQHandler                        0x01001337   Thumb Code     0  startup_mhscpu.o(.text)
    TIM0_1_IRQHandler                        0x01001337   Thumb Code     0  startup_mhscpu.o(.text)
    TIM0_2_IRQHandler                        0x01001337   Thumb Code     0  startup_mhscpu.o(.text)
    TIM0_3_IRQHandler                        0x01001337   Thumb Code     0  startup_mhscpu.o(.text)
    TIM0_4_IRQHandler                        0x01001337   Thumb Code     0  startup_mhscpu.o(.text)
    TIM0_5_IRQHandler                        0x01001337   Thumb Code     0  startup_mhscpu.o(.text)
    TIM0_6_IRQHandler                        0x01001337   Thumb Code     0  startup_mhscpu.o(.text)
    TIM0_7_IRQHandler                        0x01001337   Thumb Code     0  startup_mhscpu.o(.text)
    TRNG_IRQHandler                          0x01001337   Thumb Code     0  startup_mhscpu.o(.text)
    UART0_IRQHandler                         0x01001337   Thumb Code     0  startup_mhscpu.o(.text)
    UART1_IRQHandler                         0x01001337   Thumb Code     0  startup_mhscpu.o(.text)
    UART2_IRQHandler                         0x01001337   Thumb Code     0  startup_mhscpu.o(.text)
    UART3_IRQHandler                         0x01001337   Thumb Code     0  startup_mhscpu.o(.text)
    USBDMA_IRQHandler                        0x01001337   Thumb Code     0  startup_mhscpu.o(.text)
    USB_IRQHandler                           0x01001337   Thumb Code     0  startup_mhscpu.o(.text)
    NVIC_PriorityGroupConfig                 0x01001349   Thumb Code    40  misc.o(.text)
    NVIC_Init                                0x01001371   Thumb Code   266  misc.o(.text)
    NVIC_SetVectorTable                      0x0100147b   Thumb Code    60  misc.o(.text)
    SysTick_CLKSourceConfig                  0x010014b7   Thumb Code    62  misc.o(.text)
    GPIO_DeInit                              0x010015a9   Thumb Code    12  mhscpu_gpio.o(.text)
    GPIO_PinRemapConfig                      0x010015b5   Thumb Code   258  mhscpu_gpio.o(.text)
    GPIO_Init                                0x010016b7   Thumb Code   340  mhscpu_gpio.o(.text)
    GPIO_StructInit                          0x0100180b   Thumb Code    14  mhscpu_gpio.o(.text)
    GPIO_ReadInputDataBit                    0x01001819   Thumb Code   168  mhscpu_gpio.o(.text)
    GPIO_ReadInputData                       0x010018c1   Thumb Code    14  mhscpu_gpio.o(.text)
    GPIO_ReadOutputDataBit                   0x010018cf   Thumb Code   246  mhscpu_gpio.o(.text)
    GPIO_ReadOutputData                      0x010019c5   Thumb Code     8  mhscpu_gpio.o(.text)
    GPIO_SetBits                             0x010019cd   Thumb Code   222  mhscpu_gpio.o(.text)
    GPIO_ResetBits                           0x01001aab   Thumb Code   224  mhscpu_gpio.o(.text)
    GPIO_Write                               0x01001b8b   Thumb Code   170  mhscpu_gpio.o(.text)
    GPIO_PullUpCmd                           0x01001c35   Thumb Code   106  mhscpu_gpio.o(.text)
    GPIO_WakeEvenDeInit                      0x01001c9f   Thumb Code    10  mhscpu_gpio.o(.text)
    GPIO_WakeEvenConfig                      0x01001ca9   Thumb Code   340  mhscpu_gpio.o(.text)
    GPIO_WakeModeConfig                      0x01001dfd   Thumb Code    44  mhscpu_gpio.o(.text)
    KCU_DeInit                               0x01001e35   Thumb Code    12  mhscpu_kcu.o(.text)
    KCU_Cmd                                  0x01001e41   Thumb Code    30  mhscpu_kcu.o(.text)
    KCU_Init                                 0x01001e5f   Thumb Code    52  mhscpu_kcu.o(.text)
    KCU_StructInit                           0x01001e93   Thumb Code    22  mhscpu_kcu.o(.text)
    KCU_SetRand                              0x01001ea9   Thumb Code    22  mhscpu_kcu.o(.text)
    KCU_GetITStatus                          0x01001ebf   Thumb Code    50  mhscpu_kcu.o(.text)
    KCU_ITConfig                             0x01001ef1   Thumb Code    26  mhscpu_kcu.o(.text)
    KCU_ClearITPending                       0x01001f0b   Thumb Code     6  mhscpu_kcu.o(.text)
    KCU_GetEvenReg                           0x01001f11   Thumb Code     6  mhscpu_kcu.o(.text)
    SYSCTRL_AHBPeriphClockCmd                0x01001f1d   Thumb Code    66  mhscpu_sysctrl.o(.text)
    SYSCTRL_APBPeriphClockCmd                0x01001f5f   Thumb Code    66  mhscpu_sysctrl.o(.text)
    SYSCTRL_AHBPeriphResetCmd                0x01001fa1   Thumb Code    92  mhscpu_sysctrl.o(.text)
    SYSCTRL_APBPeriphResetCmd                0x01001ffd   Thumb Code    66  mhscpu_sysctrl.o(.text)
    SYSCTRL_EnterSleep                       0x0100203f   Thumb Code    90  mhscpu_sysctrl.o(.text)
    SYSCTRL_SYSCLKSourceSelect               0x01002099   Thumb Code    60  mhscpu_sysctrl.o(.text)
    SYSCTRL_PLLConfig                        0x010020d5   Thumb Code   234  mhscpu_sysctrl.o(.text)
    SYSCTRL_PLLDivConfig                     0x010021bf   Thumb Code    92  mhscpu_sysctrl.o(.text)
    SYSCTRL_GetClocksFreq                    0x0100221b   Thumb Code   376  mhscpu_sysctrl.o(.text)
    SYSCTRL_HCLKConfig                       0x01002393   Thumb Code    90  mhscpu_sysctrl.o(.text)
    SYSCTRL_PCLKConfig                       0x010023ed   Thumb Code    70  mhscpu_sysctrl.o(.text)
    SYSCTRL_GetChipSN                        0x01002433   Thumb Code    24  mhscpu_sysctrl.o(.text)
    SYSCTRL_SoftReset                        0x0100244b   Thumb Code    12  mhscpu_sysctrl.o(.text)
    UART_DeInit                              0x01002465   Thumb Code   102  mhscpu_uart.o(.text)
    UART_Init                                0x010024cb   Thumb Code   214  mhscpu_uart.o(.text)
    UART_StructInit                          0x010025a1   Thumb Code    18  mhscpu_uart.o(.text)
    UART_ITConfig                            0x010025b3   Thumb Code    18  mhscpu_uart.o(.text)
    UART_SendData                            0x010025c5   Thumb Code     4  mhscpu_uart.o(.text)
    UART_ReceiveData                         0x010025c9   Thumb Code     8  mhscpu_uart.o(.text)
    UART_AutoFlowCtrlCmd                     0x010025d1   Thumb Code    22  mhscpu_uart.o(.text)
    UART_SetDTR                              0x010025e7   Thumb Code    10  mhscpu_uart.o(.text)
    UART_ResetDTR                            0x010025f1   Thumb Code    10  mhscpu_uart.o(.text)
    UART_SetRTS                              0x010025fb   Thumb Code    10  mhscpu_uart.o(.text)
    UART_ResetRTS                            0x01002605   Thumb Code    10  mhscpu_uart.o(.text)
    UART_FIFOInit                            0x0100260f   Thumb Code   124  mhscpu_uart.o(.text)
    UART_FIFOStructInit                      0x0100268b   Thumb Code    20  mhscpu_uart.o(.text)
    UART_FIFOReset                           0x0100269f   Thumb Code    26  mhscpu_uart.o(.text)
    UART_FIFOCmd                             0x010026b9   Thumb Code    30  mhscpu_uart.o(.text)
    UART_GetLineStatus                       0x010026d7   Thumb Code     6  mhscpu_uart.o(.text)
    UART_GetModemStatus                      0x010026dd   Thumb Code     6  mhscpu_uart.o(.text)
    UART_GetITIdentity                       0x010026e3   Thumb Code     6  mhscpu_uart.o(.text)
    UART_IsRXFIFOError                       0x010026e9   Thumb Code    18  mhscpu_uart.o(.text)
    UART_IsRXFramingError                    0x010026fb   Thumb Code    18  mhscpu_uart.o(.text)
    UART_IsRXParityError                     0x0100270d   Thumb Code    18  mhscpu_uart.o(.text)
    UART_IsRXOverrunError                    0x0100271f   Thumb Code    18  mhscpu_uart.o(.text)
    UART_IsRXReceived                        0x01002731   Thumb Code    18  mhscpu_uart.o(.text)
    UART_IsTXEmpty                           0x01002743   Thumb Code    18  mhscpu_uart.o(.text)
    UART_IsTXHoldingRegisterEmpty            0x01002755   Thumb Code    18  mhscpu_uart.o(.text)
    UART_IsTXFIFOTrigger                     0x01002767   Thumb Code    18  mhscpu_uart.o(.text)
    UART_IsRXFIFOFull                        0x01002779   Thumb Code    18  mhscpu_uart.o(.text)
    UART_IsRXFIFONotEmpty                    0x0100278b   Thumb Code    18  mhscpu_uart.o(.text)
    UART_IsTXFIFOEmpty                       0x0100279d   Thumb Code    18  mhscpu_uart.o(.text)
    UART_IsTXFIFONotFull                     0x010027af   Thumb Code    18  mhscpu_uart.o(.text)
    UART_IsBusy                              0x010027c1   Thumb Code    18  mhscpu_uart.o(.text)
    UART_DMAGenerateSoftAck                  0x010027d3   Thumb Code    14  mhscpu_uart.o(.text)
    UART_TXHaltCmd                           0x010027e1   Thumb Code    30  mhscpu_uart.o(.text)
    UART_FIFOAccessModeCmd                   0x010027ff   Thumb Code    22  mhscpu_uart.o(.text)
    UART_FIFOTxRead                          0x01002815   Thumb Code     8  mhscpu_uart.o(.text)
    UART_IrDACmd                             0x0100281d   Thumb Code   128  mhscpu_uart.o(.text)
    UART_SendBreak                           0x0100289d   Thumb Code    14  mhscpu_uart.o(.text)
    SystemCoreClockUpdate                    0x010028ad   Thumb Code     8  system_mhscpu.o(.text)
    SystemInit                               0x010028b5   Thumb Code    14  system_mhscpu.o(.text)
    __aeabi_memcpy                           0x010028d1   Thumb Code    36  memcpya.o(.text)
    __aeabi_memcpy4                          0x010028d1   Thumb Code     0  memcpya.o(.text)
    __aeabi_memcpy8                          0x010028d1   Thumb Code     0  memcpya.o(.text)
    __scatterload                            0x010028f5   Thumb Code    28  init.o(.text)
    __scatterload_rt2                        0x010028f5   Thumb Code     0  init.o(.text)
    __scatterload_copy                       0x01002919   Thumb Code    14  handlers.o(i.__scatterload_copy)
    __scatterload_null                       0x01002927   Thumb Code     2  handlers.o(i.__scatterload_null)
    __scatterload_zeroinit                   0x01002929   Thumb Code    14  handlers.o(i.__scatterload_zeroinit)
    Region$$Table$$Base                      0x01002950   Number         0  anon$$obj.o(Region$$Table)
    Region$$Table$$Limit                     0x01002970   Number         0  anon$$obj.o(Region$$Table)
    SystemCoreClock                          0x20000000   Data           4  system_mhscpu.o(.data)
    __initial_sp                             0x20008010   Data           0  startup_mhscpu.o(STACK)



==============================================================================

Memory Map of the image

  Image Entry point : 0x01001111

  Load Region LR_IROM1 (Base: 0x01001000, Size: 0x00001974, Max: 0x00004000, ABSOLUTE)

    Execution Region ER_IROM1 (Base: 0x01001000, Size: 0x00001970, Max: 0x00004000, ABSOLUTE)

    Base Addr    Size         Type   Attr      Idx    E Section Name        Object

    0x01001000   0x00000110   Data   RO          128    RESET               startup_mhscpu.o
    0x01001110   0x00000000   Code   RO          274  * .ARM.Collect$$$$00000000  mc_w.l(entry.o)
    0x01001110   0x00000004   Code   RO          281    .ARM.Collect$$$$00000001  mc_w.l(entry2.o)
    0x01001114   0x00000004   Code   RO          284    .ARM.Collect$$$$00000004  mc_w.l(entry5.o)
    0x01001118   0x00000000   Code   RO          286    .ARM.Collect$$$$00000008  mc_w.l(entry7b.o)
    0x01001118   0x00000008   Code   RO          287    .ARM.Collect$$$$00000009  mc_w.l(entry8.o)
    0x01001120   0x00000004   Code   RO          282    .ARM.Collect$$$$00002712  mc_w.l(entry2.o)
    0x01001124   0x00000018   Code   RO          206    .emb_text           mhscpu_sysctrl.o
    0x0100113c   0x0000015c   Code   RO            3    .text               main.o
    0x01001298   0x00000078   Code   RO          101    .text               mhscpu_it.o
    0x01001310   0x00000038   Code   RO          129    .text               startup_mhscpu.o
    0x01001348   0x000001f8   Code   RO          135    .text               misc.o
    0x01001540   0x000008f4   Code   RO          159    .text               mhscpu_gpio.o
    0x01001e34   0x000000e8   Code   RO          186    .text               mhscpu_kcu.o
    0x01001f1c   0x00000548   Code   RO          207    .text               mhscpu_sysctrl.o
    0x01002464   0x00000446   Code   RO          230    .text               mhscpu_uart.o
    0x010028aa   0x00000002   PAD
    0x010028ac   0x00000024   Code   RO          250    .text               system_mhscpu.o
    0x010028d0   0x00000024   Code   RO          277    .text               mc_w.l(memcpya.o)
    0x010028f4   0x00000024   Code   RO          288    .text               mc_w.l(init.o)
    0x01002918   0x0000000e   Code   RO          292    i.__scatterload_copy  mc_w.l(handlers.o)
    0x01002926   0x00000002   Code   RO          293    i.__scatterload_null  mc_w.l(handlers.o)
    0x01002928   0x0000000e   Code   RO          294    i.__scatterload_zeroinit  mc_w.l(handlers.o)
    0x01002936   0x00000002   PAD
    0x01002938   0x00000018   Data   RO          161    .constdata          mhscpu_gpio.o
    0x01002950   0x00000020   Data   RO          290    Region$$Table       anon$$obj.o


    Execution Region RW_IRAM1 (Base: 0x20000000, Size: 0x00008010, Max: 0x00010000, ABSOLUTE)

    Base Addr    Size         Type   Attr      Idx    E Section Name        Object

    0x20000000   0x00000004   Data   RW          251    .data               system_mhscpu.o
    0x20000004   0x0000000c   Zero   RW          160    .bss                mhscpu_gpio.o
    0x20000010   0x00008000   Zero   RW          126    STACK               startup_mhscpu.o


==============================================================================

Image component sizes


      Code (inc. data)   RO Data    RW Data    ZI Data      Debug   Object Name

       348         24          0          0          0      92673   main.o
      2292        130         24          0         12       6098   mhscpu_gpio.o
       120          8          0          0          0      28209   mhscpu_it.o
       232          6          0          0          0       2828   mhscpu_kcu.o
      1376        142          0          0          0       4663   mhscpu_sysctrl.o
      1094         82          0          0          0       8224   mhscpu_uart.o
       504         76          0          0          0      28960   misc.o
        56         18        272          0      32768        968   startup_mhscpu.o
        36         14          0          4          0       1025   system_mhscpu.o

    ----------------------------------------------------------------------
      6060        500        328          4      32780     173648   Object Totals
         0          0         32          0          0          0   (incl. Generated)
         2          0          0          0          0          0   (incl. Padding)

    ----------------------------------------------------------------------

      Code (inc. data)   RO Data    RW Data    ZI Data      Debug   Library Member Name

         0          0          0          0          0          0   entry.o
         8          4          0          0          0          0   entry2.o
         4          0          0          0          0          0   entry5.o
         0          0          0          0          0          0   entry7b.o
         8          4          0          0          0          0   entry8.o
        30          0          0          0          0          0   handlers.o
        36          8          0          0          0         68   init.o
        36          0          0          0          0         68   memcpya.o

    ----------------------------------------------------------------------
       124         16          0          0          0        136   Library Totals
         2          0          0          0          0          0   (incl. Padding)

    ----------------------------------------------------------------------

      Code (inc. data)   RO Data    RW Data    ZI Data      Debug   Library Name

       122         16          0          0          0        136   mc_w.l

    ----------------------------------------------------------------------
       124         16          0          0          0        136   Library Totals

    ----------------------------------------------------------------------

==============================================================================


      Code (inc. data)   RO Data    RW Data    ZI Data      Debug   

      6184        516        328          4      32780     172284   Grand Totals
      6184        516        328          4      32780     172284   ELF Image Totals
      6184        516        328          4          0          0   ROM Totals

==============================================================================

    Total RO  Size (Code + RO Data)                 6512 (   6.36kB)
    Total RW  Size (RW Data + ZI Data)             32784 (  32.02kB)
    Total ROM Size (Code + RO Data + RW Data)       6516 (   6.36kB)

==============================================================================

