<html>
<body>
<pre>
<h1>µVision Build Log</h1>
<h2>Project:</h2>
C:\Users\Administrator\Desktop\MH1903S¿ª·¢Ì×¼þ\SDK\ModuleDemo\DMA\DM\Project\MDK-ARM(uV4)\Project.uvproj
Project File Date:  09/13/2021

<h2>Output:</h2>
Build target 'RAM'
compiling main.c...
..\..\User\main.c(99): warning:  #111-D: statement is unreachable
compiling mhscpu_it.c...
compiling misc.c...
compiling mhscpu_uart.c...
compiling mhscpu_gpio.c...
compiling mhscpu_exti.c...
compiling mhscpu_sysctrl.c...
compiling mhscpu_dma.c...
compiling system_mhscpu.c...
linking...
Program Size: Code=10596 RO-data=328 RW-data=8 ZI-data=41072  
FromELF: creating hex file...
".\RAM\Obj\Project.axf" - 0 Error(s), 1 Warning(s).
