ARM Linker, 5.02 [Build 28] [MDK-ARM Professional]

==============================================================================

Section Cross References

    main.o(.text) refers to mhscpu_dma.o(.text) for DMA_Init
    main.o(.text) refers to mhscpu_gpio.o(.text) for GPIO_PinRemapConfig
    main.o(.text) refers to mhscpu_uart.o(.text) for UART_Init
    main.o(.text) refers to mhscpu_sysctrl.o(.text) for SYSCTRL_AHBPeriphClockCmd
    main.o(.text) refers to printfb.o(i.__0printf$bare) for __2printf
    main.o(.text) refers to memseta.o(.text) for __aeabi_memclr4
    main.o(.text) refers to memcmp.o(.text) for memcmp
    main.o(.text) refers to main.o(.bss) for dst_Buf
    startup_mhscpu.o(RESET) refers to startup_mhscpu.o(STACK) for __initial_sp
    startup_mhscpu.o(RESET) refers to startup_mhscpu.o(.text) for Reset_Handler
    startup_mhscpu.o(.text) refers to startup_mhscpu.o(RESET) for __Vectors
    startup_mhscpu.o(.text) refers to system_mhscpu.o(.text) for SystemInit
    startup_mhscpu.o(.text) refers to entry.o(.ARM.Collect$$$$00000000) for __main
    mhscpu_sysctrl.o(.text) refers to main.o(.text) for assert_failed
    mhscpu_sysctrl.o(.text) refers to mhscpu_sysctrl.o(.emb_text) for __asm___16_mhscpu_sysctrl_c_220ebcab__SYSCTRL_Sleep
    mhscpu_sysctrl.o(.text) refers to memcpya.o(.text) for __aeabi_memcpy
    mhscpu_uart.o(.text) refers to main.o(.text) for assert_failed
    mhscpu_uart.o(.text) refers to mhscpu_sysctrl.o(.text) for SYSCTRL_APBPeriphResetCmd
    misc.o(.text) refers to main.o(.text) for assert_failed
    mhscpu_gpio.o(.text) refers to memcpya.o(.text) for __aeabi_memcpy4
    mhscpu_gpio.o(.text) refers to main.o(.text) for assert_failed
    mhscpu_gpio.o(.text) refers to mhscpu_sysctrl.o(.text) for SYSCTRL_APBPeriphResetCmd
    mhscpu_gpio.o(.text) refers to mhscpu_gpio.o(.constdata) for .constdata
    mhscpu_gpio.o(.text) refers to mhscpu_gpio.o(.bss) for GPIO_OD_Mark
    system_mhscpu.o(.text) refers to system_mhscpu.o(.data) for SystemCoreClock
    entry.o(.ARM.Collect$$$$00000000) refers (Special) to entry7b.o(.ARM.Collect$$$$00000008) for _main_clock
    entry.o(.ARM.Collect$$$$00000000) refers (Special) to entry8.o(.ARM.Collect$$$$00000009) for _main_init
    entry.o(.ARM.Collect$$$$00000000) refers (Special) to entry5.o(.ARM.Collect$$$$00000004) for _main_scatterload
    entry.o(.ARM.Collect$$$$00000000) refers (Special) to entry2.o(.ARM.Collect$$$$00000001) for _main_stk
    printfb.o(i.__0fprintf$bare) refers to printfb.o(i._printf_core) for _printf_core
    printfb.o(i.__0fprintf$bare) refers to main.o(.text) for fputc
    printfb.o(i.__0printf$bare) refers to printfb.o(i._printf_core) for _printf_core
    printfb.o(i.__0printf$bare) refers to main.o(.text) for fputc
    printfb.o(i.__0printf$bare) refers to stdout.o(.data) for __stdout
    printfb.o(i.__0snprintf$bare) refers to printfb.o(i._printf_core) for _printf_core
    printfb.o(i.__0snprintf$bare) refers to printfb.o(i._snputc) for _snputc
    printfb.o(i.__0sprintf$bare) refers to printfb.o(i._printf_core) for _printf_core
    printfb.o(i.__0sprintf$bare) refers to printfb.o(i._sputc) for _sputc
    printfb.o(i.__0vfprintf$bare) refers to printfb.o(i._printf_core) for _printf_core
    printfb.o(i.__0vfprintf$bare) refers to main.o(.text) for fputc
    printfb.o(i.__0vprintf$bare) refers to printfb.o(i._printf_core) for _printf_core
    printfb.o(i.__0vprintf$bare) refers to main.o(.text) for fputc
    printfb.o(i.__0vprintf$bare) refers to stdout.o(.data) for __stdout
    printfb.o(i.__0vsnprintf$bare) refers to printfb.o(i._printf_core) for _printf_core
    printfb.o(i.__0vsnprintf$bare) refers to printfb.o(i._snputc) for _snputc
    printfb.o(i.__0vsprintf$bare) refers to printfb.o(i._printf_core) for _printf_core
    printfb.o(i.__0vsprintf$bare) refers to printfb.o(i._sputc) for _sputc
    printf0.o(i.__0fprintf$0) refers to printf0.o(i._printf_core) for _printf_core
    printf0.o(i.__0fprintf$0) refers to main.o(.text) for fputc
    printf0.o(i.__0printf$0) refers to printf0.o(i._printf_core) for _printf_core
    printf0.o(i.__0printf$0) refers to main.o(.text) for fputc
    printf0.o(i.__0printf$0) refers to stdout.o(.data) for __stdout
    printf0.o(i.__0snprintf$0) refers to printf0.o(i._printf_core) for _printf_core
    printf0.o(i.__0snprintf$0) refers to printf0.o(i._snputc) for _snputc
    printf0.o(i.__0sprintf$0) refers to printf0.o(i._printf_core) for _printf_core
    printf0.o(i.__0sprintf$0) refers to printf0.o(i._sputc) for _sputc
    printf0.o(i.__0vfprintf$0) refers to printf0.o(i._printf_core) for _printf_core
    printf0.o(i.__0vfprintf$0) refers to main.o(.text) for fputc
    printf0.o(i.__0vprintf$0) refers to printf0.o(i._printf_core) for _printf_core
    printf0.o(i.__0vprintf$0) refers to main.o(.text) for fputc
    printf0.o(i.__0vprintf$0) refers to stdout.o(.data) for __stdout
    printf0.o(i.__0vsnprintf$0) refers to printf0.o(i._printf_core) for _printf_core
    printf0.o(i.__0vsnprintf$0) refers to printf0.o(i._snputc) for _snputc
    printf0.o(i.__0vsprintf$0) refers to printf0.o(i._printf_core) for _printf_core
    printf0.o(i.__0vsprintf$0) refers to printf0.o(i._sputc) for _sputc
    printf1.o(i.__0fprintf$1) refers to printf1.o(i._printf_core) for _printf_core
    printf1.o(i.__0fprintf$1) refers to main.o(.text) for fputc
    printf1.o(i.__0printf$1) refers to printf1.o(i._printf_core) for _printf_core
    printf1.o(i.__0printf$1) refers to main.o(.text) for fputc
    printf1.o(i.__0printf$1) refers to stdout.o(.data) for __stdout
    printf1.o(i.__0snprintf$1) refers to printf1.o(i._printf_core) for _printf_core
    printf1.o(i.__0snprintf$1) refers to printf1.o(i._snputc) for _snputc
    printf1.o(i.__0sprintf$1) refers to printf1.o(i._printf_core) for _printf_core
    printf1.o(i.__0sprintf$1) refers to printf1.o(i._sputc) for _sputc
    printf1.o(i.__0vfprintf$1) refers to printf1.o(i._printf_core) for _printf_core
    printf1.o(i.__0vfprintf$1) refers to main.o(.text) for fputc
    printf1.o(i.__0vprintf$1) refers to printf1.o(i._printf_core) for _printf_core
    printf1.o(i.__0vprintf$1) refers to main.o(.text) for fputc
    printf1.o(i.__0vprintf$1) refers to stdout.o(.data) for __stdout
    printf1.o(i.__0vsnprintf$1) refers to printf1.o(i._printf_core) for _printf_core
    printf1.o(i.__0vsnprintf$1) refers to printf1.o(i._snputc) for _snputc
    printf1.o(i.__0vsprintf$1) refers to printf1.o(i._printf_core) for _printf_core
    printf1.o(i.__0vsprintf$1) refers to printf1.o(i._sputc) for _sputc
    printf1.o(i._printf_core) refers to uidiv.o(.text) for __aeabi_uidivmod
    printf2.o(i.__0fprintf$2) refers to printf2.o(i._printf_core) for _printf_core
    printf2.o(i.__0fprintf$2) refers to main.o(.text) for fputc
    printf2.o(i.__0printf$2) refers to printf2.o(i._printf_core) for _printf_core
    printf2.o(i.__0printf$2) refers to main.o(.text) for fputc
    printf2.o(i.__0printf$2) refers to stdout.o(.data) for __stdout
    printf2.o(i.__0snprintf$2) refers to printf2.o(i._printf_core) for _printf_core
    printf2.o(i.__0snprintf$2) refers to printf2.o(i._snputc) for _snputc
    printf2.o(i.__0sprintf$2) refers to printf2.o(i._printf_core) for _printf_core
    printf2.o(i.__0sprintf$2) refers to printf2.o(i._sputc) for _sputc
    printf2.o(i.__0vfprintf$2) refers to printf2.o(i._printf_core) for _printf_core
    printf2.o(i.__0vfprintf$2) refers to main.o(.text) for fputc
    printf2.o(i.__0vprintf$2) refers to printf2.o(i._printf_core) for _printf_core
    printf2.o(i.__0vprintf$2) refers to main.o(.text) for fputc
    printf2.o(i.__0vprintf$2) refers to stdout.o(.data) for __stdout
    printf2.o(i.__0vsnprintf$2) refers to printf2.o(i._printf_core) for _printf_core
    printf2.o(i.__0vsnprintf$2) refers to printf2.o(i._snputc) for _snputc
    printf2.o(i.__0vsprintf$2) refers to printf2.o(i._printf_core) for _printf_core
    printf2.o(i.__0vsprintf$2) refers to printf2.o(i._sputc) for _sputc
    printf3.o(i.__0fprintf$3) refers to printf3.o(i._printf_core) for _printf_core
    printf3.o(i.__0fprintf$3) refers to main.o(.text) for fputc
    printf3.o(i.__0printf$3) refers to printf3.o(i._printf_core) for _printf_core
    printf3.o(i.__0printf$3) refers to main.o(.text) for fputc
    printf3.o(i.__0printf$3) refers to stdout.o(.data) for __stdout
    printf3.o(i.__0snprintf$3) refers to printf3.o(i._printf_core) for _printf_core
    printf3.o(i.__0snprintf$3) refers to printf3.o(i._snputc) for _snputc
    printf3.o(i.__0sprintf$3) refers to printf3.o(i._printf_core) for _printf_core
    printf3.o(i.__0sprintf$3) refers to printf3.o(i._sputc) for _sputc
    printf3.o(i.__0vfprintf$3) refers to printf3.o(i._printf_core) for _printf_core
    printf3.o(i.__0vfprintf$3) refers to main.o(.text) for fputc
    printf3.o(i.__0vprintf$3) refers to printf3.o(i._printf_core) for _printf_core
    printf3.o(i.__0vprintf$3) refers to main.o(.text) for fputc
    printf3.o(i.__0vprintf$3) refers to stdout.o(.data) for __stdout
    printf3.o(i.__0vsnprintf$3) refers to printf3.o(i._printf_core) for _printf_core
    printf3.o(i.__0vsnprintf$3) refers to printf3.o(i._snputc) for _snputc
    printf3.o(i.__0vsprintf$3) refers to printf3.o(i._printf_core) for _printf_core
    printf3.o(i.__0vsprintf$3) refers to printf3.o(i._sputc) for _sputc
    printf3.o(i._printf_core) refers to uidiv.o(.text) for __aeabi_uidivmod
    printf4.o(i.__0fprintf$4) refers to printf4.o(i._printf_core) for _printf_core
    printf4.o(i.__0fprintf$4) refers to main.o(.text) for fputc
    printf4.o(i.__0printf$4) refers to printf4.o(i._printf_core) for _printf_core
    printf4.o(i.__0printf$4) refers to main.o(.text) for fputc
    printf4.o(i.__0printf$4) refers to stdout.o(.data) for __stdout
    printf4.o(i.__0snprintf$4) refers to printf4.o(i._printf_core) for _printf_core
    printf4.o(i.__0snprintf$4) refers to printf4.o(i._snputc) for _snputc
    printf4.o(i.__0sprintf$4) refers to printf4.o(i._printf_core) for _printf_core
    printf4.o(i.__0sprintf$4) refers to printf4.o(i._sputc) for _sputc
    printf4.o(i.__0vfprintf$4) refers to printf4.o(i._printf_core) for _printf_core
    printf4.o(i.__0vfprintf$4) refers to main.o(.text) for fputc
    printf4.o(i.__0vprintf$4) refers to printf4.o(i._printf_core) for _printf_core
    printf4.o(i.__0vprintf$4) refers to main.o(.text) for fputc
    printf4.o(i.__0vprintf$4) refers to stdout.o(.data) for __stdout
    printf4.o(i.__0vsnprintf$4) refers to printf4.o(i._printf_core) for _printf_core
    printf4.o(i.__0vsnprintf$4) refers to printf4.o(i._snputc) for _snputc
    printf4.o(i.__0vsprintf$4) refers to printf4.o(i._printf_core) for _printf_core
    printf4.o(i.__0vsprintf$4) refers to printf4.o(i._sputc) for _sputc
    printf4.o(i._printf_core) refers to uldiv.o(.text) for __aeabi_uldivmod
    printf5.o(i.__0fprintf$5) refers to printf5.o(i._printf_core) for _printf_core
    printf5.o(i.__0fprintf$5) refers to main.o(.text) for fputc
    printf5.o(i.__0printf$5) refers to printf5.o(i._printf_core) for _printf_core
    printf5.o(i.__0printf$5) refers to main.o(.text) for fputc
    printf5.o(i.__0printf$5) refers to stdout.o(.data) for __stdout
    printf5.o(i.__0snprintf$5) refers to printf5.o(i._printf_core) for _printf_core
    printf5.o(i.__0snprintf$5) refers to printf5.o(i._snputc) for _snputc
    printf5.o(i.__0sprintf$5) refers to printf5.o(i._printf_core) for _printf_core
    printf5.o(i.__0sprintf$5) refers to printf5.o(i._sputc) for _sputc
    printf5.o(i.__0vfprintf$5) refers to printf5.o(i._printf_core) for _printf_core
    printf5.o(i.__0vfprintf$5) refers to main.o(.text) for fputc
    printf5.o(i.__0vprintf$5) refers to printf5.o(i._printf_core) for _printf_core
    printf5.o(i.__0vprintf$5) refers to main.o(.text) for fputc
    printf5.o(i.__0vprintf$5) refers to stdout.o(.data) for __stdout
    printf5.o(i.__0vsnprintf$5) refers to printf5.o(i._printf_core) for _printf_core
    printf5.o(i.__0vsnprintf$5) refers to printf5.o(i._snputc) for _snputc
    printf5.o(i.__0vsprintf$5) refers to printf5.o(i._printf_core) for _printf_core
    printf5.o(i.__0vsprintf$5) refers to printf5.o(i._sputc) for _sputc
    printf5.o(i._printf_core) refers to uldiv.o(.text) for __aeabi_uldivmod
    printf6.o(i.__0fprintf$6) refers to printf6.o(i._printf_core) for _printf_core
    printf6.o(i.__0fprintf$6) refers to main.o(.text) for fputc
    printf6.o(i.__0printf$6) refers to printf6.o(i._printf_core) for _printf_core
    printf6.o(i.__0printf$6) refers to main.o(.text) for fputc
    printf6.o(i.__0printf$6) refers to stdout.o(.data) for __stdout
    printf6.o(i.__0snprintf$6) refers to printf6.o(i._printf_core) for _printf_core
    printf6.o(i.__0snprintf$6) refers to printf6.o(i._snputc) for _snputc
    printf6.o(i.__0sprintf$6) refers to printf6.o(i._printf_core) for _printf_core
    printf6.o(i.__0sprintf$6) refers to printf6.o(i._sputc) for _sputc
    printf6.o(i.__0vfprintf$6) refers to printf6.o(i._printf_core) for _printf_core
    printf6.o(i.__0vfprintf$6) refers to main.o(.text) for fputc
    printf6.o(i.__0vprintf$6) refers to printf6.o(i._printf_core) for _printf_core
    printf6.o(i.__0vprintf$6) refers to main.o(.text) for fputc
    printf6.o(i.__0vprintf$6) refers to stdout.o(.data) for __stdout
    printf6.o(i.__0vsnprintf$6) refers to printf6.o(i._printf_core) for _printf_core
    printf6.o(i.__0vsnprintf$6) refers to printf6.o(i._snputc) for _snputc
    printf6.o(i.__0vsprintf$6) refers to printf6.o(i._printf_core) for _printf_core
    printf6.o(i.__0vsprintf$6) refers to printf6.o(i._sputc) for _sputc
    printf6.o(i._printf_core) refers to printf6.o(i._printf_pre_padding) for _printf_pre_padding
    printf6.o(i._printf_core) refers to uidiv.o(.text) for __aeabi_uidivmod
    printf6.o(i._printf_core) refers to printf6.o(i._printf_post_padding) for _printf_post_padding
    printf7.o(i.__0fprintf$7) refers to printf7.o(i._printf_core) for _printf_core
    printf7.o(i.__0fprintf$7) refers to main.o(.text) for fputc
    printf7.o(i.__0printf$7) refers to printf7.o(i._printf_core) for _printf_core
    printf7.o(i.__0printf$7) refers to main.o(.text) for fputc
    printf7.o(i.__0printf$7) refers to stdout.o(.data) for __stdout
    printf7.o(i.__0snprintf$7) refers to printf7.o(i._printf_core) for _printf_core
    printf7.o(i.__0snprintf$7) refers to printf7.o(i._snputc) for _snputc
    printf7.o(i.__0sprintf$7) refers to printf7.o(i._printf_core) for _printf_core
    printf7.o(i.__0sprintf$7) refers to printf7.o(i._sputc) for _sputc
    printf7.o(i.__0vfprintf$7) refers to printf7.o(i._printf_core) for _printf_core
    printf7.o(i.__0vfprintf$7) refers to main.o(.text) for fputc
    printf7.o(i.__0vprintf$7) refers to printf7.o(i._printf_core) for _printf_core
    printf7.o(i.__0vprintf$7) refers to main.o(.text) for fputc
    printf7.o(i.__0vprintf$7) refers to stdout.o(.data) for __stdout
    printf7.o(i.__0vsnprintf$7) refers to printf7.o(i._printf_core) for _printf_core
    printf7.o(i.__0vsnprintf$7) refers to printf7.o(i._snputc) for _snputc
    printf7.o(i.__0vsprintf$7) refers to printf7.o(i._printf_core) for _printf_core
    printf7.o(i.__0vsprintf$7) refers to printf7.o(i._sputc) for _sputc
    printf7.o(i._printf_core) refers to printf7.o(i._printf_pre_padding) for _printf_pre_padding
    printf7.o(i._printf_core) refers to uldiv.o(.text) for __aeabi_uldivmod
    printf7.o(i._printf_core) refers to printf7.o(i._printf_post_padding) for _printf_post_padding
    printf8.o(i.__0fprintf$8) refers to printf8.o(i._printf_core) for _printf_core
    printf8.o(i.__0fprintf$8) refers to main.o(.text) for fputc
    printf8.o(i.__0printf$8) refers to printf8.o(i._printf_core) for _printf_core
    printf8.o(i.__0printf$8) refers to main.o(.text) for fputc
    printf8.o(i.__0printf$8) refers to stdout.o(.data) for __stdout
    printf8.o(i.__0snprintf$8) refers to printf8.o(i._printf_core) for _printf_core
    printf8.o(i.__0snprintf$8) refers to printf8.o(i._snputc) for _snputc
    printf8.o(i.__0sprintf$8) refers to printf8.o(i._printf_core) for _printf_core
    printf8.o(i.__0sprintf$8) refers to printf8.o(i._sputc) for _sputc
    printf8.o(i.__0vfprintf$8) refers to printf8.o(i._printf_core) for _printf_core
    printf8.o(i.__0vfprintf$8) refers to main.o(.text) for fputc
    printf8.o(i.__0vprintf$8) refers to printf8.o(i._printf_core) for _printf_core
    printf8.o(i.__0vprintf$8) refers to main.o(.text) for fputc
    printf8.o(i.__0vprintf$8) refers to stdout.o(.data) for __stdout
    printf8.o(i.__0vsnprintf$8) refers to printf8.o(i._printf_core) for _printf_core
    printf8.o(i.__0vsnprintf$8) refers to printf8.o(i._snputc) for _snputc
    printf8.o(i.__0vsprintf$8) refers to printf8.o(i._printf_core) for _printf_core
    printf8.o(i.__0vsprintf$8) refers to printf8.o(i._sputc) for _sputc
    printf8.o(i._printf_core) refers to printf8.o(i._printf_pre_padding) for _printf_pre_padding
    printf8.o(i._printf_core) refers to uldiv.o(.text) for __aeabi_uldivmod
    printf8.o(i._printf_core) refers to printf8.o(i._printf_post_padding) for _printf_post_padding
    printfa.o(i.__0fprintf) refers (Special) to iusefp.o(.text) for __I$use$fp
    printfa.o(i.__0fprintf) refers to printfa.o(i._printf_core) for _printf_core
    printfa.o(i.__0fprintf) refers to main.o(.text) for fputc
    printfa.o(i.__0printf) refers (Special) to iusefp.o(.text) for __I$use$fp
    printfa.o(i.__0printf) refers to printfa.o(i._printf_core) for _printf_core
    printfa.o(i.__0printf) refers to main.o(.text) for fputc
    printfa.o(i.__0printf) refers to stdout.o(.data) for __stdout
    printfa.o(i.__0snprintf) refers (Special) to iusefp.o(.text) for __I$use$fp
    printfa.o(i.__0snprintf) refers to printfa.o(i._printf_core) for _printf_core
    printfa.o(i.__0snprintf) refers to printfa.o(i._snputc) for _snputc
    printfa.o(i.__0sprintf) refers (Special) to iusefp.o(.text) for __I$use$fp
    printfa.o(i.__0sprintf) refers to printfa.o(i._printf_core) for _printf_core
    printfa.o(i.__0sprintf) refers to printfa.o(i._sputc) for _sputc
    printfa.o(i.__0vfprintf) refers (Special) to iusefp.o(.text) for __I$use$fp
    printfa.o(i.__0vfprintf) refers to printfa.o(i._printf_core) for _printf_core
    printfa.o(i.__0vfprintf) refers to main.o(.text) for fputc
    printfa.o(i.__0vprintf) refers (Special) to iusefp.o(.text) for __I$use$fp
    printfa.o(i.__0vprintf) refers to printfa.o(i._printf_core) for _printf_core
    printfa.o(i.__0vprintf) refers to main.o(.text) for fputc
    printfa.o(i.__0vprintf) refers to stdout.o(.data) for __stdout
    printfa.o(i.__0vsnprintf) refers (Special) to iusefp.o(.text) for __I$use$fp
    printfa.o(i.__0vsnprintf) refers to printfa.o(i._printf_core) for _printf_core
    printfa.o(i.__0vsnprintf) refers to printfa.o(i._snputc) for _snputc
    printfa.o(i.__0vsprintf) refers (Special) to iusefp.o(.text) for __I$use$fp
    printfa.o(i.__0vsprintf) refers to printfa.o(i._printf_core) for _printf_core
    printfa.o(i.__0vsprintf) refers to printfa.o(i._sputc) for _sputc
    printfa.o(i._fp_digits) refers (Special) to iusefp.o(.text) for __I$use$fp
    printfa.o(i._fp_digits) refers to dmul.o(.text) for __aeabi_dmul
    printfa.o(i._fp_digits) refers to ddiv.o(.text) for __aeabi_ddiv
    printfa.o(i._fp_digits) refers to cdrcmple.o(.text) for __aeabi_cdrcmple
    printfa.o(i._fp_digits) refers to dadd.o(.text) for __aeabi_dadd
    printfa.o(i._fp_digits) refers to dfixul.o(.text) for __aeabi_d2ulz
    printfa.o(i._fp_digits) refers to uldiv.o(.text) for __aeabi_uldivmod
    printfa.o(i._printf_core) refers (Special) to iusefp.o(.text) for __I$use$fp
    printfa.o(i._printf_core) refers to printfa.o(i._printf_pre_padding) for _printf_pre_padding
    printfa.o(i._printf_core) refers to uldiv.o(.text) for __aeabi_uldivmod
    printfa.o(i._printf_core) refers to printfa.o(i._printf_post_padding) for _printf_post_padding
    printfa.o(i._printf_core) refers to printfa.o(i._fp_digits) for _fp_digits
    printfa.o(i._printf_core) refers to uidiv.o(.text) for __aeabi_uidivmod
    printfa.o(i._printf_post_padding) refers (Special) to iusefp.o(.text) for __I$use$fp
    printfa.o(i._printf_pre_padding) refers (Special) to iusefp.o(.text) for __I$use$fp
    printfa.o(i._snputc) refers (Special) to iusefp.o(.text) for __I$use$fp
    printfa.o(i._sputc) refers (Special) to iusefp.o(.text) for __I$use$fp
    entry2.o(.ARM.Collect$$$$00000001) refers to entry2.o(.ARM.Collect$$$$00002712) for __lit__00000000
    entry2.o(.ARM.Collect$$$$00002712) refers to startup_mhscpu.o(STACK) for __initial_sp
    entry2.o(__vectab_stack_and_reset_area) refers to startup_mhscpu.o(STACK) for __initial_sp
    entry2.o(__vectab_stack_and_reset_area) refers to entry.o(.ARM.Collect$$$$00000000) for __main
    entry5.o(.ARM.Collect$$$$00000004) refers to init.o(.text) for __scatterload
    entry8.o(.ARM.Collect$$$$00000009) refers to main.o(.text) for main
    uldiv.o(.text) refers to llushr.o(.text) for __aeabi_llsr
    uldiv.o(.text) refers to llshl.o(.text) for __aeabi_llsl
    dadd.o(.text) refers to llshl.o(.text) for __aeabi_llsl
    dadd.o(.text) refers to llsshr.o(.text) for __aeabi_lasr
    dadd.o(.text) refers to depilogue.o(.text) for _double_epilogue
    dmul.o(.text) refers to depilogue.o(.text) for _double_epilogue
    ddiv.o(.text) refers to depilogue.o(.text) for _double_round
    dfixul.o(.text) refers to llushr.o(.text) for __aeabi_llsr
    dfixul.o(.text) refers to llshl.o(.text) for __aeabi_llsl
    init.o(.text) refers to entry5.o(.ARM.Collect$$$$00000004) for __main_after_scatterload
    depilogue.o(.text) refers to llshl.o(.text) for __aeabi_llsl
    depilogue.o(.text) refers to llushr.o(.text) for __aeabi_llsr


==============================================================================

Removing Unused input sections from the image.

    Removing main.o(.rev16_text), (4 bytes).
    Removing main.o(.revsh_text), (4 bytes).
    Removing startup_mhscpu.o(HEAP), (32768 bytes).
    Removing mhscpu_sysctrl.o(.rev16_text), (4 bytes).
    Removing mhscpu_sysctrl.o(.revsh_text), (4 bytes).
    Removing mhscpu_uart.o(.rev16_text), (4 bytes).
    Removing mhscpu_uart.o(.revsh_text), (4 bytes).
    Removing misc.o(.rev16_text), (4 bytes).
    Removing misc.o(.revsh_text), (4 bytes).
    Removing misc.o(.text), (504 bytes).
    Removing mhscpu_gpio.o(.rev16_text), (4 bytes).
    Removing mhscpu_gpio.o(.revsh_text), (4 bytes).
    Removing mhscpu_dma.o(.rev16_text), (4 bytes).
    Removing mhscpu_dma.o(.revsh_text), (4 bytes).
    Removing system_mhscpu.o(.rev16_text), (4 bytes).
    Removing system_mhscpu.o(.revsh_text), (4 bytes).
    Removing dadd.o(.text), (334 bytes).
    Removing dmul.o(.text), (228 bytes).
    Removing ddiv.o(.text), (222 bytes).
    Removing dfixul.o(.text), (48 bytes).
    Removing cdrcmple.o(.text), (40 bytes).
    Removing depilogue.o(.text), (190 bytes).

22 unused section(s) (total 34390 bytes) removed from the image.

==============================================================================

Image Symbol Table

    Local Symbols

    Symbol Name                              Value     Ov Type        Size  Object(Section)

    ../clib/microlib/division.c              0x00000000   Number         0  uldiv.o ABSOLUTE
    ../clib/microlib/division.c              0x00000000   Number         0  uidiv.o ABSOLUTE
    ../clib/microlib/init/entry.s            0x00000000   Number         0  entry8.o ABSOLUTE
    ../clib/microlib/init/entry.s            0x00000000   Number         0  entry.o ABSOLUTE
    ../clib/microlib/init/entry.s            0x00000000   Number         0  entry7b.o ABSOLUTE
    ../clib/microlib/init/entry.s            0x00000000   Number         0  entry7a.o ABSOLUTE
    ../clib/microlib/init/entry.s            0x00000000   Number         0  entry5.o ABSOLUTE
    ../clib/microlib/init/entry.s            0x00000000   Number         0  entry2.o ABSOLUTE
    ../clib/microlib/longlong.c              0x00000000   Number         0  llushr.o ABSOLUTE
    ../clib/microlib/longlong.c              0x00000000   Number         0  llshl.o ABSOLUTE
    ../clib/microlib/longlong.c              0x00000000   Number         0  llsshr.o ABSOLUTE
    ../clib/microlib/printf/printf.c         0x00000000   Number         0  printf7.o ABSOLUTE
    ../clib/microlib/printf/printf.c         0x00000000   Number         0  printf0.o ABSOLUTE
    ../clib/microlib/printf/printf.c         0x00000000   Number         0  printf1.o ABSOLUTE
    ../clib/microlib/printf/printf.c         0x00000000   Number         0  printf2.o ABSOLUTE
    ../clib/microlib/printf/printf.c         0x00000000   Number         0  printf6.o ABSOLUTE
    ../clib/microlib/printf/printf.c         0x00000000   Number         0  printfb.o ABSOLUTE
    ../clib/microlib/printf/printf.c         0x00000000   Number         0  printf3.o ABSOLUTE
    ../clib/microlib/printf/printf.c         0x00000000   Number         0  printfa.o ABSOLUTE
    ../clib/microlib/printf/printf.c         0x00000000   Number         0  printf8.o ABSOLUTE
    ../clib/microlib/printf/printf.c         0x00000000   Number         0  printf4.o ABSOLUTE
    ../clib/microlib/printf/printf.c         0x00000000   Number         0  printf5.o ABSOLUTE
    ../clib/microlib/stdio/streams.c         0x00000000   Number         0  stdout.o ABSOLUTE
    ../clib/microlib/string/memcmp.c         0x00000000   Number         0  memcmp.o ABSOLUTE
    ../clib/microlib/string/memcpy.c         0x00000000   Number         0  memcpyb.o ABSOLUTE
    ../clib/microlib/string/memcpy.c         0x00000000   Number         0  memcpya.o ABSOLUTE
    ../clib/microlib/string/memset.c         0x00000000   Number         0  memseta.o ABSOLUTE
    ../clib/microlib/stubs.s                 0x00000000   Number         0  iusefp.o ABSOLUTE
    ../fplib/microlib/fpadd.c                0x00000000   Number         0  dadd.o ABSOLUTE
    ../fplib/microlib/fpdiv.c                0x00000000   Number         0  ddiv.o ABSOLUTE
    ../fplib/microlib/fpepilogue.c           0x00000000   Number         0  depilogue.o ABSOLUTE
    ../fplib/microlib/fpfix.c                0x00000000   Number         0  dfixul.o ABSOLUTE
    ../fplib/microlib/fpmul.c                0x00000000   Number         0  dmul.o ABSOLUTE
    ..\..\..\..\..\Libraries\Device\MegaHunt\mhscpu\Source\ARM\startup_mhscpu.s 0x00000000   Number         0  startup_mhscpu.o ABSOLUTE
    ..\..\..\..\..\Libraries\Device\MegaHunt\mhscpu\Source\system_mhscpu.c 0x00000000   Number         0  system_mhscpu.o ABSOLUTE
    ..\..\..\..\..\Libraries\MHSCPU_Driver\src\mhscpu_dma.c 0x00000000   Number         0  mhscpu_dma.o ABSOLUTE
    ..\..\..\..\..\Libraries\MHSCPU_Driver\src\mhscpu_gpio.c 0x00000000   Number         0  mhscpu_gpio.o ABSOLUTE
    ..\..\..\..\..\Libraries\MHSCPU_Driver\src\mhscpu_sysctrl.c 0x00000000   Number         0  mhscpu_sysctrl.o ABSOLUTE
    ..\..\..\..\..\Libraries\MHSCPU_Driver\src\mhscpu_uart.c 0x00000000   Number         0  mhscpu_uart.o ABSOLUTE
    ..\..\..\..\..\Libraries\MHSCPU_Driver\src\misc.c 0x00000000   Number         0  misc.o ABSOLUTE
    ..\..\User\main.c                        0x00000000   Number         0  main.o ABSOLUTE
    ..\\..\\..\\..\\..\\Libraries\\Device\\MegaHunt\\mhscpu\\Source\\system_mhscpu.c 0x00000000   Number         0  system_mhscpu.o ABSOLUTE
    ..\\..\\..\\..\\..\\Libraries\\MHSCPU_Driver\\src\\mhscpu_dma.c 0x00000000   Number         0  mhscpu_dma.o ABSOLUTE
    ..\\..\\..\\..\\..\\Libraries\\MHSCPU_Driver\\src\\mhscpu_gpio.c 0x00000000   Number         0  mhscpu_gpio.o ABSOLUTE
    ..\\..\\..\\..\\..\\Libraries\\MHSCPU_Driver\\src\\mhscpu_sysctrl.c 0x00000000   Number         0  mhscpu_sysctrl.o ABSOLUTE
    ..\\..\\..\\..\\..\\Libraries\\MHSCPU_Driver\\src\\mhscpu_uart.c 0x00000000   Number         0  mhscpu_uart.o ABSOLUTE
    ..\\..\\..\\..\\..\\Libraries\\MHSCPU_Driver\\src\\misc.c 0x00000000   Number         0  misc.o ABSOLUTE
    ..\\..\\User\\main.c                     0x00000000   Number         0  main.o ABSOLUTE
    cdrcmple.s                               0x00000000   Number         0  cdrcmple.o ABSOLUTE
    dc.s                                     0x00000000   Number         0  dc.o ABSOLUTE
    handlers.s                               0x00000000   Number         0  handlers.o ABSOLUTE
    init.s                                   0x00000000   Number         0  init.o ABSOLUTE
    RESET                                    0x01001000   Section      272  startup_mhscpu.o(RESET)
    .ARM.Collect$$$$00000000                 0x01001110   Section        0  entry.o(.ARM.Collect$$$$00000000)
    .ARM.Collect$$$$00000001                 0x01001110   Section        4  entry2.o(.ARM.Collect$$$$00000001)
    .ARM.Collect$$$$00000004                 0x01001114   Section        4  entry5.o(.ARM.Collect$$$$00000004)
    .ARM.Collect$$$$00000008                 0x01001118   Section        0  entry7b.o(.ARM.Collect$$$$00000008)
    .ARM.Collect$$$$00000009                 0x01001118   Section        8  entry8.o(.ARM.Collect$$$$00000009)
    .ARM.Collect$$$$00002712                 0x01001120   Section        4  entry2.o(.ARM.Collect$$$$00002712)
    __lit__00000000                          0x01001120   Data           4  entry2.o(.ARM.Collect$$$$00002712)
    .emb_text                                0x01001124   Section       24  mhscpu_sysctrl.o(.emb_text)
    $v0                                      0x01001124   Number         0  mhscpu_sysctrl.o(.emb_text)
    .text                                    0x0100113c   Section        0  main.o(.text)
    .text                                    0x01001328   Section       56  startup_mhscpu.o(.text)
    $v0                                      0x01001328   Number         0  startup_mhscpu.o(.text)
    .text                                    0x01001360   Section        0  mhscpu_sysctrl.o(.text)
    .text                                    0x010018a8   Section        0  mhscpu_uart.o(.text)
    .text                                    0x01001cf8   Section        0  mhscpu_gpio.o(.text)
    GPIO_GetGPIONum                          0x01001cf9   Thumb Code   104  mhscpu_gpio.o(.text)
    .text                                    0x010025ec   Section        0  mhscpu_dma.o(.text)
    DMA_GetPeripheralConfig                  0x010025ed   Thumb Code    52  mhscpu_dma.o(.text)
    DMA_GetChannelxBit                       0x01002621   Thumb Code    18  mhscpu_dma.o(.text)
    .text                                    0x01003154   Section        0  system_mhscpu.o(.text)
    .text                                    0x01003178   Section        0  memcpya.o(.text)
    .text                                    0x0100319c   Section        0  memseta.o(.text)
    .text                                    0x010031c0   Section        0  memcmp.o(.text)
    .text                                    0x010031dc   Section       36  init.o(.text)
    i.__0printf$bare                         0x01003200   Section        0  printfb.o(i.__0printf$bare)
    i.__scatterload_copy                     0x01003210   Section       14  handlers.o(i.__scatterload_copy)
    i.__scatterload_null                     0x0100321e   Section        2  handlers.o(i.__scatterload_null)
    i.__scatterload_zeroinit                 0x01003220   Section       14  handlers.o(i.__scatterload_zeroinit)
    i._printf_core                           0x0100322e   Section        0  printfb.o(i._printf_core)
    _printf_core                             0x0100322f   Thumb Code    34  printfb.o(i._printf_core)
    .constdata                               0x01003250   Section       24  mhscpu_gpio.o(.constdata)
    .data                                    0x20000000   Section        4  system_mhscpu.o(.data)
    .data                                    0x20000004   Section        4  stdout.o(.data)
    .bss                                     0x20000008   Section     1024  main.o(.bss)
    .bss                                     0x20000408   Section       12  mhscpu_gpio.o(.bss)
    GPIO_OD_Mark                             0x20000408   Data          12  mhscpu_gpio.o(.bss)
    STACK                                    0x20000418   Section    32768  startup_mhscpu.o(STACK)

    Global Symbols

    Symbol Name                              Value     Ov Type        Size  Object(Section)

    BuildAttributes$$THM_ISAv4$E$P$D$K$B$S$7EM$VFPi3$EXTD16$VFPS$VFMA$PE$A:L22UL41UL21$X:L11$S22US41US21$IEEE1$IW$USESV6$~STKCKD$USESV7$~SHL$OSPACE$ROPI$EBA8$MICROLIB$REQ8$PRES8$EABIv2 0x00000000   Number         0  anon$$obj.o ABSOLUTE
    __ARM_use_no_argv                        0x00000000   Number         0  main.o ABSOLUTE
    __decompress                              - Undefined Weak Reference
    _clock_init                               - Undefined Weak Reference
    __Vectors_Size                           0x00000110   Number         0  startup_mhscpu.o ABSOLUTE
    __Vectors                                0x01001000   Data           4  startup_mhscpu.o(RESET)
    __Vectors_End                            0x01001110   Data           0  startup_mhscpu.o(RESET)
    __main                                   0x01001111   Thumb Code     0  entry.o(.ARM.Collect$$$$00000000)
    _main_stk                                0x01001111   Thumb Code     0  entry2.o(.ARM.Collect$$$$00000001)
    _main_scatterload                        0x01001115   Thumb Code     0  entry5.o(.ARM.Collect$$$$00000004)
    __main_after_scatterload                 0x01001119   Thumb Code     0  entry5.o(.ARM.Collect$$$$00000004)
    _main_clock                              0x01001119   Thumb Code     0  entry7b.o(.ARM.Collect$$$$00000008)
    _main_init                               0x01001119   Thumb Code     0  entry8.o(.ARM.Collect$$$$00000009)
    __asm___16_mhscpu_sysctrl_c_220ebcab__SYSCTRL_Sleep 0x01001125   Thumb Code    24  mhscpu_sysctrl.o(.emb_text)
    DMA_Configuration                        0x0100113d   Thumb Code    54  main.o(.text)
    UART_Configuration                       0x01001173   Thumb Code    38  main.o(.text)
    main                                     0x01001199   Thumb Code   176  main.o(.text)
    SER_PutChar                              0x01001249   Thumb Code    28  main.o(.text)
    fputc                                    0x01001265   Thumb Code    24  main.o(.text)
    assert_failed                            0x0100127d   Thumb Code     4  main.o(.text)
    Reset_Handler                            0x01001329   Thumb Code    18  startup_mhscpu.o(.text)
    NMI_Handler                              0x0100133d   Thumb Code     2  startup_mhscpu.o(.text)
    HardFault_Handler                        0x0100133f   Thumb Code     2  startup_mhscpu.o(.text)
    MemManage_Handler                        0x01001341   Thumb Code     2  startup_mhscpu.o(.text)
    BusFault_Handler                         0x01001343   Thumb Code     2  startup_mhscpu.o(.text)
    UsageFault_Handler                       0x01001345   Thumb Code     2  startup_mhscpu.o(.text)
    SVC_Handler                              0x01001347   Thumb Code     2  startup_mhscpu.o(.text)
    DebugMon_Handler                         0x01001349   Thumb Code     2  startup_mhscpu.o(.text)
    PendSV_Handler                           0x0100134b   Thumb Code     2  startup_mhscpu.o(.text)
    SysTick_Handler                          0x0100134d   Thumb Code     2  startup_mhscpu.o(.text)
    ADC0_IRQHandler                          0x0100134f   Thumb Code     0  startup_mhscpu.o(.text)
    AWD_IRQHandler                           0x0100134f   Thumb Code     0  startup_mhscpu.o(.text)
    CRYPT0_IRQHandler                        0x0100134f   Thumb Code     0  startup_mhscpu.o(.text)
    DAC_IRQHandler                           0x0100134f   Thumb Code     0  startup_mhscpu.o(.text)
    DCMI_IRQHandler                          0x0100134f   Thumb Code     0  startup_mhscpu.o(.text)
    DMA0_IRQHandler                          0x0100134f   Thumb Code     0  startup_mhscpu.o(.text)
    EXTI0_IRQHandler                         0x0100134f   Thumb Code     0  startup_mhscpu.o(.text)
    EXTI1_IRQHandler                         0x0100134f   Thumb Code     0  startup_mhscpu.o(.text)
    EXTI2_IRQHandler                         0x0100134f   Thumb Code     0  startup_mhscpu.o(.text)
    EXTI3_IRQHandler                         0x0100134f   Thumb Code     0  startup_mhscpu.o(.text)
    EXTI4_IRQHandler                         0x0100134f   Thumb Code     0  startup_mhscpu.o(.text)
    EXTI5_IRQHandler                         0x0100134f   Thumb Code     0  startup_mhscpu.o(.text)
    GPU_IRQHandler                           0x0100134f   Thumb Code     0  startup_mhscpu.o(.text)
    I2C0_IRQHandler                          0x0100134f   Thumb Code     0  startup_mhscpu.o(.text)
    KEYBOARD_IRQHandler                      0x0100134f   Thumb Code     0  startup_mhscpu.o(.text)
    LCD_IRQHandler                           0x0100134f   Thumb Code     0  startup_mhscpu.o(.text)
    MSR_IRQHandler                           0x0100134f   Thumb Code     0  startup_mhscpu.o(.text)
    QR_IRQHandler                            0x0100134f   Thumb Code     0  startup_mhscpu.o(.text)
    QSPI_IRQHandler                          0x0100134f   Thumb Code     0  startup_mhscpu.o(.text)
    RTC_IRQHandler                           0x0100134f   Thumb Code     0  startup_mhscpu.o(.text)
    SCI0_IRQHandler                          0x0100134f   Thumb Code     0  startup_mhscpu.o(.text)
    SCI2_IRQHandler                          0x0100134f   Thumb Code     0  startup_mhscpu.o(.text)
    SENSOR_IRQHandler                        0x0100134f   Thumb Code     0  startup_mhscpu.o(.text)
    SPI0_IRQHandler                          0x0100134f   Thumb Code     0  startup_mhscpu.o(.text)
    SPI1_IRQHandler                          0x0100134f   Thumb Code     0  startup_mhscpu.o(.text)
    SPI2_IRQHandler                          0x0100134f   Thumb Code     0  startup_mhscpu.o(.text)
    SPI5_IRQHandler                          0x0100134f   Thumb Code     0  startup_mhscpu.o(.text)
    SSC_IRQHandler                           0x0100134f   Thumb Code     0  startup_mhscpu.o(.text)
    TIM0_0_IRQHandler                        0x0100134f   Thumb Code     0  startup_mhscpu.o(.text)
    TIM0_1_IRQHandler                        0x0100134f   Thumb Code     0  startup_mhscpu.o(.text)
    TIM0_2_IRQHandler                        0x0100134f   Thumb Code     0  startup_mhscpu.o(.text)
    TIM0_3_IRQHandler                        0x0100134f   Thumb Code     0  startup_mhscpu.o(.text)
    TIM0_4_IRQHandler                        0x0100134f   Thumb Code     0  startup_mhscpu.o(.text)
    TIM0_5_IRQHandler                        0x0100134f   Thumb Code     0  startup_mhscpu.o(.text)
    TIM0_6_IRQHandler                        0x0100134f   Thumb Code     0  startup_mhscpu.o(.text)
    TIM0_7_IRQHandler                        0x0100134f   Thumb Code     0  startup_mhscpu.o(.text)
    TRNG_IRQHandler                          0x0100134f   Thumb Code     0  startup_mhscpu.o(.text)
    UART0_IRQHandler                         0x0100134f   Thumb Code     0  startup_mhscpu.o(.text)
    UART1_IRQHandler                         0x0100134f   Thumb Code     0  startup_mhscpu.o(.text)
    UART2_IRQHandler                         0x0100134f   Thumb Code     0  startup_mhscpu.o(.text)
    UART3_IRQHandler                         0x0100134f   Thumb Code     0  startup_mhscpu.o(.text)
    USBDMA_IRQHandler                        0x0100134f   Thumb Code     0  startup_mhscpu.o(.text)
    USB_IRQHandler                           0x0100134f   Thumb Code     0  startup_mhscpu.o(.text)
    SYSCTRL_AHBPeriphClockCmd                0x01001361   Thumb Code    66  mhscpu_sysctrl.o(.text)
    SYSCTRL_APBPeriphClockCmd                0x010013a3   Thumb Code    66  mhscpu_sysctrl.o(.text)
    SYSCTRL_AHBPeriphResetCmd                0x010013e5   Thumb Code    92  mhscpu_sysctrl.o(.text)
    SYSCTRL_APBPeriphResetCmd                0x01001441   Thumb Code    66  mhscpu_sysctrl.o(.text)
    SYSCTRL_EnterSleep                       0x01001483   Thumb Code    90  mhscpu_sysctrl.o(.text)
    SYSCTRL_SYSCLKSourceSelect               0x010014dd   Thumb Code    60  mhscpu_sysctrl.o(.text)
    SYSCTRL_PLLConfig                        0x01001519   Thumb Code   234  mhscpu_sysctrl.o(.text)
    SYSCTRL_PLLDivConfig                     0x01001603   Thumb Code    92  mhscpu_sysctrl.o(.text)
    SYSCTRL_GetClocksFreq                    0x0100165f   Thumb Code   376  mhscpu_sysctrl.o(.text)
    SYSCTRL_HCLKConfig                       0x010017d7   Thumb Code    90  mhscpu_sysctrl.o(.text)
    SYSCTRL_PCLKConfig                       0x01001831   Thumb Code    70  mhscpu_sysctrl.o(.text)
    SYSCTRL_GetChipSN                        0x01001877   Thumb Code    24  mhscpu_sysctrl.o(.text)
    SYSCTRL_SoftReset                        0x0100188f   Thumb Code    12  mhscpu_sysctrl.o(.text)
    UART_DeInit                              0x010018a9   Thumb Code   102  mhscpu_uart.o(.text)
    UART_Init                                0x0100190f   Thumb Code   222  mhscpu_uart.o(.text)
    UART_StructInit                          0x010019ed   Thumb Code    18  mhscpu_uart.o(.text)
    UART_ITConfig                            0x010019ff   Thumb Code    18  mhscpu_uart.o(.text)
    UART_SendData                            0x01001a11   Thumb Code     4  mhscpu_uart.o(.text)
    UART_ReceiveData                         0x01001a15   Thumb Code     8  mhscpu_uart.o(.text)
    UART_AutoFlowCtrlCmd                     0x01001a1d   Thumb Code    22  mhscpu_uart.o(.text)
    UART_SetDTR                              0x01001a33   Thumb Code    10  mhscpu_uart.o(.text)
    UART_ResetDTR                            0x01001a3d   Thumb Code    10  mhscpu_uart.o(.text)
    UART_SetRTS                              0x01001a47   Thumb Code    10  mhscpu_uart.o(.text)
    UART_ResetRTS                            0x01001a51   Thumb Code    10  mhscpu_uart.o(.text)
    UART_FIFOInit                            0x01001a5b   Thumb Code   124  mhscpu_uart.o(.text)
    UART_FIFOStructInit                      0x01001ad7   Thumb Code    20  mhscpu_uart.o(.text)
    UART_FIFOReset                           0x01001aeb   Thumb Code    26  mhscpu_uart.o(.text)
    UART_FIFOCmd                             0x01001b05   Thumb Code    30  mhscpu_uart.o(.text)
    UART_GetLineStatus                       0x01001b23   Thumb Code     6  mhscpu_uart.o(.text)
    UART_GetModemStatus                      0x01001b29   Thumb Code     6  mhscpu_uart.o(.text)
    UART_GetITIdentity                       0x01001b2f   Thumb Code     6  mhscpu_uart.o(.text)
    UART_IsRXFIFOError                       0x01001b35   Thumb Code    18  mhscpu_uart.o(.text)
    UART_IsRXFramingError                    0x01001b47   Thumb Code    18  mhscpu_uart.o(.text)
    UART_IsRXParityError                     0x01001b59   Thumb Code    18  mhscpu_uart.o(.text)
    UART_IsRXOverrunError                    0x01001b6b   Thumb Code    18  mhscpu_uart.o(.text)
    UART_IsRXReceived                        0x01001b7d   Thumb Code    18  mhscpu_uart.o(.text)
    UART_IsTXEmpty                           0x01001b8f   Thumb Code    18  mhscpu_uart.o(.text)
    UART_IsTXHoldingRegisterEmpty            0x01001ba1   Thumb Code    18  mhscpu_uart.o(.text)
    UART_IsTXFIFOTrigger                     0x01001bb3   Thumb Code    18  mhscpu_uart.o(.text)
    UART_IsRXFIFOFull                        0x01001bc5   Thumb Code    18  mhscpu_uart.o(.text)
    UART_IsRXFIFONotEmpty                    0x01001bd7   Thumb Code    18  mhscpu_uart.o(.text)
    UART_IsTXFIFOEmpty                       0x01001be9   Thumb Code    18  mhscpu_uart.o(.text)
    UART_IsTXFIFONotFull                     0x01001bfb   Thumb Code    18  mhscpu_uart.o(.text)
    UART_IsBusy                              0x01001c0d   Thumb Code    18  mhscpu_uart.o(.text)
    UART_DMAGenerateSoftAck                  0x01001c1f   Thumb Code    14  mhscpu_uart.o(.text)
    UART_TXHaltCmd                           0x01001c2d   Thumb Code    30  mhscpu_uart.o(.text)
    UART_FIFOAccessModeCmd                   0x01001c4b   Thumb Code    22  mhscpu_uart.o(.text)
    UART_FIFOTxRead                          0x01001c61   Thumb Code     8  mhscpu_uart.o(.text)
    UART_IrDACmd                             0x01001c69   Thumb Code   128  mhscpu_uart.o(.text)
    UART_SendBreak                           0x01001ce9   Thumb Code    14  mhscpu_uart.o(.text)
    GPIO_DeInit                              0x01001d61   Thumb Code    12  mhscpu_gpio.o(.text)
    GPIO_PinRemapConfig                      0x01001d6d   Thumb Code   258  mhscpu_gpio.o(.text)
    GPIO_Init                                0x01001e6f   Thumb Code   340  mhscpu_gpio.o(.text)
    GPIO_StructInit                          0x01001fc3   Thumb Code    14  mhscpu_gpio.o(.text)
    GPIO_ReadInputDataBit                    0x01001fd1   Thumb Code   168  mhscpu_gpio.o(.text)
    GPIO_ReadInputData                       0x01002079   Thumb Code    14  mhscpu_gpio.o(.text)
    GPIO_ReadOutputDataBit                   0x01002087   Thumb Code   246  mhscpu_gpio.o(.text)
    GPIO_ReadOutputData                      0x0100217d   Thumb Code     8  mhscpu_gpio.o(.text)
    GPIO_SetBits                             0x01002185   Thumb Code   222  mhscpu_gpio.o(.text)
    GPIO_ResetBits                           0x01002263   Thumb Code   224  mhscpu_gpio.o(.text)
    GPIO_Write                               0x01002343   Thumb Code   170  mhscpu_gpio.o(.text)
    GPIO_PullUpCmd                           0x010023ed   Thumb Code   106  mhscpu_gpio.o(.text)
    GPIO_WakeEvenDeInit                      0x01002457   Thumb Code    10  mhscpu_gpio.o(.text)
    GPIO_WakeEvenConfig                      0x01002461   Thumb Code   340  mhscpu_gpio.o(.text)
    GPIO_WakeModeConfig                      0x010025b5   Thumb Code    44  mhscpu_gpio.o(.text)
    DMA_IsChannelEnabled                     0x01002633   Thumb Code    26  mhscpu_dma.o(.text)
    DMA_Cmd                                  0x0100264d   Thumb Code    22  mhscpu_dma.o(.text)
    DMA_ChannelConfig                        0x01002663   Thumb Code   492  mhscpu_dma.o(.text)
    DMA_ChannelCmd                           0x0100284f   Thumb Code    40  mhscpu_dma.o(.text)
    DMA_Init                                 0x01002877   Thumb Code   600  mhscpu_dma.o(.text)
    DMA_SetSrcSingleReq                      0x01002acf   Thumb Code    26  mhscpu_dma.o(.text)
    DMA_SetSrcBlockReq                       0x01002ae9   Thumb Code    26  mhscpu_dma.o(.text)
    DMA_SetSRCAddress                        0x01002b03   Thumb Code     4  mhscpu_dma.o(.text)
    DMA_SetDSRAddress                        0x01002b07   Thumb Code     4  mhscpu_dma.o(.text)
    DMA_ITConfig                             0x01002b0b   Thumb Code   160  mhscpu_dma.o(.text)
    DMA_ClearITPendingBit                    0x01002bab   Thumb Code    86  mhscpu_dma.o(.text)
    DMA_GetITStatus                          0x01002c01   Thumb Code    94  mhscpu_dma.o(.text)
    DMA_GetRawStatus                         0x01002c5f   Thumb Code    94  mhscpu_dma.o(.text)
    DMA_MultiBlockInit                       0x01002cbd   Thumb Code  1124  mhscpu_dma.o(.text)
    DMA_InitLLI                              0x01003121   Thumb Code    40  mhscpu_dma.o(.text)
    SystemCoreClockUpdate                    0x01003155   Thumb Code     8  system_mhscpu.o(.text)
    SystemInit                               0x0100315d   Thumb Code    14  system_mhscpu.o(.text)
    __aeabi_memcpy                           0x01003179   Thumb Code    36  memcpya.o(.text)
    __aeabi_memcpy4                          0x01003179   Thumb Code     0  memcpya.o(.text)
    __aeabi_memcpy8                          0x01003179   Thumb Code     0  memcpya.o(.text)
    __aeabi_memset                           0x0100319d   Thumb Code    14  memseta.o(.text)
    __aeabi_memset4                          0x0100319d   Thumb Code     0  memseta.o(.text)
    __aeabi_memset8                          0x0100319d   Thumb Code     0  memseta.o(.text)
    __aeabi_memclr                           0x010031ab   Thumb Code     4  memseta.o(.text)
    __aeabi_memclr4                          0x010031ab   Thumb Code     0  memseta.o(.text)
    __aeabi_memclr8                          0x010031ab   Thumb Code     0  memseta.o(.text)
    _memset$wrapper                          0x010031af   Thumb Code    18  memseta.o(.text)
    memcmp                                   0x010031c1   Thumb Code    26  memcmp.o(.text)
    __scatterload                            0x010031dd   Thumb Code    28  init.o(.text)
    __scatterload_rt2                        0x010031dd   Thumb Code     0  init.o(.text)
    __0printf$bare                           0x01003201   Thumb Code     8  printfb.o(i.__0printf$bare)
    __1printf$bare                           0x01003201   Thumb Code     0  printfb.o(i.__0printf$bare)
    __2printf                                0x01003201   Thumb Code     0  printfb.o(i.__0printf$bare)
    __scatterload_copy                       0x01003211   Thumb Code    14  handlers.o(i.__scatterload_copy)
    __scatterload_null                       0x0100321f   Thumb Code     2  handlers.o(i.__scatterload_null)
    __scatterload_zeroinit                   0x01003221   Thumb Code    14  handlers.o(i.__scatterload_zeroinit)
    Region$$Table$$Base                      0x01003268   Number         0  anon$$obj.o(Region$$Table)
    Region$$Table$$Limit                     0x01003288   Number         0  anon$$obj.o(Region$$Table)
    SystemCoreClock                          0x20000000   Data           4  system_mhscpu.o(.data)
    __stdout                                 0x20000004   Data           4  stdout.o(.data)
    src_Buf                                  0x20000008   Data         512  main.o(.bss)
    dst_Buf                                  0x20000208   Data         512  main.o(.bss)
    __initial_sp                             0x20008418   Data           0  startup_mhscpu.o(STACK)



==============================================================================

Memory Map of the image

  Image Entry point : 0x01001111

  Load Region LR_IROM1 (Base: 0x01001000, Size: 0x00002290, Max: 0x00004000, ABSOLUTE)

    Execution Region ER_IROM1 (Base: 0x01001000, Size: 0x00002288, Max: 0x00004000, ABSOLUTE)

    Base Addr    Size         Type   Attr      Idx    E Section Name        Object

    0x01001000   0x00000110   Data   RO           83    RESET               startup_mhscpu.o
    0x01001110   0x00000000   Code   RO          269  * .ARM.Collect$$$$00000000  mc_w.l(entry.o)
    0x01001110   0x00000004   Code   RO          540    .ARM.Collect$$$$00000001  mc_w.l(entry2.o)
    0x01001114   0x00000004   Code   RO          543    .ARM.Collect$$$$00000004  mc_w.l(entry5.o)
    0x01001118   0x00000000   Code   RO          545    .ARM.Collect$$$$00000008  mc_w.l(entry7b.o)
    0x01001118   0x00000008   Code   RO          546    .ARM.Collect$$$$00000009  mc_w.l(entry8.o)
    0x01001120   0x00000004   Code   RO          541    .ARM.Collect$$$$00002712  mc_w.l(entry2.o)
    0x01001124   0x00000018   Code   RO           90    .emb_text           mhscpu_sysctrl.o
    0x0100113c   0x000001ec   Code   RO            3    .text               main.o
    0x01001328   0x00000038   Code   RO           84    .text               startup_mhscpu.o
    0x01001360   0x00000548   Code   RO           91    .text               mhscpu_sysctrl.o
    0x010018a8   0x0000044e   Code   RO          158    .text               mhscpu_uart.o
    0x01001cf6   0x00000002   PAD
    0x01001cf8   0x000008f4   Code   RO          202    .text               mhscpu_gpio.o
    0x010025ec   0x00000b68   Code   RO          225    .text               mhscpu_dma.o
    0x01003154   0x00000024   Code   RO          245    .text               system_mhscpu.o
    0x01003178   0x00000024   Code   RO          272    .text               mc_w.l(memcpya.o)
    0x0100319c   0x00000024   Code   RO          274    .text               mc_w.l(memseta.o)
    0x010031c0   0x0000001a   Code   RO          276    .text               mc_w.l(memcmp.o)
    0x010031da   0x00000002   PAD
    0x010031dc   0x00000024   Code   RO          563    .text               mc_w.l(init.o)
    0x01003200   0x00000010   Code   RO          281    i.__0printf$bare    mc_w.l(printfb.o)
    0x01003210   0x0000000e   Code   RO          575    i.__scatterload_copy  mc_w.l(handlers.o)
    0x0100321e   0x00000002   Code   RO          576    i.__scatterload_null  mc_w.l(handlers.o)
    0x01003220   0x0000000e   Code   RO          577    i.__scatterload_zeroinit  mc_w.l(handlers.o)
    0x0100322e   0x00000022   Code   RO          288    i._printf_core      mc_w.l(printfb.o)
    0x01003250   0x00000018   Data   RO          204    .constdata          mhscpu_gpio.o
    0x01003268   0x00000020   Data   RO          573    Region$$Table       anon$$obj.o


    Execution Region RW_IRAM1 (Base: 0x20000000, Size: 0x00008418, Max: 0x00010000, ABSOLUTE)

    Base Addr    Size         Type   Attr      Idx    E Section Name        Object

    0x20000000   0x00000004   Data   RW          246    .data               system_mhscpu.o
    0x20000004   0x00000004   Data   RW          547    .data               mc_w.l(stdout.o)
    0x20000008   0x00000400   Zero   RW            4    .bss                main.o
    0x20000408   0x0000000c   Zero   RW          203    .bss                mhscpu_gpio.o
    0x20000414   0x00000004   PAD
    0x20000418   0x00008000   Zero   RW           81    STACK               startup_mhscpu.o


==============================================================================

Image component sizes


      Code (inc. data)   RO Data    RW Data    ZI Data      Debug   Object Name

       492        168          0          0       1024      62826   main.o
      2920         82          0          0          0       9063   mhscpu_dma.o
      2292        130         24          0         12       6034   mhscpu_gpio.o
      1376        142          0          0          0      56643   mhscpu_sysctrl.o
      1102         80          0          0          0       8172   mhscpu_uart.o
        56         18        272          0      32768        944   startup_mhscpu.o
        36         14          0          4          0        985   system_mhscpu.o

    ----------------------------------------------------------------------
      8276        634        328          4      33808     144667   Object Totals
         0          0         32          0          0          0   (incl. Generated)
         2          0          0          0          4          0   (incl. Padding)

    ----------------------------------------------------------------------

      Code (inc. data)   RO Data    RW Data    ZI Data      Debug   Library Member Name

         0          0          0          0          0          0   entry.o
         8          4          0          0          0          0   entry2.o
         4          0          0          0          0          0   entry5.o
         0          0          0          0          0          0   entry7b.o
         8          4          0          0          0          0   entry8.o
        30          0          0          0          0          0   handlers.o
        36          8          0          0          0         68   init.o
        26          0          0          0          0         80   memcmp.o
        36          0          0          0          0         68   memcpya.o
        36          0          0          0          0        108   memseta.o
        50          8          0          0          0        152   printfb.o
         0          0          0          4          0          0   stdout.o

    ----------------------------------------------------------------------
       236         24          0          4          0        476   Library Totals
         2          0          0          0          0          0   (incl. Padding)

    ----------------------------------------------------------------------

      Code (inc. data)   RO Data    RW Data    ZI Data      Debug   Library Name

       234         24          0          4          0        476   mc_w.l

    ----------------------------------------------------------------------
       236         24          0          4          0        476   Library Totals

    ----------------------------------------------------------------------

==============================================================================


      Code (inc. data)   RO Data    RW Data    ZI Data      Debug   

      8512        658        328          8      33808     143687   Grand Totals
      8512        658        328          8      33808     143687   ELF Image Totals
      8512        658        328          8          0          0   ROM Totals

==============================================================================

    Total RO  Size (Code + RO Data)                 8840 (   8.63kB)
    Total RW  Size (RW Data + ZI Data)             33816 (  33.02kB)
    Total ROM Size (Code + RO Data + RW Data)       8848 (   8.64kB)

==============================================================================

