<html>
<body>
<pre>
<h1>µVision Build Log</h1>
<h2>Project:</h2>
C:\Users\Administrator\Desktop\MH1903S¿ª·¢Ì×¼þ\SDK\ModuleDemo\Keyboard\Keyboard_IO_KeyScan\Project\MDK-ARM(uV4)\Project.uvproj
Project File Date:  05/20/2020

<h2>Output:</h2>
Build target 'Flash'
compiling main.c...
compiling mhscpu_it.c...
compiling keyboard.c...
assembling startup_mhscpu.s...
compiling misc.c...
compiling mhscpu_uart.c...
compiling mhscpu_gpio.c...
compiling mhscpu_exti.c...
compiling mhscpu_sysctrl.c...
compiling system_mhscpu.c...
linking...
Program Size: Code=7224 RO-data=328 RW-data=40 ZI-data=32784  
FromELF: creating hex file...
".\Flash\Obj\KeyBoard.axf" - 0 Error(s), 0 Warning(s).
Build target 'Flash'
compiling main.c...
linking...
Program Size: Code=7232 RO-data=328 RW-data=40 ZI-data=32784  
FromELF: creating hex file...
".\Flash\Obj\KeyBoard.axf" - 0 Error(s), 0 Warning(s).
