
Discarded input sections

 .text          0x00000000        0x0 start.o
 .data          0x00000000        0x0 start.o
 .bss           0x00000000        0x0 start.o
 .text.EXTI0_IRQHandler
                0x00000000        0x2 start.o
 .text.USART1_IRQHandler
                0x00000000        0x2 start.o
 .text          0x00000000        0x0 main.o
 .data          0x00000000        0x0 main.o
 .bss           0x00000000        0x0 main.o
 .text.Usart_test
                0x00000000       0x1c main.o
 .text.Jump     0x00000000       0x10 main.o
 .text.Key_check
                0x00000000       0x24 main.o
 .text.TIM6_ms_ON
                0x00000000       0x30 main.o
 .text.TIM6_ms_OFF
                0x00000000       0x20 main.o
 .text.boot     0x00000000       0x54 main.o
 .text.MCO_Init
                0x00000000       0x38 main.o
 .text.delay_ms
                0x00000000       0x44 main.o
 .text.delay_s  0x00000000       0x48 main.o
 .text          0x00000000        0x0 usart.o
 .data          0x00000000        0x0 usart.o
 .bss           0x00000000        0x0 usart.o
 .text.NVIC_Init
                0x00000000       0x40 usart.o
 .text.USART_SendString
                0x00000000       0x24 usart.o
 .text.USART_SendHalfWord
                0x00000000       0x12 usart.o
 .text          0x00000000        0x0 clock.o
 .data          0x00000000        0x0 clock.o
 .bss           0x00000000        0x0 clock.o
 .text          0x00000000        0x0 xmodem.o
 .data          0x00000000        0x0 xmodem.o
 .bss           0x00000000        0x0 xmodem.o
 .text.RecData  0x00000000       0xe4 xmodem.o
 .text.xmodem   0x00000000       0xb4 xmodem.o
 .comment       0x00000000       0x4e xmodem.o
 .ARM.attributes
                0x00000000       0x2d xmodem.o
 .text          0x00000000        0x0 flash.o
 .data          0x00000000        0x0 flash.o
 .bss           0x00000000        0x0 flash.o
 .text.Flash_Unlock
                0x00000000       0x18 flash.o
 .text.Flash_Lock
                0x00000000       0x10 flash.o
 .text.Flash_Init
                0x00000000       0x20 flash.o
 .text.Flash_status
                0x00000000       0x4c flash.o
 .text.Flash_Erase
                0x00000000       0x80 flash.o
 .text.Flash_Write
                0x00000000       0x8c flash.o
 .comment       0x00000000       0x4e flash.o
 .ARM.attributes
                0x00000000       0x2d flash.o
 .text          0x00000000        0x0 interrup.o
 .data          0x00000000        0x0 interrup.o
 .bss           0x00000000        0x0 interrup.o
 .text          0x00000000        0x0 FIFO.o
 .data          0x00000000        0x0 FIFO.o
 .bss           0x00000000        0x0 FIFO.o
 .text.kfifo_get
                0x00000000       0x70 FIFO.o

Memory Configuration

Name             Origin             Length             Attributes
FLASH            0x08000000         0x00010000         xr
RAM              0x20000000         0x00010000         xrw
*default*        0x00000000         0xffffffff

Linker script and memory map

                0x20010000                _estack = 0x20010000

.text           0x08000000      0xa80
                0x08000000                . = ALIGN (0x4)
                0x08000000                __text_start__ = .
 start.o(*.cortex_vectors)
 .rodata.cortex_vectors
                0x08000000      0x404 start.o
                0x08000000                cortex_vectors
 start.o(.text.Reset_Handler)
 .text.Reset_Handler
                0x08000404       0x74 start.o
                0x08000404                Reset_Handler
 *(.text*)
 .text.NMI_Handler
                0x08000478        0x2 start.o
                0x08000478                NMI_Handler
 .text.HardFault_Handler
                0x0800047a        0x2 start.o
                0x0800047a                HardFault_Handler
 .text.MemManage_Handler
                0x0800047c        0x2 start.o
                0x0800047c                MemManage_Handler
 .text.BusFault_Handler
                0x0800047e        0x2 start.o
                0x0800047e                BusFault_Handler
 .text.UsageFault_Handler
                0x08000480        0x2 start.o
                0x08000480                UsageFault_Handler
 .text.SVC_Handler
                0x08000482        0x2 start.o
                0x08000482                SVC_Handler
 .text.DebugMon_Handler
                0x08000484        0x2 start.o
                0x08000484                DebugMon_Handler
 .text.PendSV_Handler
                0x08000486        0x2 start.o
                0x08000486                PendSV_Handler
 .text.SysTick_Handler
                0x08000488        0x2 start.o
                0x08000488                SysTick_Handler
 .text.WWDG_IRQHandler
                0x0800048a        0x2 start.o
                0x0800048a                WWDG_IRQHandler
 .text.PVD_IRQHandler
                0x0800048c        0x2 start.o
                0x0800048c                PVD_IRQHandler
 .text.TAMPER_IRQHandler
                0x0800048e        0x2 start.o
                0x0800048e                TAMPER_IRQHandler
 .text.RTC_IRQHandler
                0x08000490        0x2 start.o
                0x08000490                RTC_IRQHandler
 .text.FLASH_IRQHandler
                0x08000492        0x2 start.o
                0x08000492                FLASH_IRQHandler
 .text.RCC_IRQHandler
                0x08000494        0x2 start.o
                0x08000494                RCC_IRQHandler
 .text.EXTI1_IRQHandler
                0x08000496        0x2 start.o
                0x08000496                EXTI1_IRQHandler
 .text.EXTI2_IRQHandler
                0x08000498        0x2 start.o
                0x08000498                EXTI2_IRQHandler
 .text.EXTI3_IRQHandler
                0x0800049a        0x2 start.o
                0x0800049a                EXTI3_IRQHandler
 .text.EXTI4_IRQHandler
                0x0800049c        0x2 start.o
                0x0800049c                EXTI4_IRQHandler
 .text.DMA1_Channel1_IRQHandler
                0x0800049e        0x2 start.o
                0x0800049e                DMA1_Channel1_IRQHandler
 .text.DMA1_Channel2_IRQHandler
                0x080004a0        0x2 start.o
                0x080004a0                DMA1_Channel2_IRQHandler
 .text.DMA1_Channel3_IRQHandler
                0x080004a2        0x2 start.o
                0x080004a2                DMA1_Channel3_IRQHandler
 .text.DMA1_Channel4_IRQHandler
                0x080004a4        0x2 start.o
                0x080004a4                DMA1_Channel4_IRQHandler
 .text.DMA1_Channel5_IRQHandler
                0x080004a6        0x2 start.o
                0x080004a6                DMA1_Channel5_IRQHandler
 .text.DMA1_Channel6_IRQHandler
                0x080004a8        0x2 start.o
                0x080004a8                DMA1_Channel6_IRQHandler
 .text.DMA1_Channel7_IRQHandler
                0x080004aa        0x2 start.o
                0x080004aa                DMA1_Channel7_IRQHandler
 .text.ADC1_2_IRQHandler
                0x080004ac        0x2 start.o
                0x080004ac                ADC1_2_IRQHandler
 .text.USB_HP_CAN1_TX_IRQHandler
                0x080004ae        0x2 start.o
                0x080004ae                USB_HP_CAN1_TX_IRQHandler
 .text.USB_LP_CAN1_RX0_IRQHandler
                0x080004b0        0x2 start.o
                0x080004b0                USB_LP_CAN1_RX0_IRQHandler
 .text.CAN1_RX1_IRQHandler
                0x080004b2        0x2 start.o
                0x080004b2                CAN1_RX1_IRQHandler
 .text.CAN1_SCE_IRQHandler
                0x080004b4        0x2 start.o
                0x080004b4                CAN1_SCE_IRQHandler
 .text.EXTI9_5_IRQHandler
                0x080004b6        0x2 start.o
                0x080004b6                EXTI9_5_IRQHandler
 .text.TIM1_BRK_IRQHandler
                0x080004b8        0x2 start.o
                0x080004b8                TIM1_BRK_IRQHandler
 .text.TIM1_UP_IRQHandler
                0x080004ba        0x2 start.o
                0x080004ba                TIM1_UP_IRQHandler
 .text.TIM1_TRG_COM_IRQHandler
                0x080004bc        0x2 start.o
                0x080004bc                TIM1_TRG_COM_IRQHandler
 .text.TIM1_CC_IRQHandler
                0x080004be        0x2 start.o
                0x080004be                TIM1_CC_IRQHandler
 .text.TIM2_IRQHandler
                0x080004c0        0x2 start.o
                0x080004c0                TIM2_IRQHandler
 .text.TIM3_IRQHandler
                0x080004c2        0x2 start.o
                0x080004c2                TIM3_IRQHandler
 .text.TIM4_IRQHandler
                0x080004c4        0x2 start.o
                0x080004c4                TIM4_IRQHandler
 .text.I2C1_EV_IRQHandler
                0x080004c6        0x2 start.o
                0x080004c6                I2C1_EV_IRQHandler
 .text.I2C1_ER_IRQHandler
                0x080004c8        0x2 start.o
                0x080004c8                I2C1_ER_IRQHandler
 .text.I2C2_EV_IRQHandler
                0x080004ca        0x2 start.o
                0x080004ca                I2C2_EV_IRQHandler
 .text.I2C2_ER_IRQHandler
                0x080004cc        0x2 start.o
                0x080004cc                I2C2_ER_IRQHandler
 .text.SPI1_IRQHandler
                0x080004ce        0x2 start.o
                0x080004ce                SPI1_IRQHandler
 .text.SPI2_IRQHandler
                0x080004d0        0x2 start.o
                0x080004d0                SPI2_IRQHandler
 *fill*         0x080004d2        0x2 
 .text.RTS_Init
                0x080004d4       0x54 main.o
                0x080004d4                RTS_Init
 .text.Led_Init
                0x08000528       0x84 main.o
                0x08000528                Led_Init
 .text.Key_Init
                0x080005ac       0x30 main.o
                0x080005ac                Key_Init
 .text.EXTI0_KEY_Init
                0x080005dc       0x94 main.o
                0x080005dc                EXTI0_KEY_Init
 .text.main     0x08000670       0x38 main.o
                0x08000670                main
 .text.Usart_Init
                0x080006a8       0xc4 usart.o
                0x080006a8                Usart_Init
 .text.USART_SendData
                0x0800076c       0x18 usart.o
                0x0800076c                USART_SendData
 .text.SysClock
                0x08000784      0x160 clock.o
                0x08000784                SysClock
 .text.EXTI_GetITStatus
                0x080008e4       0x1c interrup.o
                0x080008e4                EXTI_GetITStatus
 .text.EXTI0_IRQHandler
                0x08000900       0xb0 interrup.o
                0x08000900                EXTI0_IRQHandler
 .text.USART1_IRQHandler
                0x080009b0       0x54 interrup.o
                0x080009b0                USART1_IRQHandler
 .text.kfifo_put
                0x08000a04       0x7c FIFO.o
                0x08000a04                kfifo_put
 *(.init)
 *(.fini)
 *(.rodata*)
                0x08000a80                . = ALIGN (0x4)
                0x08000a80                __text_end__ = .

.glue_7         0x08000a80        0x0
 .glue_7        0x08000a80        0x0 linker stubs

.glue_7t        0x08000a80        0x0
 .glue_7t       0x08000a80        0x0 linker stubs

.vfp11_veneer   0x08000a80        0x0
 .vfp11_veneer  0x08000a80        0x0 linker stubs

.v4_bx          0x08000a80        0x0
 .v4_bx         0x08000a80        0x0 linker stubs

.iplt           0x08000a80        0x0
 .iplt          0x08000a80        0x0 start.o

.rel.dyn        0x08000a80        0x0
 .rel.iplt      0x08000a80        0x0 start.o

.data           0x20000000       0x10 load address 0x08000a80
                0x20000000                . = ALIGN (0x4)
                0x20000000                __data_start__ = .
 *(.data*)
 .data.usart1Fifo
                0x20000000       0x10 interrup.o
                0x20000000                usart1Fifo
                0x20000010                . = ALIGN (0x4)
                0x20000010                __data_end__ = .

.igot.plt       0x20000010        0x0 load address 0x08000a90
 .igot.plt      0x20000010        0x0 start.o

.bss            0x20000010      0x104 load address 0x08000a90
                0x20000010                . = ALIGN (0x4)
                0x20000010                __bss_start__ = .
 *(.bss*)
 .bss.flag      0x20000010        0x4 interrup.o
                0x20000010                flag
 .bss.usart1Buf
                0x20000014      0x100 interrup.o
                0x20000014                usart1Buf
                0x20000114                . = ALIGN (0x4)
                0x20000114                __bss_end__ = .
LOAD main.o
LOAD start.o
LOAD usart.o
LOAD clock.o
LOAD xmodem.o
LOAD flash.o
LOAD interrup.o
LOAD FIFO.o
OUTPUT(main elf32-littlearm)
LOAD linker stubs

.comment        0x00000000       0x4d
 .comment       0x00000000       0x4d start.o
                                 0x4e (size before relaxing)
 .comment       0x0000004d       0x4e main.o
 .comment       0x0000004d       0x4e usart.o
 .comment       0x0000004d       0x4e clock.o
 .comment       0x0000004d       0x4e interrup.o
 .comment       0x0000004d       0x4e FIFO.o

.ARM.attributes
                0x00000000       0x2d
 .ARM.attributes
                0x00000000       0x2d start.o
 .ARM.attributes
                0x0000002d       0x2d main.o
 .ARM.attributes
                0x0000005a       0x2d usart.o
 .ARM.attributes
                0x00000087       0x2d clock.o
 .ARM.attributes
                0x000000b4       0x2d interrup.o
 .ARM.attributes
                0x000000e1       0x2d FIFO.o
