<html>
<body>
<pre>
<h1>µVision Build Log</h1>
<h2>Project:</h2>
C:\Users\Administrator\Desktop\MH1903S¿ª·¢Ì×¼þ\SDK\ModuleDemo\GPIO\GPIO_IO_Interrupt\Project\MDK-ARM(uV4)\Project.uvproj
Project File Date:  04/11/2020

<h2>Output:</h2>
Build target 'RAM'
compiling main.c...
compiling mhscpu_it.c...
assembling startup_mhscpu.s...
compiling misc.c...
compiling mhscpu_uart.c...
compiling mhscpu_gpio.c...
compiling mhscpu_exti.c...
compiling mhscpu_sysctrl.c...
compiling system_mhscpu.c...
linking...
Program Size: Code=9068 RO-data=328 RW-data=12 ZI-data=32780  
FromELF: creating hex file...
".\RAM\Obj\Project.axf" - 0 Error(s), 0 Warning(s).
