ARM Linker, 5.02 [Build 28] [MDK-ARM Professional]

==============================================================================

Section Cross References

    main.o(.text) refers to printf8.o(i.__0printf$8) for __2printf
    main.o(.text) refers to mhscpu_uart.o(.text) for UART_GetLineStatus
    main.o(.text) refers to misc.o(.text) for NVIC_Init
    main.o(.text) refers to mhscpu_gpio.o(.text) for GPIO_PinRemapConfig
    main.o(.text) refers to mhscpu_sysctrl.o(.text) for SYSCTRL_APBPeriphClockCmd
    main.o(.text) refers to mhscpu_exti.o(.text) for EXTI_DeInit
    main.o(.text) refers to main.o(.data) for EXTI_Line
    mhscpu_it.o(.text) refers to printf8.o(i.__0printf$8) for __2printf
    mhscpu_it.o(.text) refers to mhscpu_exti.o(.text) for EXTI_GetITLineStatus
    startup_mhscpu.o(RESET) refers to startup_mhscpu.o(STACK) for __initial_sp
    startup_mhscpu.o(RESET) refers to startup_mhscpu.o(.text) for Reset_Handler
    startup_mhscpu.o(RESET) refers to mhscpu_it.o(.text) for NMI_Handler
    startup_mhscpu.o(.text) refers to startup_mhscpu.o(RESET) for __Vectors
    startup_mhscpu.o(.text) refers to system_mhscpu.o(.text) for SystemInit
    startup_mhscpu.o(.text) refers to entry.o(.ARM.Collect$$$$00000000) for __main
    misc.o(.text) refers to main.o(.text) for assert_failed
    mhscpu_uart.o(.text) refers to main.o(.text) for assert_failed
    mhscpu_uart.o(.text) refers to mhscpu_sysctrl.o(.text) for SYSCTRL_APBPeriphResetCmd
    mhscpu_gpio.o(.text) refers to memcpya.o(.text) for __aeabi_memcpy4
    mhscpu_gpio.o(.text) refers to main.o(.text) for assert_failed
    mhscpu_gpio.o(.text) refers to mhscpu_sysctrl.o(.text) for SYSCTRL_APBPeriphResetCmd
    mhscpu_gpio.o(.text) refers to mhscpu_gpio.o(.constdata) for .constdata
    mhscpu_gpio.o(.text) refers to mhscpu_gpio.o(.bss) for GPIO_OD_Mark
    mhscpu_exti.o(.text) refers to main.o(.text) for assert_failed
    mhscpu_sysctrl.o(.text) refers to main.o(.text) for assert_failed
    mhscpu_sysctrl.o(.text) refers to mhscpu_sysctrl.o(.emb_text) for __asm___16_mhscpu_sysctrl_c_220ebcab__SYSCTRL_Sleep
    mhscpu_sysctrl.o(.text) refers to memcpya.o(.text) for __aeabi_memcpy
    system_mhscpu.o(.text) refers to system_mhscpu.o(.data) for SystemCoreClock
    entry.o(.ARM.Collect$$$$00000000) refers (Special) to entry7b.o(.ARM.Collect$$$$00000008) for _main_clock
    entry.o(.ARM.Collect$$$$00000000) refers (Special) to entry8.o(.ARM.Collect$$$$00000009) for _main_init
    entry.o(.ARM.Collect$$$$00000000) refers (Special) to entry5.o(.ARM.Collect$$$$00000004) for _main_scatterload
    entry.o(.ARM.Collect$$$$00000000) refers (Special) to entry2.o(.ARM.Collect$$$$00000001) for _main_stk
    printfb.o(i.__0fprintf$bare) refers to printfb.o(i._printf_core) for _printf_core
    printfb.o(i.__0fprintf$bare) refers to main.o(.text) for fputc
    printfb.o(i.__0printf$bare) refers to printfb.o(i._printf_core) for _printf_core
    printfb.o(i.__0printf$bare) refers to main.o(.text) for fputc
    printfb.o(i.__0printf$bare) refers to stdout.o(.data) for __stdout
    printfb.o(i.__0snprintf$bare) refers to printfb.o(i._printf_core) for _printf_core
    printfb.o(i.__0snprintf$bare) refers to printfb.o(i._snputc) for _snputc
    printfb.o(i.__0sprintf$bare) refers to printfb.o(i._printf_core) for _printf_core
    printfb.o(i.__0sprintf$bare) refers to printfb.o(i._sputc) for _sputc
    printfb.o(i.__0vfprintf$bare) refers to printfb.o(i._printf_core) for _printf_core
    printfb.o(i.__0vfprintf$bare) refers to main.o(.text) for fputc
    printfb.o(i.__0vprintf$bare) refers to printfb.o(i._printf_core) for _printf_core
    printfb.o(i.__0vprintf$bare) refers to main.o(.text) for fputc
    printfb.o(i.__0vprintf$bare) refers to stdout.o(.data) for __stdout
    printfb.o(i.__0vsnprintf$bare) refers to printfb.o(i._printf_core) for _printf_core
    printfb.o(i.__0vsnprintf$bare) refers to printfb.o(i._snputc) for _snputc
    printfb.o(i.__0vsprintf$bare) refers to printfb.o(i._printf_core) for _printf_core
    printfb.o(i.__0vsprintf$bare) refers to printfb.o(i._sputc) for _sputc
    printf0.o(i.__0fprintf$0) refers to printf0.o(i._printf_core) for _printf_core
    printf0.o(i.__0fprintf$0) refers to main.o(.text) for fputc
    printf0.o(i.__0printf$0) refers to printf0.o(i._printf_core) for _printf_core
    printf0.o(i.__0printf$0) refers to main.o(.text) for fputc
    printf0.o(i.__0printf$0) refers to stdout.o(.data) for __stdout
    printf0.o(i.__0snprintf$0) refers to printf0.o(i._printf_core) for _printf_core
    printf0.o(i.__0snprintf$0) refers to printf0.o(i._snputc) for _snputc
    printf0.o(i.__0sprintf$0) refers to printf0.o(i._printf_core) for _printf_core
    printf0.o(i.__0sprintf$0) refers to printf0.o(i._sputc) for _sputc
    printf0.o(i.__0vfprintf$0) refers to printf0.o(i._printf_core) for _printf_core
    printf0.o(i.__0vfprintf$0) refers to main.o(.text) for fputc
    printf0.o(i.__0vprintf$0) refers to printf0.o(i._printf_core) for _printf_core
    printf0.o(i.__0vprintf$0) refers to main.o(.text) for fputc
    printf0.o(i.__0vprintf$0) refers to stdout.o(.data) for __stdout
    printf0.o(i.__0vsnprintf$0) refers to printf0.o(i._printf_core) for _printf_core
    printf0.o(i.__0vsnprintf$0) refers to printf0.o(i._snputc) for _snputc
    printf0.o(i.__0vsprintf$0) refers to printf0.o(i._printf_core) for _printf_core
    printf0.o(i.__0vsprintf$0) refers to printf0.o(i._sputc) for _sputc
    printf1.o(i.__0fprintf$1) refers to printf1.o(i._printf_core) for _printf_core
    printf1.o(i.__0fprintf$1) refers to main.o(.text) for fputc
    printf1.o(i.__0printf$1) refers to printf1.o(i._printf_core) for _printf_core
    printf1.o(i.__0printf$1) refers to main.o(.text) for fputc
    printf1.o(i.__0printf$1) refers to stdout.o(.data) for __stdout
    printf1.o(i.__0snprintf$1) refers to printf1.o(i._printf_core) for _printf_core
    printf1.o(i.__0snprintf$1) refers to printf1.o(i._snputc) for _snputc
    printf1.o(i.__0sprintf$1) refers to printf1.o(i._printf_core) for _printf_core
    printf1.o(i.__0sprintf$1) refers to printf1.o(i._sputc) for _sputc
    printf1.o(i.__0vfprintf$1) refers to printf1.o(i._printf_core) for _printf_core
    printf1.o(i.__0vfprintf$1) refers to main.o(.text) for fputc
    printf1.o(i.__0vprintf$1) refers to printf1.o(i._printf_core) for _printf_core
    printf1.o(i.__0vprintf$1) refers to main.o(.text) for fputc
    printf1.o(i.__0vprintf$1) refers to stdout.o(.data) for __stdout
    printf1.o(i.__0vsnprintf$1) refers to printf1.o(i._printf_core) for _printf_core
    printf1.o(i.__0vsnprintf$1) refers to printf1.o(i._snputc) for _snputc
    printf1.o(i.__0vsprintf$1) refers to printf1.o(i._printf_core) for _printf_core
    printf1.o(i.__0vsprintf$1) refers to printf1.o(i._sputc) for _sputc
    printf1.o(i._printf_core) refers to uidiv.o(.text) for __aeabi_uidivmod
    printf2.o(i.__0fprintf$2) refers to printf2.o(i._printf_core) for _printf_core
    printf2.o(i.__0fprintf$2) refers to main.o(.text) for fputc
    printf2.o(i.__0printf$2) refers to printf2.o(i._printf_core) for _printf_core
    printf2.o(i.__0printf$2) refers to main.o(.text) for fputc
    printf2.o(i.__0printf$2) refers to stdout.o(.data) for __stdout
    printf2.o(i.__0snprintf$2) refers to printf2.o(i._printf_core) for _printf_core
    printf2.o(i.__0snprintf$2) refers to printf2.o(i._snputc) for _snputc
    printf2.o(i.__0sprintf$2) refers to printf2.o(i._printf_core) for _printf_core
    printf2.o(i.__0sprintf$2) refers to printf2.o(i._sputc) for _sputc
    printf2.o(i.__0vfprintf$2) refers to printf2.o(i._printf_core) for _printf_core
    printf2.o(i.__0vfprintf$2) refers to main.o(.text) for fputc
    printf2.o(i.__0vprintf$2) refers to printf2.o(i._printf_core) for _printf_core
    printf2.o(i.__0vprintf$2) refers to main.o(.text) for fputc
    printf2.o(i.__0vprintf$2) refers to stdout.o(.data) for __stdout
    printf2.o(i.__0vsnprintf$2) refers to printf2.o(i._printf_core) for _printf_core
    printf2.o(i.__0vsnprintf$2) refers to printf2.o(i._snputc) for _snputc
    printf2.o(i.__0vsprintf$2) refers to printf2.o(i._printf_core) for _printf_core
    printf2.o(i.__0vsprintf$2) refers to printf2.o(i._sputc) for _sputc
    printf3.o(i.__0fprintf$3) refers to printf3.o(i._printf_core) for _printf_core
    printf3.o(i.__0fprintf$3) refers to main.o(.text) for fputc
    printf3.o(i.__0printf$3) refers to printf3.o(i._printf_core) for _printf_core
    printf3.o(i.__0printf$3) refers to main.o(.text) for fputc
    printf3.o(i.__0printf$3) refers to stdout.o(.data) for __stdout
    printf3.o(i.__0snprintf$3) refers to printf3.o(i._printf_core) for _printf_core
    printf3.o(i.__0snprintf$3) refers to printf3.o(i._snputc) for _snputc
    printf3.o(i.__0sprintf$3) refers to printf3.o(i._printf_core) for _printf_core
    printf3.o(i.__0sprintf$3) refers to printf3.o(i._sputc) for _sputc
    printf3.o(i.__0vfprintf$3) refers to printf3.o(i._printf_core) for _printf_core
    printf3.o(i.__0vfprintf$3) refers to main.o(.text) for fputc
    printf3.o(i.__0vprintf$3) refers to printf3.o(i._printf_core) for _printf_core
    printf3.o(i.__0vprintf$3) refers to main.o(.text) for fputc
    printf3.o(i.__0vprintf$3) refers to stdout.o(.data) for __stdout
    printf3.o(i.__0vsnprintf$3) refers to printf3.o(i._printf_core) for _printf_core
    printf3.o(i.__0vsnprintf$3) refers to printf3.o(i._snputc) for _snputc
    printf3.o(i.__0vsprintf$3) refers to printf3.o(i._printf_core) for _printf_core
    printf3.o(i.__0vsprintf$3) refers to printf3.o(i._sputc) for _sputc
    printf3.o(i._printf_core) refers to uidiv.o(.text) for __aeabi_uidivmod
    printf4.o(i.__0fprintf$4) refers to printf4.o(i._printf_core) for _printf_core
    printf4.o(i.__0fprintf$4) refers to main.o(.text) for fputc
    printf4.o(i.__0printf$4) refers to printf4.o(i._printf_core) for _printf_core
    printf4.o(i.__0printf$4) refers to main.o(.text) for fputc
    printf4.o(i.__0printf$4) refers to stdout.o(.data) for __stdout
    printf4.o(i.__0snprintf$4) refers to printf4.o(i._printf_core) for _printf_core
    printf4.o(i.__0snprintf$4) refers to printf4.o(i._snputc) for _snputc
    printf4.o(i.__0sprintf$4) refers to printf4.o(i._printf_core) for _printf_core
    printf4.o(i.__0sprintf$4) refers to printf4.o(i._sputc) for _sputc
    printf4.o(i.__0vfprintf$4) refers to printf4.o(i._printf_core) for _printf_core
    printf4.o(i.__0vfprintf$4) refers to main.o(.text) for fputc
    printf4.o(i.__0vprintf$4) refers to printf4.o(i._printf_core) for _printf_core
    printf4.o(i.__0vprintf$4) refers to main.o(.text) for fputc
    printf4.o(i.__0vprintf$4) refers to stdout.o(.data) for __stdout
    printf4.o(i.__0vsnprintf$4) refers to printf4.o(i._printf_core) for _printf_core
    printf4.o(i.__0vsnprintf$4) refers to printf4.o(i._snputc) for _snputc
    printf4.o(i.__0vsprintf$4) refers to printf4.o(i._printf_core) for _printf_core
    printf4.o(i.__0vsprintf$4) refers to printf4.o(i._sputc) for _sputc
    printf4.o(i._printf_core) refers to uldiv.o(.text) for __aeabi_uldivmod
    printf5.o(i.__0fprintf$5) refers to printf5.o(i._printf_core) for _printf_core
    printf5.o(i.__0fprintf$5) refers to main.o(.text) for fputc
    printf5.o(i.__0printf$5) refers to printf5.o(i._printf_core) for _printf_core
    printf5.o(i.__0printf$5) refers to main.o(.text) for fputc
    printf5.o(i.__0printf$5) refers to stdout.o(.data) for __stdout
    printf5.o(i.__0snprintf$5) refers to printf5.o(i._printf_core) for _printf_core
    printf5.o(i.__0snprintf$5) refers to printf5.o(i._snputc) for _snputc
    printf5.o(i.__0sprintf$5) refers to printf5.o(i._printf_core) for _printf_core
    printf5.o(i.__0sprintf$5) refers to printf5.o(i._sputc) for _sputc
    printf5.o(i.__0vfprintf$5) refers to printf5.o(i._printf_core) for _printf_core
    printf5.o(i.__0vfprintf$5) refers to main.o(.text) for fputc
    printf5.o(i.__0vprintf$5) refers to printf5.o(i._printf_core) for _printf_core
    printf5.o(i.__0vprintf$5) refers to main.o(.text) for fputc
    printf5.o(i.__0vprintf$5) refers to stdout.o(.data) for __stdout
    printf5.o(i.__0vsnprintf$5) refers to printf5.o(i._printf_core) for _printf_core
    printf5.o(i.__0vsnprintf$5) refers to printf5.o(i._snputc) for _snputc
    printf5.o(i.__0vsprintf$5) refers to printf5.o(i._printf_core) for _printf_core
    printf5.o(i.__0vsprintf$5) refers to printf5.o(i._sputc) for _sputc
    printf5.o(i._printf_core) refers to uldiv.o(.text) for __aeabi_uldivmod
    printf6.o(i.__0fprintf$6) refers to printf6.o(i._printf_core) for _printf_core
    printf6.o(i.__0fprintf$6) refers to main.o(.text) for fputc
    printf6.o(i.__0printf$6) refers to printf6.o(i._printf_core) for _printf_core
    printf6.o(i.__0printf$6) refers to main.o(.text) for fputc
    printf6.o(i.__0printf$6) refers to stdout.o(.data) for __stdout
    printf6.o(i.__0snprintf$6) refers to printf6.o(i._printf_core) for _printf_core
    printf6.o(i.__0snprintf$6) refers to printf6.o(i._snputc) for _snputc
    printf6.o(i.__0sprintf$6) refers to printf6.o(i._printf_core) for _printf_core
    printf6.o(i.__0sprintf$6) refers to printf6.o(i._sputc) for _sputc
    printf6.o(i.__0vfprintf$6) refers to printf6.o(i._printf_core) for _printf_core
    printf6.o(i.__0vfprintf$6) refers to main.o(.text) for fputc
    printf6.o(i.__0vprintf$6) refers to printf6.o(i._printf_core) for _printf_core
    printf6.o(i.__0vprintf$6) refers to main.o(.text) for fputc
    printf6.o(i.__0vprintf$6) refers to stdout.o(.data) for __stdout
    printf6.o(i.__0vsnprintf$6) refers to printf6.o(i._printf_core) for _printf_core
    printf6.o(i.__0vsnprintf$6) refers to printf6.o(i._snputc) for _snputc
    printf6.o(i.__0vsprintf$6) refers to printf6.o(i._printf_core) for _printf_core
    printf6.o(i.__0vsprintf$6) refers to printf6.o(i._sputc) for _sputc
    printf6.o(i._printf_core) refers to printf6.o(i._printf_pre_padding) for _printf_pre_padding
    printf6.o(i._printf_core) refers to uidiv.o(.text) for __aeabi_uidivmod
    printf6.o(i._printf_core) refers to printf6.o(i._printf_post_padding) for _printf_post_padding
    printf7.o(i.__0fprintf$7) refers to printf7.o(i._printf_core) for _printf_core
    printf7.o(i.__0fprintf$7) refers to main.o(.text) for fputc
    printf7.o(i.__0printf$7) refers to printf7.o(i._printf_core) for _printf_core
    printf7.o(i.__0printf$7) refers to main.o(.text) for fputc
    printf7.o(i.__0printf$7) refers to stdout.o(.data) for __stdout
    printf7.o(i.__0snprintf$7) refers to printf7.o(i._printf_core) for _printf_core
    printf7.o(i.__0snprintf$7) refers to printf7.o(i._snputc) for _snputc
    printf7.o(i.__0sprintf$7) refers to printf7.o(i._printf_core) for _printf_core
    printf7.o(i.__0sprintf$7) refers to printf7.o(i._sputc) for _sputc
    printf7.o(i.__0vfprintf$7) refers to printf7.o(i._printf_core) for _printf_core
    printf7.o(i.__0vfprintf$7) refers to main.o(.text) for fputc
    printf7.o(i.__0vprintf$7) refers to printf7.o(i._printf_core) for _printf_core
    printf7.o(i.__0vprintf$7) refers to main.o(.text) for fputc
    printf7.o(i.__0vprintf$7) refers to stdout.o(.data) for __stdout
    printf7.o(i.__0vsnprintf$7) refers to printf7.o(i._printf_core) for _printf_core
    printf7.o(i.__0vsnprintf$7) refers to printf7.o(i._snputc) for _snputc
    printf7.o(i.__0vsprintf$7) refers to printf7.o(i._printf_core) for _printf_core
    printf7.o(i.__0vsprintf$7) refers to printf7.o(i._sputc) for _sputc
    printf7.o(i._printf_core) refers to printf7.o(i._printf_pre_padding) for _printf_pre_padding
    printf7.o(i._printf_core) refers to uldiv.o(.text) for __aeabi_uldivmod
    printf7.o(i._printf_core) refers to printf7.o(i._printf_post_padding) for _printf_post_padding
    printf8.o(i.__0fprintf$8) refers to printf8.o(i._printf_core) for _printf_core
    printf8.o(i.__0fprintf$8) refers to main.o(.text) for fputc
    printf8.o(i.__0printf$8) refers to printf8.o(i._printf_core) for _printf_core
    printf8.o(i.__0printf$8) refers to main.o(.text) for fputc
    printf8.o(i.__0printf$8) refers to stdout.o(.data) for __stdout
    printf8.o(i.__0snprintf$8) refers to printf8.o(i._printf_core) for _printf_core
    printf8.o(i.__0snprintf$8) refers to printf8.o(i._snputc) for _snputc
    printf8.o(i.__0sprintf$8) refers to printf8.o(i._printf_core) for _printf_core
    printf8.o(i.__0sprintf$8) refers to printf8.o(i._sputc) for _sputc
    printf8.o(i.__0vfprintf$8) refers to printf8.o(i._printf_core) for _printf_core
    printf8.o(i.__0vfprintf$8) refers to main.o(.text) for fputc
    printf8.o(i.__0vprintf$8) refers to printf8.o(i._printf_core) for _printf_core
    printf8.o(i.__0vprintf$8) refers to main.o(.text) for fputc
    printf8.o(i.__0vprintf$8) refers to stdout.o(.data) for __stdout
    printf8.o(i.__0vsnprintf$8) refers to printf8.o(i._printf_core) for _printf_core
    printf8.o(i.__0vsnprintf$8) refers to printf8.o(i._snputc) for _snputc
    printf8.o(i.__0vsprintf$8) refers to printf8.o(i._printf_core) for _printf_core
    printf8.o(i.__0vsprintf$8) refers to printf8.o(i._sputc) for _sputc
    printf8.o(i._printf_core) refers to printf8.o(i._printf_pre_padding) for _printf_pre_padding
    printf8.o(i._printf_core) refers to uldiv.o(.text) for __aeabi_uldivmod
    printf8.o(i._printf_core) refers to printf8.o(i._printf_post_padding) for _printf_post_padding
    printfa.o(i.__0fprintf) refers (Special) to iusefp.o(.text) for __I$use$fp
    printfa.o(i.__0fprintf) refers to printfa.o(i._printf_core) for _printf_core
    printfa.o(i.__0fprintf) refers to main.o(.text) for fputc
    printfa.o(i.__0printf) refers (Special) to iusefp.o(.text) for __I$use$fp
    printfa.o(i.__0printf) refers to printfa.o(i._printf_core) for _printf_core
    printfa.o(i.__0printf) refers to main.o(.text) for fputc
    printfa.o(i.__0printf) refers to stdout.o(.data) for __stdout
    printfa.o(i.__0snprintf) refers (Special) to iusefp.o(.text) for __I$use$fp
    printfa.o(i.__0snprintf) refers to printfa.o(i._printf_core) for _printf_core
    printfa.o(i.__0snprintf) refers to printfa.o(i._snputc) for _snputc
    printfa.o(i.__0sprintf) refers (Special) to iusefp.o(.text) for __I$use$fp
    printfa.o(i.__0sprintf) refers to printfa.o(i._printf_core) for _printf_core
    printfa.o(i.__0sprintf) refers to printfa.o(i._sputc) for _sputc
    printfa.o(i.__0vfprintf) refers (Special) to iusefp.o(.text) for __I$use$fp
    printfa.o(i.__0vfprintf) refers to printfa.o(i._printf_core) for _printf_core
    printfa.o(i.__0vfprintf) refers to main.o(.text) for fputc
    printfa.o(i.__0vprintf) refers (Special) to iusefp.o(.text) for __I$use$fp
    printfa.o(i.__0vprintf) refers to printfa.o(i._printf_core) for _printf_core
    printfa.o(i.__0vprintf) refers to main.o(.text) for fputc
    printfa.o(i.__0vprintf) refers to stdout.o(.data) for __stdout
    printfa.o(i.__0vsnprintf) refers (Special) to iusefp.o(.text) for __I$use$fp
    printfa.o(i.__0vsnprintf) refers to printfa.o(i._printf_core) for _printf_core
    printfa.o(i.__0vsnprintf) refers to printfa.o(i._snputc) for _snputc
    printfa.o(i.__0vsprintf) refers (Special) to iusefp.o(.text) for __I$use$fp
    printfa.o(i.__0vsprintf) refers to printfa.o(i._printf_core) for _printf_core
    printfa.o(i.__0vsprintf) refers to printfa.o(i._sputc) for _sputc
    printfa.o(i._fp_digits) refers (Special) to iusefp.o(.text) for __I$use$fp
    printfa.o(i._fp_digits) refers to dmul.o(.text) for __aeabi_dmul
    printfa.o(i._fp_digits) refers to ddiv.o(.text) for __aeabi_ddiv
    printfa.o(i._fp_digits) refers to cdrcmple.o(.text) for __aeabi_cdrcmple
    printfa.o(i._fp_digits) refers to dadd.o(.text) for __aeabi_dadd
    printfa.o(i._fp_digits) refers to dfixul.o(.text) for __aeabi_d2ulz
    printfa.o(i._fp_digits) refers to uldiv.o(.text) for __aeabi_uldivmod
    printfa.o(i._printf_core) refers (Special) to iusefp.o(.text) for __I$use$fp
    printfa.o(i._printf_core) refers to printfa.o(i._printf_pre_padding) for _printf_pre_padding
    printfa.o(i._printf_core) refers to uldiv.o(.text) for __aeabi_uldivmod
    printfa.o(i._printf_core) refers to printfa.o(i._printf_post_padding) for _printf_post_padding
    printfa.o(i._printf_core) refers to printfa.o(i._fp_digits) for _fp_digits
    printfa.o(i._printf_core) refers to uidiv.o(.text) for __aeabi_uidivmod
    printfa.o(i._printf_post_padding) refers (Special) to iusefp.o(.text) for __I$use$fp
    printfa.o(i._printf_pre_padding) refers (Special) to iusefp.o(.text) for __I$use$fp
    printfa.o(i._snputc) refers (Special) to iusefp.o(.text) for __I$use$fp
    printfa.o(i._sputc) refers (Special) to iusefp.o(.text) for __I$use$fp
    entry2.o(.ARM.Collect$$$$00000001) refers to entry2.o(.ARM.Collect$$$$00002712) for __lit__00000000
    entry2.o(.ARM.Collect$$$$00002712) refers to startup_mhscpu.o(STACK) for __initial_sp
    entry2.o(__vectab_stack_and_reset_area) refers to startup_mhscpu.o(STACK) for __initial_sp
    entry2.o(__vectab_stack_and_reset_area) refers to entry.o(.ARM.Collect$$$$00000000) for __main
    entry5.o(.ARM.Collect$$$$00000004) refers to init.o(.text) for __scatterload
    entry8.o(.ARM.Collect$$$$00000009) refers to main.o(.text) for main
    uldiv.o(.text) refers to llushr.o(.text) for __aeabi_llsr
    uldiv.o(.text) refers to llshl.o(.text) for __aeabi_llsl
    dadd.o(.text) refers to llshl.o(.text) for __aeabi_llsl
    dadd.o(.text) refers to llsshr.o(.text) for __aeabi_lasr
    dadd.o(.text) refers to depilogue.o(.text) for _double_epilogue
    dmul.o(.text) refers to depilogue.o(.text) for _double_epilogue
    ddiv.o(.text) refers to depilogue.o(.text) for _double_round
    dfixul.o(.text) refers to llushr.o(.text) for __aeabi_llsr
    dfixul.o(.text) refers to llshl.o(.text) for __aeabi_llsl
    init.o(.text) refers to entry5.o(.ARM.Collect$$$$00000004) for __main_after_scatterload
    depilogue.o(.text) refers to llshl.o(.text) for __aeabi_llsl
    depilogue.o(.text) refers to llushr.o(.text) for __aeabi_llsr


==============================================================================

Removing Unused input sections from the image.

    Removing main.o(.rev16_text), (4 bytes).
    Removing main.o(.revsh_text), (4 bytes).
    Removing mhscpu_it.o(.rev16_text), (4 bytes).
    Removing mhscpu_it.o(.revsh_text), (4 bytes).
    Removing startup_mhscpu.o(HEAP), (32768 bytes).
    Removing misc.o(.rev16_text), (4 bytes).
    Removing misc.o(.revsh_text), (4 bytes).
    Removing mhscpu_uart.o(.rev16_text), (4 bytes).
    Removing mhscpu_uart.o(.revsh_text), (4 bytes).
    Removing mhscpu_gpio.o(.rev16_text), (4 bytes).
    Removing mhscpu_gpio.o(.revsh_text), (4 bytes).
    Removing mhscpu_exti.o(.rev16_text), (4 bytes).
    Removing mhscpu_exti.o(.revsh_text), (4 bytes).
    Removing mhscpu_sysctrl.o(.rev16_text), (4 bytes).
    Removing mhscpu_sysctrl.o(.revsh_text), (4 bytes).
    Removing system_mhscpu.o(.rev16_text), (4 bytes).
    Removing system_mhscpu.o(.revsh_text), (4 bytes).
    Removing dadd.o(.text), (334 bytes).
    Removing dmul.o(.text), (228 bytes).
    Removing ddiv.o(.text), (222 bytes).
    Removing dfixul.o(.text), (48 bytes).
    Removing cdrcmple.o(.text), (40 bytes).
    Removing depilogue.o(.text), (190 bytes).

23 unused section(s) (total 33894 bytes) removed from the image.

==============================================================================

Image Symbol Table

    Local Symbols

    Symbol Name                              Value     Ov Type        Size  Object(Section)

    ../clib/microlib/division.c              0x00000000   Number         0  uidiv.o ABSOLUTE
    ../clib/microlib/division.c              0x00000000   Number         0  uldiv.o ABSOLUTE
    ../clib/microlib/init/entry.s            0x00000000   Number         0  entry8.o ABSOLUTE
    ../clib/microlib/init/entry.s            0x00000000   Number         0  entry7b.o ABSOLUTE
    ../clib/microlib/init/entry.s            0x00000000   Number         0  entry7a.o ABSOLUTE
    ../clib/microlib/init/entry.s            0x00000000   Number         0  entry5.o ABSOLUTE
    ../clib/microlib/init/entry.s            0x00000000   Number         0  entry.o ABSOLUTE
    ../clib/microlib/init/entry.s            0x00000000   Number         0  entry2.o ABSOLUTE
    ../clib/microlib/longlong.c              0x00000000   Number         0  llshl.o ABSOLUTE
    ../clib/microlib/longlong.c              0x00000000   Number         0  llushr.o ABSOLUTE
    ../clib/microlib/longlong.c              0x00000000   Number         0  llsshr.o ABSOLUTE
    ../clib/microlib/printf/printf.c         0x00000000   Number         0  printf0.o ABSOLUTE
    ../clib/microlib/printf/printf.c         0x00000000   Number         0  printf2.o ABSOLUTE
    ../clib/microlib/printf/printf.c         0x00000000   Number         0  printf1.o ABSOLUTE
    ../clib/microlib/printf/printf.c         0x00000000   Number         0  printf6.o ABSOLUTE
    ../clib/microlib/printf/printf.c         0x00000000   Number         0  printf7.o ABSOLUTE
    ../clib/microlib/printf/printf.c         0x00000000   Number         0  printfb.o ABSOLUTE
    ../clib/microlib/printf/printf.c         0x00000000   Number         0  printf4.o ABSOLUTE
    ../clib/microlib/printf/printf.c         0x00000000   Number         0  printf8.o ABSOLUTE
    ../clib/microlib/printf/printf.c         0x00000000   Number         0  printf5.o ABSOLUTE
    ../clib/microlib/printf/printf.c         0x00000000   Number         0  printfa.o ABSOLUTE
    ../clib/microlib/printf/printf.c         0x00000000   Number         0  printf3.o ABSOLUTE
    ../clib/microlib/printf/stubs.s          0x00000000   Number         0  stubs.o ABSOLUTE
    ../clib/microlib/stdio/streams.c         0x00000000   Number         0  stdout.o ABSOLUTE
    ../clib/microlib/string/memcpy.c         0x00000000   Number         0  memcpyb.o ABSOLUTE
    ../clib/microlib/string/memcpy.c         0x00000000   Number         0  memcpya.o ABSOLUTE
    ../clib/microlib/stubs.s                 0x00000000   Number         0  iusefp.o ABSOLUTE
    ../fplib/microlib/fpadd.c                0x00000000   Number         0  dadd.o ABSOLUTE
    ../fplib/microlib/fpdiv.c                0x00000000   Number         0  ddiv.o ABSOLUTE
    ../fplib/microlib/fpepilogue.c           0x00000000   Number         0  depilogue.o ABSOLUTE
    ../fplib/microlib/fpfix.c                0x00000000   Number         0  dfixul.o ABSOLUTE
    ../fplib/microlib/fpmul.c                0x00000000   Number         0  dmul.o ABSOLUTE
    ..\..\..\..\..\Libraries\Device\MegaHunt\mhscpu\Source\ARM\startup_mhscpu.s 0x00000000   Number         0  startup_mhscpu.o ABSOLUTE
    ..\..\..\..\..\Libraries\Device\MegaHunt\mhscpu\Source\system_mhscpu.c 0x00000000   Number         0  system_mhscpu.o ABSOLUTE
    ..\..\..\..\..\Libraries\MHSCPU_Driver\src\mhscpu_exti.c 0x00000000   Number         0  mhscpu_exti.o ABSOLUTE
    ..\..\..\..\..\Libraries\MHSCPU_Driver\src\mhscpu_gpio.c 0x00000000   Number         0  mhscpu_gpio.o ABSOLUTE
    ..\..\..\..\..\Libraries\MHSCPU_Driver\src\mhscpu_sysctrl.c 0x00000000   Number         0  mhscpu_sysctrl.o ABSOLUTE
    ..\..\..\..\..\Libraries\MHSCPU_Driver\src\mhscpu_uart.c 0x00000000   Number         0  mhscpu_uart.o ABSOLUTE
    ..\..\..\..\..\Libraries\MHSCPU_Driver\src\misc.c 0x00000000   Number         0  misc.o ABSOLUTE
    ..\..\User\main.c                        0x00000000   Number         0  main.o ABSOLUTE
    ..\..\User\mhscpu_it.c                   0x00000000   Number         0  mhscpu_it.o ABSOLUTE
    ..\\..\\..\\..\\..\\Libraries\\Device\\MegaHunt\\mhscpu\\Source\\system_mhscpu.c 0x00000000   Number         0  system_mhscpu.o ABSOLUTE
    ..\\..\\..\\..\\..\\Libraries\\MHSCPU_Driver\\src\\mhscpu_exti.c 0x00000000   Number         0  mhscpu_exti.o ABSOLUTE
    ..\\..\\..\\..\\..\\Libraries\\MHSCPU_Driver\\src\\mhscpu_gpio.c 0x00000000   Number         0  mhscpu_gpio.o ABSOLUTE
    ..\\..\\..\\..\\..\\Libraries\\MHSCPU_Driver\\src\\mhscpu_sysctrl.c 0x00000000   Number         0  mhscpu_sysctrl.o ABSOLUTE
    ..\\..\\..\\..\\..\\Libraries\\MHSCPU_Driver\\src\\mhscpu_uart.c 0x00000000   Number         0  mhscpu_uart.o ABSOLUTE
    ..\\..\\..\\..\\..\\Libraries\\MHSCPU_Driver\\src\\misc.c 0x00000000   Number         0  misc.o ABSOLUTE
    ..\\..\\User\\main.c                     0x00000000   Number         0  main.o ABSOLUTE
    ..\\..\\User\\mhscpu_it.c                0x00000000   Number         0  mhscpu_it.o ABSOLUTE
    cdrcmple.s                               0x00000000   Number         0  cdrcmple.o ABSOLUTE
    dc.s                                     0x00000000   Number         0  dc.o ABSOLUTE
    handlers.s                               0x00000000   Number         0  handlers.o ABSOLUTE
    init.s                                   0x00000000   Number         0  init.o ABSOLUTE
    RESET                                    0x01001000   Section      272  startup_mhscpu.o(RESET)
    .ARM.Collect$$$$00000000                 0x01001110   Section        0  entry.o(.ARM.Collect$$$$00000000)
    .ARM.Collect$$$$00000001                 0x01001110   Section        4  entry2.o(.ARM.Collect$$$$00000001)
    .ARM.Collect$$$$00000004                 0x01001114   Section        4  entry5.o(.ARM.Collect$$$$00000004)
    .ARM.Collect$$$$00000008                 0x01001118   Section        0  entry7b.o(.ARM.Collect$$$$00000008)
    .ARM.Collect$$$$00000009                 0x01001118   Section        8  entry8.o(.ARM.Collect$$$$00000009)
    .ARM.Collect$$$$00002712                 0x01001120   Section        4  entry2.o(.ARM.Collect$$$$00002712)
    __lit__00000000                          0x01001120   Data           4  entry2.o(.ARM.Collect$$$$00002712)
    .emb_text                                0x01001124   Section       24  mhscpu_sysctrl.o(.emb_text)
    $v0                                      0x01001124   Number         0  mhscpu_sysctrl.o(.emb_text)
    .text                                    0x0100113c   Section        0  main.o(.text)
    .text                                    0x01001698   Section        0  mhscpu_it.o(.text)
    NVIC_ClearPendingIRQ                     0x0100179f   Thumb Code    18  mhscpu_it.o(.text)
    .text                                    0x010018e8   Section       56  startup_mhscpu.o(.text)
    $v0                                      0x010018e8   Number         0  startup_mhscpu.o(.text)
    .text                                    0x01001920   Section        0  misc.o(.text)
    .text                                    0x01001b18   Section        0  mhscpu_uart.o(.text)
    .text                                    0x01001f60   Section        0  mhscpu_gpio.o(.text)
    GPIO_GetGPIONum                          0x01001f61   Thumb Code   104  mhscpu_gpio.o(.text)
    .text                                    0x01002854   Section        0  mhscpu_exti.o(.text)
    .text                                    0x0100297c   Section        0  mhscpu_sysctrl.o(.text)
    .text                                    0x01002ec4   Section        0  system_mhscpu.o(.text)
    .text                                    0x01002ee8   Section        0  memcpya.o(.text)
    .text                                    0x01002f0c   Section        0  uldiv.o(.text)
    .text                                    0x01002f70   Section       36  init.o(.text)
    .text                                    0x01002f94   Section        0  llshl.o(.text)
    .text                                    0x01002fb2   Section        0  llushr.o(.text)
    i.__0printf$8                            0x01002fd4   Section        0  printf8.o(i.__0printf$8)
    i.__scatterload_copy                     0x01002ff4   Section       14  handlers.o(i.__scatterload_copy)
    i.__scatterload_null                     0x01003002   Section        2  handlers.o(i.__scatterload_null)
    i.__scatterload_zeroinit                 0x01003004   Section       14  handlers.o(i.__scatterload_zeroinit)
    i._printf_core                           0x01003014   Section        0  printf8.o(i._printf_core)
    _printf_core                             0x01003015   Thumb Code   996  printf8.o(i._printf_core)
    i._printf_post_padding                   0x01003424   Section        0  printf8.o(i._printf_post_padding)
    _printf_post_padding                     0x01003425   Thumb Code    38  printf8.o(i._printf_post_padding)
    i._printf_pre_padding                    0x0100344a   Section        0  printf8.o(i._printf_pre_padding)
    _printf_pre_padding                      0x0100344b   Thumb Code    48  printf8.o(i._printf_pre_padding)
    .constdata                               0x0100347c   Section       24  mhscpu_gpio.o(.constdata)
    .data                                    0x20000000   Section        4  main.o(.data)
    .data                                    0x20000004   Section        4  system_mhscpu.o(.data)
    .data                                    0x20000008   Section        4  stdout.o(.data)
    .bss                                     0x2000000c   Section       12  mhscpu_gpio.o(.bss)
    GPIO_OD_Mark                             0x2000000c   Data          12  mhscpu_gpio.o(.bss)
    STACK                                    0x20000018   Section    32768  startup_mhscpu.o(STACK)

    Global Symbols

    Symbol Name                              Value     Ov Type        Size  Object(Section)

    BuildAttributes$$THM_ISAv4$E$P$D$K$B$S$7EM$VFPi3$EXTD16$VFPS$VFMA$PE$A:L22UL41UL21$X:L11$S22US41US21$IEEE1$IW$USESV6$~STKCKD$USESV7$~SHL$OSPACE$ROPI$EBA8$MICROLIB$REQ8$PRES8$EABIv2 0x00000000   Number         0  anon$$obj.o ABSOLUTE
    __ARM_use_no_argv                        0x00000000   Number         0  main.o ABSOLUTE
    _printf_a                                0x00000000   Number         0  stubs.o ABSOLUTE
    _printf_c                                0x00000000   Number         0  stubs.o ABSOLUTE
    _printf_charcount                        0x00000000   Number         0  stubs.o ABSOLUTE
    _printf_d                                0x00000000   Number         0  stubs.o ABSOLUTE
    _printf_e                                0x00000000   Number         0  stubs.o ABSOLUTE
    _printf_f                                0x00000000   Number         0  stubs.o ABSOLUTE
    _printf_flags                            0x00000000   Number         0  stubs.o ABSOLUTE
    _printf_fp_dec                           0x00000000   Number         0  stubs.o ABSOLUTE
    _printf_fp_hex                           0x00000000   Number         0  stubs.o ABSOLUTE
    _printf_g                                0x00000000   Number         0  stubs.o ABSOLUTE
    _printf_i                                0x00000000   Number         0  stubs.o ABSOLUTE
    _printf_int_dec                          0x00000000   Number         0  stubs.o ABSOLUTE
    _printf_l                                0x00000000   Number         0  stubs.o ABSOLUTE
    _printf_lc                               0x00000000   Number         0  stubs.o ABSOLUTE
    _printf_ll                               0x00000000   Number         0  stubs.o ABSOLUTE
    _printf_lld                              0x00000000   Number         0  stubs.o ABSOLUTE
    _printf_lli                              0x00000000   Number         0  stubs.o ABSOLUTE
    _printf_llo                              0x00000000   Number         0  stubs.o ABSOLUTE
    _printf_llu                              0x00000000   Number         0  stubs.o ABSOLUTE
    _printf_llx                              0x00000000   Number         0  stubs.o ABSOLUTE
    _printf_longlong_dec                     0x00000000   Number         0  stubs.o ABSOLUTE
    _printf_longlong_hex                     0x00000000   Number         0  stubs.o ABSOLUTE
    _printf_longlong_oct                     0x00000000   Number         0  stubs.o ABSOLUTE
    _printf_ls                               0x00000000   Number         0  stubs.o ABSOLUTE
    _printf_mbtowc                           0x00000000   Number         0  stubs.o ABSOLUTE
    _printf_n                                0x00000000   Number         0  stubs.o ABSOLUTE
    _printf_o                                0x00000000   Number         0  stubs.o ABSOLUTE
    _printf_p                                0x00000000   Number         0  stubs.o ABSOLUTE
    _printf_percent                          0x00000000   Number         0  stubs.o ABSOLUTE
    _printf_pre_padding                      0x00000000   Number         0  stubs.o ABSOLUTE
    _printf_return_value                     0x00000000   Number         0  stubs.o ABSOLUTE
    _printf_s                                0x00000000   Number         0  stubs.o ABSOLUTE
    _printf_sizespec                         0x00000000   Number         0  stubs.o ABSOLUTE
    _printf_str                              0x00000000   Number         0  stubs.o ABSOLUTE
    _printf_truncate_signed                  0x00000000   Number         0  stubs.o ABSOLUTE
    _printf_truncate_unsigned                0x00000000   Number         0  stubs.o ABSOLUTE
    _printf_u                                0x00000000   Number         0  stubs.o ABSOLUTE
    _printf_wc                               0x00000000   Number         0  stubs.o ABSOLUTE
    _printf_wctomb                           0x00000000   Number         0  stubs.o ABSOLUTE
    _printf_widthprec                        0x00000000   Number         0  stubs.o ABSOLUTE
    _printf_x                                0x00000000   Number         0  stubs.o ABSOLUTE
    __decompress                              - Undefined Weak Reference
    _clock_init                               - Undefined Weak Reference
    __Vectors_Size                           0x00000110   Number         0  startup_mhscpu.o ABSOLUTE
    __Vectors                                0x01001000   Data           4  startup_mhscpu.o(RESET)
    __Vectors_End                            0x01001110   Data           0  startup_mhscpu.o(RESET)
    __main                                   0x01001111   Thumb Code     0  entry.o(.ARM.Collect$$$$00000000)
    _main_stk                                0x01001111   Thumb Code     0  entry2.o(.ARM.Collect$$$$00000001)
    _main_scatterload                        0x01001115   Thumb Code     0  entry5.o(.ARM.Collect$$$$00000004)
    __main_after_scatterload                 0x01001119   Thumb Code     0  entry5.o(.ARM.Collect$$$$00000004)
    _main_clock                              0x01001119   Thumb Code     0  entry7b.o(.ARM.Collect$$$$00000008)
    _main_init                               0x01001119   Thumb Code     0  entry8.o(.ARM.Collect$$$$00000009)
    __asm___16_mhscpu_sysctrl_c_220ebcab__SYSCTRL_Sleep 0x01001125   Thumb Code    24  mhscpu_sysctrl.o(.emb_text)
    EXTI_PrintfMenu                          0x0100113d   Thumb Code    76  main.o(.text)
    GetCmd                                   0x01001189   Thumb Code    28  main.o(.text)
    NVIC_Configuration                       0x010011a5   Thumb Code   110  main.o(.text)
    UART_Configuration                       0x01001213   Thumb Code    38  main.o(.text)
    main                                     0x01001239   Thumb Code   444  main.o(.text)
    SER_PutChar                              0x010013f5   Thumb Code    28  main.o(.text)
    fputc                                    0x01001411   Thumb Code   644  main.o(.text)
    assert_failed                            0x01001695   Thumb Code     4  main.o(.text)
    NMI_Handler                              0x01001699   Thumb Code     2  mhscpu_it.o(.text)
    HardFault_Handler                        0x0100169b   Thumb Code     4  mhscpu_it.o(.text)
    MemManage_Handler                        0x0100169f   Thumb Code     4  mhscpu_it.o(.text)
    BusFault_Handler                         0x010016a3   Thumb Code     4  mhscpu_it.o(.text)
    UsageFault_Handler                       0x010016a7   Thumb Code     4  mhscpu_it.o(.text)
    SVC_Handler                              0x010016ab   Thumb Code     2  mhscpu_it.o(.text)
    DebugMon_Handler                         0x010016ad   Thumb Code     2  mhscpu_it.o(.text)
    PendSV_Handler                           0x010016af   Thumb Code     2  mhscpu_it.o(.text)
    SysTick_Handler                          0x010016b1   Thumb Code    10  mhscpu_it.o(.text)
    EXTI0_IRQHandler                         0x010016bb   Thumb Code    38  mhscpu_it.o(.text)
    EXTI1_IRQHandler                         0x010016e1   Thumb Code    38  mhscpu_it.o(.text)
    EXTI2_IRQHandler                         0x01001707   Thumb Code    38  mhscpu_it.o(.text)
    EXTI3_IRQHandler                         0x0100172d   Thumb Code    38  mhscpu_it.o(.text)
    EXTI4_IRQHandler                         0x01001753   Thumb Code    38  mhscpu_it.o(.text)
    EXTI5_IRQHandler                         0x01001779   Thumb Code    38  mhscpu_it.o(.text)
    Reset_Handler                            0x010018e9   Thumb Code    18  startup_mhscpu.o(.text)
    ADC0_IRQHandler                          0x0100190f   Thumb Code     0  startup_mhscpu.o(.text)
    AWD_IRQHandler                           0x0100190f   Thumb Code     0  startup_mhscpu.o(.text)
    CRYPT0_IRQHandler                        0x0100190f   Thumb Code     0  startup_mhscpu.o(.text)
    DAC_IRQHandler                           0x0100190f   Thumb Code     0  startup_mhscpu.o(.text)
    DCMI_IRQHandler                          0x0100190f   Thumb Code     0  startup_mhscpu.o(.text)
    DMA0_IRQHandler                          0x0100190f   Thumb Code     0  startup_mhscpu.o(.text)
    GPU_IRQHandler                           0x0100190f   Thumb Code     0  startup_mhscpu.o(.text)
    I2C0_IRQHandler                          0x0100190f   Thumb Code     0  startup_mhscpu.o(.text)
    KEYBOARD_IRQHandler                      0x0100190f   Thumb Code     0  startup_mhscpu.o(.text)
    LCD_IRQHandler                           0x0100190f   Thumb Code     0  startup_mhscpu.o(.text)
    MSR_IRQHandler                           0x0100190f   Thumb Code     0  startup_mhscpu.o(.text)
    QR_IRQHandler                            0x0100190f   Thumb Code     0  startup_mhscpu.o(.text)
    QSPI_IRQHandler                          0x0100190f   Thumb Code     0  startup_mhscpu.o(.text)
    RTC_IRQHandler                           0x0100190f   Thumb Code     0  startup_mhscpu.o(.text)
    SCI0_IRQHandler                          0x0100190f   Thumb Code     0  startup_mhscpu.o(.text)
    SCI2_IRQHandler                          0x0100190f   Thumb Code     0  startup_mhscpu.o(.text)
    SENSOR_IRQHandler                        0x0100190f   Thumb Code     0  startup_mhscpu.o(.text)
    SPI0_IRQHandler                          0x0100190f   Thumb Code     0  startup_mhscpu.o(.text)
    SPI1_IRQHandler                          0x0100190f   Thumb Code     0  startup_mhscpu.o(.text)
    SPI2_IRQHandler                          0x0100190f   Thumb Code     0  startup_mhscpu.o(.text)
    SPI5_IRQHandler                          0x0100190f   Thumb Code     0  startup_mhscpu.o(.text)
    SSC_IRQHandler                           0x0100190f   Thumb Code     0  startup_mhscpu.o(.text)
    TIM0_0_IRQHandler                        0x0100190f   Thumb Code     0  startup_mhscpu.o(.text)
    TIM0_1_IRQHandler                        0x0100190f   Thumb Code     0  startup_mhscpu.o(.text)
    TIM0_2_IRQHandler                        0x0100190f   Thumb Code     0  startup_mhscpu.o(.text)
    TIM0_3_IRQHandler                        0x0100190f   Thumb Code     0  startup_mhscpu.o(.text)
    TIM0_4_IRQHandler                        0x0100190f   Thumb Code     0  startup_mhscpu.o(.text)
    TIM0_5_IRQHandler                        0x0100190f   Thumb Code     0  startup_mhscpu.o(.text)
    TIM0_6_IRQHandler                        0x0100190f   Thumb Code     0  startup_mhscpu.o(.text)
    TIM0_7_IRQHandler                        0x0100190f   Thumb Code     0  startup_mhscpu.o(.text)
    TRNG_IRQHandler                          0x0100190f   Thumb Code     0  startup_mhscpu.o(.text)
    UART0_IRQHandler                         0x0100190f   Thumb Code     0  startup_mhscpu.o(.text)
    UART1_IRQHandler                         0x0100190f   Thumb Code     0  startup_mhscpu.o(.text)
    UART2_IRQHandler                         0x0100190f   Thumb Code     0  startup_mhscpu.o(.text)
    UART3_IRQHandler                         0x0100190f   Thumb Code     0  startup_mhscpu.o(.text)
    USBDMA_IRQHandler                        0x0100190f   Thumb Code     0  startup_mhscpu.o(.text)
    USB_IRQHandler                           0x0100190f   Thumb Code     0  startup_mhscpu.o(.text)
    NVIC_PriorityGroupConfig                 0x01001921   Thumb Code    40  misc.o(.text)
    NVIC_Init                                0x01001949   Thumb Code   266  misc.o(.text)
    NVIC_SetVectorTable                      0x01001a53   Thumb Code    60  misc.o(.text)
    SysTick_CLKSourceConfig                  0x01001a8f   Thumb Code    62  misc.o(.text)
    UART_DeInit                              0x01001b19   Thumb Code   102  mhscpu_uart.o(.text)
    UART_Init                                0x01001b7f   Thumb Code   214  mhscpu_uart.o(.text)
    UART_StructInit                          0x01001c55   Thumb Code    18  mhscpu_uart.o(.text)
    UART_ITConfig                            0x01001c67   Thumb Code    18  mhscpu_uart.o(.text)
    UART_SendData                            0x01001c79   Thumb Code     4  mhscpu_uart.o(.text)
    UART_ReceiveData                         0x01001c7d   Thumb Code     8  mhscpu_uart.o(.text)
    UART_AutoFlowCtrlCmd                     0x01001c85   Thumb Code    22  mhscpu_uart.o(.text)
    UART_SetDTR                              0x01001c9b   Thumb Code    10  mhscpu_uart.o(.text)
    UART_ResetDTR                            0x01001ca5   Thumb Code    10  mhscpu_uart.o(.text)
    UART_SetRTS                              0x01001caf   Thumb Code    10  mhscpu_uart.o(.text)
    UART_ResetRTS                            0x01001cb9   Thumb Code    10  mhscpu_uart.o(.text)
    UART_FIFOInit                            0x01001cc3   Thumb Code   124  mhscpu_uart.o(.text)
    UART_FIFOStructInit                      0x01001d3f   Thumb Code    20  mhscpu_uart.o(.text)
    UART_FIFOReset                           0x01001d53   Thumb Code    26  mhscpu_uart.o(.text)
    UART_FIFOCmd                             0x01001d6d   Thumb Code    30  mhscpu_uart.o(.text)
    UART_GetLineStatus                       0x01001d8b   Thumb Code     6  mhscpu_uart.o(.text)
    UART_GetModemStatus                      0x01001d91   Thumb Code     6  mhscpu_uart.o(.text)
    UART_GetITIdentity                       0x01001d97   Thumb Code     6  mhscpu_uart.o(.text)
    UART_IsRXFIFOError                       0x01001d9d   Thumb Code    18  mhscpu_uart.o(.text)
    UART_IsRXFramingError                    0x01001daf   Thumb Code    18  mhscpu_uart.o(.text)
    UART_IsRXParityError                     0x01001dc1   Thumb Code    18  mhscpu_uart.o(.text)
    UART_IsRXOverrunError                    0x01001dd3   Thumb Code    18  mhscpu_uart.o(.text)
    UART_IsRXReceived                        0x01001de5   Thumb Code    18  mhscpu_uart.o(.text)
    UART_IsTXEmpty                           0x01001df7   Thumb Code    18  mhscpu_uart.o(.text)
    UART_IsTXHoldingRegisterEmpty            0x01001e09   Thumb Code    18  mhscpu_uart.o(.text)
    UART_IsTXFIFOTrigger                     0x01001e1b   Thumb Code    18  mhscpu_uart.o(.text)
    UART_IsRXFIFOFull                        0x01001e2d   Thumb Code    18  mhscpu_uart.o(.text)
    UART_IsRXFIFONotEmpty                    0x01001e3f   Thumb Code    18  mhscpu_uart.o(.text)
    UART_IsTXFIFOEmpty                       0x01001e51   Thumb Code    18  mhscpu_uart.o(.text)
    UART_IsTXFIFONotFull                     0x01001e63   Thumb Code    18  mhscpu_uart.o(.text)
    UART_IsBusy                              0x01001e75   Thumb Code    18  mhscpu_uart.o(.text)
    UART_DMAGenerateSoftAck                  0x01001e87   Thumb Code    14  mhscpu_uart.o(.text)
    UART_TXHaltCmd                           0x01001e95   Thumb Code    30  mhscpu_uart.o(.text)
    UART_FIFOAccessModeCmd                   0x01001eb3   Thumb Code    22  mhscpu_uart.o(.text)
    UART_FIFOTxRead                          0x01001ec9   Thumb Code     8  mhscpu_uart.o(.text)
    UART_IrDACmd                             0x01001ed1   Thumb Code   128  mhscpu_uart.o(.text)
    UART_SendBreak                           0x01001f51   Thumb Code    14  mhscpu_uart.o(.text)
    GPIO_DeInit                              0x01001fc9   Thumb Code    12  mhscpu_gpio.o(.text)
    GPIO_PinRemapConfig                      0x01001fd5   Thumb Code   258  mhscpu_gpio.o(.text)
    GPIO_Init                                0x010020d7   Thumb Code   340  mhscpu_gpio.o(.text)
    GPIO_StructInit                          0x0100222b   Thumb Code    14  mhscpu_gpio.o(.text)
    GPIO_ReadInputDataBit                    0x01002239   Thumb Code   168  mhscpu_gpio.o(.text)
    GPIO_ReadInputData                       0x010022e1   Thumb Code    14  mhscpu_gpio.o(.text)
    GPIO_ReadOutputDataBit                   0x010022ef   Thumb Code   246  mhscpu_gpio.o(.text)
    GPIO_ReadOutputData                      0x010023e5   Thumb Code     8  mhscpu_gpio.o(.text)
    GPIO_SetBits                             0x010023ed   Thumb Code   222  mhscpu_gpio.o(.text)
    GPIO_ResetBits                           0x010024cb   Thumb Code   224  mhscpu_gpio.o(.text)
    GPIO_Write                               0x010025ab   Thumb Code   170  mhscpu_gpio.o(.text)
    GPIO_PullUpCmd                           0x01002655   Thumb Code   106  mhscpu_gpio.o(.text)
    GPIO_WakeEvenDeInit                      0x010026bf   Thumb Code    10  mhscpu_gpio.o(.text)
    GPIO_WakeEvenConfig                      0x010026c9   Thumb Code   340  mhscpu_gpio.o(.text)
    GPIO_WakeModeConfig                      0x0100281d   Thumb Code    44  mhscpu_gpio.o(.text)
    EXTI_DeInit                              0x01002855   Thumb Code    30  mhscpu_exti.o(.text)
    EXTI_LineConfig                          0x01002873   Thumb Code   146  mhscpu_exti.o(.text)
    EXTI_GetITStatus                         0x01002905   Thumb Code    24  mhscpu_exti.o(.text)
    EXTI_GetITLineStatus                     0x0100291d   Thumb Code    12  mhscpu_exti.o(.text)
    EXTI_ClearITPendingBit                   0x01002929   Thumb Code    14  mhscpu_exti.o(.text)
    SYSCTRL_AHBPeriphClockCmd                0x0100297d   Thumb Code    66  mhscpu_sysctrl.o(.text)
    SYSCTRL_APBPeriphClockCmd                0x010029bf   Thumb Code    66  mhscpu_sysctrl.o(.text)
    SYSCTRL_AHBPeriphResetCmd                0x01002a01   Thumb Code    92  mhscpu_sysctrl.o(.text)
    SYSCTRL_APBPeriphResetCmd                0x01002a5d   Thumb Code    66  mhscpu_sysctrl.o(.text)
    SYSCTRL_EnterSleep                       0x01002a9f   Thumb Code    90  mhscpu_sysctrl.o(.text)
    SYSCTRL_SYSCLKSourceSelect               0x01002af9   Thumb Code    60  mhscpu_sysctrl.o(.text)
    SYSCTRL_PLLConfig                        0x01002b35   Thumb Code   234  mhscpu_sysctrl.o(.text)
    SYSCTRL_PLLDivConfig                     0x01002c1f   Thumb Code    92  mhscpu_sysctrl.o(.text)
    SYSCTRL_GetClocksFreq                    0x01002c7b   Thumb Code   376  mhscpu_sysctrl.o(.text)
    SYSCTRL_HCLKConfig                       0x01002df3   Thumb Code    90  mhscpu_sysctrl.o(.text)
    SYSCTRL_PCLKConfig                       0x01002e4d   Thumb Code    70  mhscpu_sysctrl.o(.text)
    SYSCTRL_GetChipSN                        0x01002e93   Thumb Code    24  mhscpu_sysctrl.o(.text)
    SYSCTRL_SoftReset                        0x01002eab   Thumb Code    12  mhscpu_sysctrl.o(.text)
    SystemCoreClockUpdate                    0x01002ec5   Thumb Code     8  system_mhscpu.o(.text)
    SystemInit                               0x01002ecd   Thumb Code    14  system_mhscpu.o(.text)
    __aeabi_memcpy                           0x01002ee9   Thumb Code    36  memcpya.o(.text)
    __aeabi_memcpy4                          0x01002ee9   Thumb Code     0  memcpya.o(.text)
    __aeabi_memcpy8                          0x01002ee9   Thumb Code     0  memcpya.o(.text)
    __aeabi_uldivmod                         0x01002f0d   Thumb Code    98  uldiv.o(.text)
    __scatterload                            0x01002f71   Thumb Code    28  init.o(.text)
    __scatterload_rt2                        0x01002f71   Thumb Code     0  init.o(.text)
    __aeabi_llsl                             0x01002f95   Thumb Code    30  llshl.o(.text)
    _ll_shift_l                              0x01002f95   Thumb Code     0  llshl.o(.text)
    __aeabi_llsr                             0x01002fb3   Thumb Code    32  llushr.o(.text)
    _ll_ushift_r                             0x01002fb3   Thumb Code     0  llushr.o(.text)
    __0printf$8                              0x01002fd5   Thumb Code    22  printf8.o(i.__0printf$8)
    __1printf$8                              0x01002fd5   Thumb Code     0  printf8.o(i.__0printf$8)
    __2printf                                0x01002fd5   Thumb Code     0  printf8.o(i.__0printf$8)
    __scatterload_copy                       0x01002ff5   Thumb Code    14  handlers.o(i.__scatterload_copy)
    __scatterload_null                       0x01003003   Thumb Code     2  handlers.o(i.__scatterload_null)
    __scatterload_zeroinit                   0x01003005   Thumb Code    14  handlers.o(i.__scatterload_zeroinit)
    Region$$Table$$Base                      0x01003494   Number         0  anon$$obj.o(Region$$Table)
    Region$$Table$$Limit                     0x010034b4   Number         0  anon$$obj.o(Region$$Table)
    EXTI_Line                                0x20000000   Data           4  main.o(.data)
    SystemCoreClock                          0x20000004   Data           4  system_mhscpu.o(.data)
    __stdout                                 0x20000008   Data           4  stdout.o(.data)
    __initial_sp                             0x20008018   Data           0  startup_mhscpu.o(STACK)



==============================================================================

Memory Map of the image

  Image Entry point : 0x01001111

  Load Region LR_IROM1 (Base: 0x01001000, Size: 0x000024c0, Max: 0x00004000, ABSOLUTE)

    Execution Region ER_IROM1 (Base: 0x01001000, Size: 0x000024b4, Max: 0x00004000, ABSOLUTE)

    Base Addr    Size         Type   Attr      Idx    E Section Name        Object

    0x01001000   0x00000110   Data   RO          128    RESET               startup_mhscpu.o
    0x01001110   0x00000000   Code   RO          274  * .ARM.Collect$$$$00000000  mc_w.l(entry.o)
    0x01001110   0x00000004   Code   RO          542    .ARM.Collect$$$$00000001  mc_w.l(entry2.o)
    0x01001114   0x00000004   Code   RO          545    .ARM.Collect$$$$00000004  mc_w.l(entry5.o)
    0x01001118   0x00000000   Code   RO          547    .ARM.Collect$$$$00000008  mc_w.l(entry7b.o)
    0x01001118   0x00000008   Code   RO          548    .ARM.Collect$$$$00000009  mc_w.l(entry8.o)
    0x01001120   0x00000004   Code   RO          543    .ARM.Collect$$$$00002712  mc_w.l(entry2.o)
    0x01001124   0x00000018   Code   RO          226    .emb_text           mhscpu_sysctrl.o
    0x0100113c   0x0000055c   Code   RO            3    .text               main.o
    0x01001698   0x00000250   Code   RO          101    .text               mhscpu_it.o
    0x010018e8   0x00000038   Code   RO          129    .text               startup_mhscpu.o
    0x01001920   0x000001f8   Code   RO          135    .text               misc.o
    0x01001b18   0x00000446   Code   RO          159    .text               mhscpu_uart.o
    0x01001f5e   0x00000002   PAD
    0x01001f60   0x000008f4   Code   RO          183    .text               mhscpu_gpio.o
    0x01002854   0x00000128   Code   RO          206    .text               mhscpu_exti.o
    0x0100297c   0x00000548   Code   RO          227    .text               mhscpu_sysctrl.o
    0x01002ec4   0x00000024   Code   RO          250    .text               system_mhscpu.o
    0x01002ee8   0x00000024   Code   RO          277    .text               mc_w.l(memcpya.o)
    0x01002f0c   0x00000062   Code   RO          552    .text               mc_w.l(uldiv.o)
    0x01002f6e   0x00000002   PAD
    0x01002f70   0x00000024   Code   RO          565    .text               mc_w.l(init.o)
    0x01002f94   0x0000001e   Code   RO          567    .text               mc_w.l(llshl.o)
    0x01002fb2   0x00000020   Code   RO          569    .text               mc_w.l(llushr.o)
    0x01002fd2   0x00000002   PAD
    0x01002fd4   0x00000020   Code   RO          488    i.__0printf$8       mc_w.l(printf8.o)
    0x01002ff4   0x0000000e   Code   RO          577    i.__scatterload_copy  mc_w.l(handlers.o)
    0x01003002   0x00000002   Code   RO          578    i.__scatterload_null  mc_w.l(handlers.o)
    0x01003004   0x0000000e   Code   RO          579    i.__scatterload_zeroinit  mc_w.l(handlers.o)
    0x01003012   0x00000002   PAD
    0x01003014   0x00000410   Code   RO          495    i._printf_core      mc_w.l(printf8.o)
    0x01003424   0x00000026   Code   RO          496    i._printf_post_padding  mc_w.l(printf8.o)
    0x0100344a   0x00000030   Code   RO          497    i._printf_pre_padding  mc_w.l(printf8.o)
    0x0100347a   0x00000002   PAD
    0x0100347c   0x00000018   Data   RO          185    .constdata          mhscpu_gpio.o
    0x01003494   0x00000020   Data   RO          575    Region$$Table       anon$$obj.o


    Execution Region RW_IRAM1 (Base: 0x20000000, Size: 0x00008018, Max: 0x00010000, ABSOLUTE)

    Base Addr    Size         Type   Attr      Idx    E Section Name        Object

    0x20000000   0x00000004   Data   RW            4    .data               main.o
    0x20000004   0x00000004   Data   RW          251    .data               system_mhscpu.o
    0x20000008   0x00000004   Data   RW          549    .data               mc_w.l(stdout.o)
    0x2000000c   0x0000000c   Zero   RW          184    .bss                mhscpu_gpio.o
    0x20000018   0x00008000   Zero   RW          126    STACK               startup_mhscpu.o


==============================================================================

Image component sizes


      Code (inc. data)   RO Data    RW Data    ZI Data      Debug   Object Name

      1372        620          0          4          0      94279   main.o
       296         70          0          0          0       1647   mhscpu_exti.o
      2292        130         24          0         12       6058   mhscpu_gpio.o
       592        312          0          0          0      28843   mhscpu_it.o
      1376        142          0          0          0       4623   mhscpu_sysctrl.o
      1094         82          0          0          0       8200   mhscpu_uart.o
       504         76          0          0          0      28920   misc.o
        56         18        272          0      32768        952   startup_mhscpu.o
        36         14          0          4          0       1001   system_mhscpu.o

    ----------------------------------------------------------------------
      7620       1464        328          8      32780     174523   Object Totals
         0          0         32          0          0          0   (incl. Generated)
         2          0          0          0          0          0   (incl. Padding)

    ----------------------------------------------------------------------

      Code (inc. data)   RO Data    RW Data    ZI Data      Debug   Library Member Name

         0          0          0          0          0          0   entry.o
         8          4          0          0          0          0   entry2.o
         4          0          0          0          0          0   entry5.o
         0          0          0          0          0          0   entry7b.o
         8          4          0          0          0          0   entry8.o
        30          0          0          0          0          0   handlers.o
        36          8          0          0          0         68   init.o
        30          0          0          0          0         68   llshl.o
        32          0          0          0          0         68   llushr.o
        36          0          0          0          0         68   memcpya.o
      1158         54          0          0          0        352   printf8.o
         0          0          0          4          0          0   stdout.o
        98          0          0          0          0         92   uldiv.o

    ----------------------------------------------------------------------
      1448         70          0          4          0        716   Library Totals
         8          0          0          0          0          0   (incl. Padding)

    ----------------------------------------------------------------------

      Code (inc. data)   RO Data    RW Data    ZI Data      Debug   Library Name

      1440         70          0          4          0        716   mc_w.l

    ----------------------------------------------------------------------
      1448         70          0          4          0        716   Library Totals

    ----------------------------------------------------------------------

==============================================================================


      Code (inc. data)   RO Data    RW Data    ZI Data      Debug   

      9068       1534        328         12      32780     173527   Grand Totals
      9068       1534        328         12      32780     173527   ELF Image Totals
      9068       1534        328         12          0          0   ROM Totals

==============================================================================

    Total RO  Size (Code + RO Data)                 9396 (   9.18kB)
    Total RW  Size (RW Data + ZI Data)             32792 (  32.02kB)
    Total ROM Size (Code + RO Data + RW Data)       9408 (   9.19kB)

==============================================================================

